<?xml version="1.0" encoding="ISO-8859-1" ?>
<link_info>
   <banner>TMS320C2000 Linker PC v18.1.4.LTS</banner>
   <copyright>Copyright (c) 1996-2018 Texas Instruments Incorporated</copyright>
   <link_time>0x6054201d</link_time>
   <link_errors>0x0</link_errors>
   <output_file>ELEX7890_CAPSTONE_NIBSMD.out</output_file>
   <entry_point>
      <name>_c_int00</name>
      <address>0x3f6c74</address>
   </entry_point>
   <input_file_list>
      <input_file id="fl-2">
         <path>.\</path>
         <kind>object</kind>
         <file>ELEX7890_main.obj</file>
         <name>ELEX7890_main.obj</name>
      </input_file>
      <input_file id="fl-3">
         <path>.\</path>
         <kind>object</kind>
         <file>F28027_I2C_LCD.obj</file>
         <name>F28027_I2C_LCD.obj</name>
      </input_file>
      <input_file id="fl-4">
         <path>.\</path>
         <kind>object</kind>
         <file>NAU7802_ADC.obj</file>
         <name>NAU7802_ADC.obj</name>
      </input_file>
      <input_file id="fl-a">
         <kind>object</kind>
         <file>&lt;internal&gt;</file>
         <name>&lt;internal&gt;</name>
      </input_file>
      <input_file id="fl-b">
         <path>..\</path>
         <kind>archive</kind>
         <file>driverlib.lib</file>
         <name>F2802xX_GlobalVariableDefs.obj</name>
      </input_file>
      <input_file id="fl-c">
         <path>..\</path>
         <kind>archive</kind>
         <file>driverlib.lib</file>
         <name>clk.obj</name>
      </input_file>
      <input_file id="fl-d">
         <path>..\</path>
         <kind>archive</kind>
         <file>driverlib.lib</file>
         <name>cpu.obj</name>
      </input_file>
      <input_file id="fl-e">
         <path>..\</path>
         <kind>archive</kind>
         <file>driverlib.lib</file>
         <name>f2802xx_asmfuncs.obj</name>
      </input_file>
      <input_file id="fl-f">
         <path>..\</path>
         <kind>archive</kind>
         <file>driverlib.lib</file>
         <name>flash.obj</name>
      </input_file>
      <input_file id="fl-10">
         <path>..\</path>
         <kind>archive</kind>
         <file>driverlib.lib</file>
         <name>gpio.obj</name>
      </input_file>
      <input_file id="fl-11">
         <path>..\</path>
         <kind>archive</kind>
         <file>driverlib.lib</file>
         <name>pie.obj</name>
      </input_file>
      <input_file id="fl-12">
         <path>..\</path>
         <kind>archive</kind>
         <file>driverlib.lib</file>
         <name>pll.obj</name>
      </input_file>
      <input_file id="fl-13">
         <path>..\</path>
         <kind>archive</kind>
         <file>driverlib.lib</file>
         <name>wdog.obj</name>
      </input_file>
      <input_file id="fl-14">
         <path>..\</path>
         <kind>archive</kind>
         <file>driverlib.lib</file>
         <name>f2802xx_defaultisr.obj</name>
      </input_file>
      <input_file id="fl-20">
         <path>C:\ti\ccsv8\tools\compiler\ti-cgt-c2000_18.1.4.LTS\lib\</path>
         <kind>archive</kind>
         <file>rts2800_ml.lib</file>
         <name>e_powf.c.obj</name>
      </input_file>
      <input_file id="fl-21">
         <path>C:\ti\ccsv8\tools\compiler\ti-cgt-c2000_18.1.4.LTS\lib\</path>
         <kind>archive</kind>
         <file>rts2800_ml.lib</file>
         <name>e_sqrtf.c.obj</name>
      </input_file>
      <input_file id="fl-22">
         <path>C:\ti\ccsv8\tools\compiler\ti-cgt-c2000_18.1.4.LTS\lib\</path>
         <kind>archive</kind>
         <file>rts2800_ml.lib</file>
         <name>s_scalbnf.c.obj</name>
      </input_file>
      <input_file id="fl-23">
         <path>C:\ti\ccsv8\tools\compiler\ti-cgt-c2000_18.1.4.LTS\lib\</path>
         <kind>archive</kind>
         <file>rts2800_ml.lib</file>
         <name>boot28.asm.obj</name>
      </input_file>
      <input_file id="fl-24">
         <path>C:\ti\ccsv8\tools\compiler\ti-cgt-c2000_18.1.4.LTS\lib\</path>
         <kind>archive</kind>
         <file>rts2800_ml.lib</file>
         <name>fd_div28.asm.obj</name>
      </input_file>
      <input_file id="fl-25">
         <path>C:\ti\ccsv8\tools\compiler\ti-cgt-c2000_18.1.4.LTS\lib\</path>
         <kind>archive</kind>
         <file>rts2800_ml.lib</file>
         <name>fd_mpy28.asm.obj</name>
      </input_file>
      <input_file id="fl-26">
         <path>C:\ti\ccsv8\tools\compiler\ti-cgt-c2000_18.1.4.LTS\lib\</path>
         <kind>archive</kind>
         <file>rts2800_ml.lib</file>
         <name>fd_sub28.asm.obj</name>
      </input_file>
      <input_file id="fl-27">
         <path>C:\ti\ccsv8\tools\compiler\ti-cgt-c2000_18.1.4.LTS\lib\</path>
         <kind>archive</kind>
         <file>rts2800_ml.lib</file>
         <name>fd_toul28.asm.obj</name>
      </input_file>
      <input_file id="fl-28">
         <path>C:\ti\ccsv8\tools\compiler\ti-cgt-c2000_18.1.4.LTS\lib\</path>
         <kind>archive</kind>
         <file>rts2800_ml.lib</file>
         <name>fs_add28.asm.obj</name>
      </input_file>
      <input_file id="fl-29">
         <path>C:\ti\ccsv8\tools\compiler\ti-cgt-c2000_18.1.4.LTS\lib\</path>
         <kind>archive</kind>
         <file>rts2800_ml.lib</file>
         <name>fs_cmp28.asm.obj</name>
      </input_file>
      <input_file id="fl-2a">
         <path>C:\ti\ccsv8\tools\compiler\ti-cgt-c2000_18.1.4.LTS\lib\</path>
         <kind>archive</kind>
         <file>rts2800_ml.lib</file>
         <name>fs_div28.asm.obj</name>
      </input_file>
      <input_file id="fl-2b">
         <path>C:\ti\ccsv8\tools\compiler\ti-cgt-c2000_18.1.4.LTS\lib\</path>
         <kind>archive</kind>
         <file>rts2800_ml.lib</file>
         <name>fs_mpy28.asm.obj</name>
      </input_file>
      <input_file id="fl-2c">
         <path>C:\ti\ccsv8\tools\compiler\ti-cgt-c2000_18.1.4.LTS\lib\</path>
         <kind>archive</kind>
         <file>rts2800_ml.lib</file>
         <name>fs_neg28.asm.obj</name>
      </input_file>
      <input_file id="fl-2d">
         <path>C:\ti\ccsv8\tools\compiler\ti-cgt-c2000_18.1.4.LTS\lib\</path>
         <kind>archive</kind>
         <file>rts2800_ml.lib</file>
         <name>fs_toi28.asm.obj</name>
      </input_file>
      <input_file id="fl-2e">
         <path>C:\ti\ccsv8\tools\compiler\ti-cgt-c2000_18.1.4.LTS\lib\</path>
         <kind>archive</kind>
         <file>rts2800_ml.lib</file>
         <name>i_div28.asm.obj</name>
      </input_file>
      <input_file id="fl-2f">
         <path>C:\ti\ccsv8\tools\compiler\ti-cgt-c2000_18.1.4.LTS\lib\</path>
         <kind>archive</kind>
         <file>rts2800_ml.lib</file>
         <name>i_tofs28.asm.obj</name>
      </input_file>
      <input_file id="fl-30">
         <path>C:\ti\ccsv8\tools\compiler\ti-cgt-c2000_18.1.4.LTS\lib\</path>
         <kind>archive</kind>
         <file>rts2800_ml.lib</file>
         <name>u_tofd28.asm.obj</name>
      </input_file>
      <input_file id="fl-31">
         <path>C:\ti\ccsv8\tools\compiler\ti-cgt-c2000_18.1.4.LTS\lib\</path>
         <kind>archive</kind>
         <file>rts2800_ml.lib</file>
         <name>l_tofs28.asm.obj</name>
      </input_file>
      <input_file id="fl-32">
         <path>C:\ti\ccsv8\tools\compiler\ti-cgt-c2000_18.1.4.LTS\lib\</path>
         <kind>archive</kind>
         <file>rts2800_ml.lib</file>
         <name>ul_tofs28.asm.obj</name>
      </input_file>
      <input_file id="fl-33">
         <path>C:\ti\ccsv8\tools\compiler\ti-cgt-c2000_18.1.4.LTS\lib\</path>
         <kind>archive</kind>
         <file>rts2800_ml.lib</file>
         <name>cpy_tbl.c.obj</name>
      </input_file>
      <input_file id="fl-34">
         <path>C:\ti\ccsv8\tools\compiler\ti-cgt-c2000_18.1.4.LTS\lib\</path>
         <kind>archive</kind>
         <file>rts2800_ml.lib</file>
         <name>memcpy.c.obj</name>
      </input_file>
      <input_file id="fl-35">
         <path>C:\ti\ccsv8\tools\compiler\ti-cgt-c2000_18.1.4.LTS\lib\</path>
         <kind>archive</kind>
         <file>rts2800_ml.lib</file>
         <name>pre_init.c.obj</name>
      </input_file>
      <input_file id="fl-36">
         <path>C:\ti\ccsv8\tools\compiler\ti-cgt-c2000_18.1.4.LTS\lib\</path>
         <kind>archive</kind>
         <file>rts2800_ml.lib</file>
         <name>startup.c.obj</name>
      </input_file>
      <input_file id="fl-37">
         <path>C:\ti\ccsv8\tools\compiler\ti-cgt-c2000_18.1.4.LTS\lib\</path>
         <kind>archive</kind>
         <file>rts2800_ml.lib</file>
         <name>errno.c.obj</name>
      </input_file>
      <input_file id="fl-38">
         <path>C:\ti\ccsv8\tools\compiler\ti-cgt-c2000_18.1.4.LTS\lib\</path>
         <kind>archive</kind>
         <file>rts2800_ml.lib</file>
         <name>exit.c.obj</name>
      </input_file>
      <input_file id="fl-39">
         <path>C:\ti\ccsv8\tools\compiler\ti-cgt-c2000_18.1.4.LTS\lib\</path>
         <kind>archive</kind>
         <file>rts2800_ml.lib</file>
         <name>_lock.c.obj</name>
      </input_file>
      <input_file id="fl-3a">
         <path>C:\ti\ccsv8\tools\compiler\ti-cgt-c2000_18.1.4.LTS\lib\</path>
         <kind>archive</kind>
         <file>rts2800_ml.lib</file>
         <name>args_main.c.obj</name>
      </input_file>
      <input_file id="fl-3b">
         <path>C:\ti\ccsv8\tools\compiler\ti-cgt-c2000_18.1.4.LTS\lib\</path>
         <kind>archive</kind>
         <file>rts2800_ml.lib</file>
         <name>s_copysignf.c.obj</name>
      </input_file>
      <input_file id="fl-3c">
         <path>C:\ti\ccsv8\tools\compiler\ti-cgt-c2000_18.1.4.LTS\lib\</path>
         <kind>archive</kind>
         <file>rts2800_ml.lib</file>
         <name>fd_add28.asm.obj</name>
      </input_file>
   </input_file_list>
   <object_component_list>
      <object_component id="oc-150">
         <name>.cinit</name>
         <load_address>0x3f708d</load_address>
         <run_address>0x3f708d</run_address>
         <size>0xe</size>
         <input_file_ref idref="fl-38"/>
      </object_component>
      <object_component id="oc-48">
         <name>.cinit</name>
         <load_address>0x3f709b</load_address>
         <run_address>0x3f709b</run_address>
         <size>0x8</size>
         <input_file_ref idref="fl-4"/>
      </object_component>
      <object_component id="oc-172">
         <name>.cinit:__lock</name>
         <load_address>0x3f70a3</load_address>
         <run_address>0x3f70a3</run_address>
         <size>0x5</size>
         <input_file_ref idref="fl-39"/>
      </object_component>
      <object_component id="oc-186">
         <name>.cinit:__unlock</name>
         <load_address>0x3f70a8</load_address>
         <run_address>0x3f70a8</run_address>
         <size>0x5</size>
         <input_file_ref idref="fl-39"/>
      </object_component>
      <object_component id="oc-14c">
         <name>.cinit</name>
         <load_address>0x3f70ad</load_address>
         <run_address>0x3f70ad</run_address>
         <size>0x4</size>
         <input_file_ref idref="fl-37"/>
      </object_component>
      <object_component id="oc-18b">
         <name>.text</name>
         <load_address>0x3f6078</load_address>
         <run_address>0x3f6078</run_address>
         <size>0x41e</size>
         <input_file_ref idref="fl-20"/>
      </object_component>
      <object_component id="oc-173">
         <name>.text</name>
         <load_address>0x3f6496</load_address>
         <run_address>0x3f6496</run_address>
         <size>0x28c</size>
         <input_file_ref idref="fl-3"/>
      </object_component>
      <object_component id="oc-174">
         <name>.text</name>
         <load_address>0x3f6722</load_address>
         <run_address>0x3f6722</run_address>
         <size>0xd2</size>
         <input_file_ref idref="fl-4"/>
      </object_component>
      <object_component id="oc-170">
         <name>.text</name>
         <load_address>0x3f67f4</load_address>
         <run_address>0x3f67f4</run_address>
         <size>0xaf</size>
         <input_file_ref idref="fl-2"/>
      </object_component>
      <object_component id="oc-165">
         <name>.text</name>
         <load_address>0x3f68a3</load_address>
         <run_address>0x3f68a3</run_address>
         <size>0x9c</size>
         <input_file_ref idref="fl-3c"/>
      </object_component>
      <object_component id="oc-ec">
         <name>.text</name>
         <load_address>0x3f693f</load_address>
         <run_address>0x3f693f</run_address>
         <size>0x8b</size>
         <input_file_ref idref="fl-24"/>
      </object_component>
      <object_component id="oc-f1">
         <name>.text</name>
         <load_address>0x3f69ca</load_address>
         <run_address>0x3f69ca</run_address>
         <size>0x83</size>
         <input_file_ref idref="fl-25"/>
      </object_component>
      <object_component id="oc-10a">
         <name>.text</name>
         <load_address>0x3f6a4d</load_address>
         <run_address>0x3f6a4d</run_address>
         <size>0x83</size>
         <input_file_ref idref="fl-2a"/>
      </object_component>
      <object_component id="oc-100">
         <name>.text</name>
         <load_address>0x3f6ad0</load_address>
         <run_address>0x3f6ad0</run_address>
         <size>0x78</size>
         <input_file_ref idref="fl-28"/>
      </object_component>
      <object_component id="oc-192">
         <name>.text</name>
         <load_address>0x3f6b48</load_address>
         <run_address>0x3f6b48</run_address>
         <size>0x75</size>
         <input_file_ref idref="fl-21"/>
      </object_component>
      <object_component id="oc-196">
         <name>.text</name>
         <load_address>0x3f6bbd</load_address>
         <run_address>0x3f6bbd</run_address>
         <size>0x5d</size>
         <input_file_ref idref="fl-22"/>
      </object_component>
      <object_component id="oc-10f">
         <name>.text</name>
         <load_address>0x3f6c1a</load_address>
         <run_address>0x3f6c1a</run_address>
         <size>0x5a</size>
         <input_file_ref idref="fl-2b"/>
      </object_component>
      <object_component id="oc-38">
         <name>.text</name>
         <load_address>0x3f6c74</load_address>
         <run_address>0x3f6c74</run_address>
         <size>0x54</size>
         <input_file_ref idref="fl-23"/>
      </object_component>
      <object_component id="oc-189">
         <name>.text:_GPIO_setMode</name>
         <load_address>0x3f6cc8</load_address>
         <run_address>0x3f6cc8</run_address>
         <size>0x48</size>
         <input_file_ref idref="fl-10"/>
      </object_component>
      <object_component id="oc-187">
         <name>.text:_GPIO_setPullUp</name>
         <load_address>0x3f6d10</load_address>
         <run_address>0x3f6d10</run_address>
         <size>0x29</size>
         <input_file_ref idref="fl-10"/>
      </object_component>
      <object_component id="oc-16e">
         <name>.text</name>
         <load_address>0x3f6d39</load_address>
         <run_address>0x3f6d39</run_address>
         <size>0x29</size>
         <input_file_ref idref="fl-38"/>
      </object_component>
      <object_component id="oc-188">
         <name>.text:_GPIO_setQualification</name>
         <load_address>0x3f6d62</load_address>
         <run_address>0x3f6d62</run_address>
         <size>0x27</size>
         <input_file_ref idref="fl-10"/>
      </object_component>
      <object_component id="oc-119">
         <name>.text</name>
         <load_address>0x3f6d89</load_address>
         <run_address>0x3f6d89</run_address>
         <size>0x25</size>
         <input_file_ref idref="fl-2d"/>
      </object_component>
      <object_component id="oc-16b">
         <name>.text</name>
         <load_address>0x3f6dae</load_address>
         <run_address>0x3f6dae</run_address>
         <size>0x24</size>
         <input_file_ref idref="fl-33"/>
      </object_component>
      <object_component id="oc-11e">
         <name>.text</name>
         <load_address>0x3f6dd2</load_address>
         <run_address>0x3f6dd2</run_address>
         <size>0x22</size>
         <input_file_ref idref="fl-2e"/>
      </object_component>
      <object_component id="oc-16f">
         <name>.text</name>
         <load_address>0x3f6df4</load_address>
         <run_address>0x3f6df4</run_address>
         <size>0x1d</size>
         <input_file_ref idref="fl-34"/>
      </object_component>
      <object_component id="oc-fb">
         <name>.text</name>
         <load_address>0x3f6e11</load_address>
         <run_address>0x3f6e11</run_address>
         <size>0x1b</size>
         <input_file_ref idref="fl-27"/>
      </object_component>
      <object_component id="oc-123">
         <name>.text</name>
         <load_address>0x3f6e2c</load_address>
         <run_address>0x3f6e2c</run_address>
         <size>0x1a</size>
         <input_file_ref idref="fl-2f"/>
      </object_component>
      <object_component id="oc-12d">
         <name>.text</name>
         <load_address>0x3f6e46</load_address>
         <run_address>0x3f6e46</run_address>
         <size>0x1a</size>
         <input_file_ref idref="fl-31"/>
      </object_component>
      <object_component id="oc-16d">
         <name>.text</name>
         <load_address>0x3f6e60</load_address>
         <run_address>0x3f6e60</run_address>
         <size>0x19</size>
         <input_file_ref idref="fl-3a"/>
      </object_component>
      <object_component id="oc-105">
         <name>.text</name>
         <load_address>0x3f6e79</load_address>
         <run_address>0x3f6e79</run_address>
         <size>0x17</size>
         <input_file_ref idref="fl-29"/>
      </object_component>
      <object_component id="oc-128">
         <name>.text</name>
         <load_address>0x3f6e90</load_address>
         <run_address>0x3f6e90</run_address>
         <size>0x17</size>
         <input_file_ref idref="fl-30"/>
      </object_component>
      <object_component id="oc-180">
         <name>.text:_PLL_setup</name>
         <load_address>0x3f6ea7</load_address>
         <run_address>0x3f6ea7</run_address>
         <size>0x15</size>
         <input_file_ref idref="fl-12"/>
      </object_component>
      <object_component id="oc-132">
         <name>.text</name>
         <load_address>0x3f6ebc</load_address>
         <run_address>0x3f6ebc</run_address>
         <size>0x13</size>
         <input_file_ref idref="fl-32"/>
      </object_component>
      <object_component id="oc-182">
         <name>.text:_PIE_disableAllInts</name>
         <load_address>0x3f6ecf</load_address>
         <run_address>0x3f6ecf</run_address>
         <size>0x11</size>
         <input_file_ref idref="fl-11"/>
      </object_component>
      <object_component id="oc-f6">
         <name>.text</name>
         <load_address>0x3f6ee0</load_address>
         <run_address>0x3f6ee0</run_address>
         <size>0xe</size>
         <input_file_ref idref="fl-26"/>
      </object_component>
      <object_component id="oc-179">
         <name>.text:_PIE_init</name>
         <load_address>0x3f6eee</load_address>
         <run_address>0x3f6eee</run_address>
         <size>0xa</size>
         <input_file_ref idref="fl-11"/>
      </object_component>
      <object_component id="oc-7c">
         <name>.text</name>
         <load_address>0x3f6ef8</load_address>
         <run_address>0x3f6ef8</run_address>
         <size>0xa</size>
         <input_file_ref idref="fl-e"/>
      </object_component>
      <object_component id="oc-197">
         <name>.text</name>
         <load_address>0x3f6f02</load_address>
         <run_address>0x3f6f02</run_address>
         <size>0xa</size>
         <input_file_ref idref="fl-3b"/>
      </object_component>
      <object_component id="oc-185">
         <name>.text</name>
         <load_address>0x3f6f0c</load_address>
         <run_address>0x3f6f0c</run_address>
         <size>0x9</size>
         <input_file_ref idref="fl-39"/>
      </object_component>
      <object_component id="oc-175">
         <name>.text:_CLK_init</name>
         <load_address>0x3f6f15</load_address>
         <run_address>0x3f6f15</run_address>
         <size>0x8</size>
         <input_file_ref idref="fl-c"/>
      </object_component>
      <object_component id="oc-177">
         <name>.text:_FLASH_init</name>
         <load_address>0x3f6f1d</load_address>
         <run_address>0x3f6f1d</run_address>
         <size>0x8</size>
         <input_file_ref idref="fl-f"/>
      </object_component>
      <object_component id="oc-178">
         <name>.text:_GPIO_init</name>
         <load_address>0x3f6f25</load_address>
         <run_address>0x3f6f25</run_address>
         <size>0x8</size>
         <input_file_ref idref="fl-10"/>
      </object_component>
      <object_component id="oc-17a">
         <name>.text:_PLL_init</name>
         <load_address>0x3f6f2d</load_address>
         <run_address>0x3f6f2d</run_address>
         <size>0x8</size>
         <input_file_ref idref="fl-12"/>
      </object_component>
      <object_component id="oc-17c">
         <name>.text:_WDOG_disable</name>
         <load_address>0x3f6f35</load_address>
         <run_address>0x3f6f35</run_address>
         <size>0x8</size>
         <input_file_ref idref="fl-13"/>
      </object_component>
      <object_component id="oc-17b">
         <name>.text:_WDOG_init</name>
         <load_address>0x3f6f3d</load_address>
         <run_address>0x3f6f3d</run_address>
         <size>0x8</size>
         <input_file_ref idref="fl-13"/>
      </object_component>
      <object_component id="oc-17e">
         <name>.text:_CLK_disableAdcClock</name>
         <load_address>0x3f6f45</load_address>
         <run_address>0x3f6f45</run_address>
         <size>0x7</size>
         <input_file_ref idref="fl-c"/>
      </object_component>
      <object_component id="oc-17d">
         <name>.text:_CLK_enableAdcClock</name>
         <load_address>0x3f6f4c</load_address>
         <run_address>0x3f6f4c</run_address>
         <size>0x7</size>
         <input_file_ref idref="fl-c"/>
      </object_component>
      <object_component id="oc-18a">
         <name>.text:_CLK_enableI2cClock</name>
         <load_address>0x3f6f53</load_address>
         <run_address>0x3f6f53</run_address>
         <size>0x7</size>
         <input_file_ref idref="fl-c"/>
      </object_component>
      <object_component id="oc-17f">
         <name>.text:_CLK_setOscSrc</name>
         <load_address>0x3f6f5a</load_address>
         <run_address>0x3f6f5a</run_address>
         <size>0x7</size>
         <input_file_ref idref="fl-c"/>
      </object_component>
      <object_component id="oc-18e">
         <name>.text:_PLL_setDivider</name>
         <load_address>0x3f6f61</load_address>
         <run_address>0x3f6f61</run_address>
         <size>0x7</size>
         <input_file_ref idref="fl-12"/>
      </object_component>
      <object_component id="oc-18f">
         <name>.text:_PLL_setMultiplier</name>
         <load_address>0x3f6f68</load_address>
         <run_address>0x3f6f68</run_address>
         <size>0x6</size>
         <input_file_ref idref="fl-12"/>
      </object_component>
      <object_component id="oc-b0">
         <name>.text:_ADCINT1_ISR</name>
         <load_address>0x3f6f6e</load_address>
         <run_address>0x3f6f6e</run_address>
         <size>0x5</size>
         <input_file_ref idref="fl-14"/>
      </object_component>
      <object_component id="oc-b1">
         <name>.text:_ADCINT2_ISR</name>
         <load_address>0x3f6f73</load_address>
         <run_address>0x3f6f73</run_address>
         <size>0x5</size>
         <input_file_ref idref="fl-14"/>
      </object_component>
      <object_component id="oc-c6">
         <name>.text:_ADCINT3_ISR</name>
         <load_address>0x3f6f78</load_address>
         <run_address>0x3f6f78</run_address>
         <size>0x5</size>
         <input_file_ref idref="fl-14"/>
      </object_component>
      <object_component id="oc-c7">
         <name>.text:_ADCINT4_ISR</name>
         <load_address>0x3f6f7d</load_address>
         <run_address>0x3f6f7d</run_address>
         <size>0x5</size>
         <input_file_ref idref="fl-14"/>
      </object_component>
      <object_component id="oc-c8">
         <name>.text:_ADCINT5_ISR</name>
         <load_address>0x3f6f82</load_address>
         <run_address>0x3f6f82</run_address>
         <size>0x5</size>
         <input_file_ref idref="fl-14"/>
      </object_component>
      <object_component id="oc-c9">
         <name>.text:_ADCINT6_ISR</name>
         <load_address>0x3f6f87</load_address>
         <run_address>0x3f6f87</run_address>
         <size>0x5</size>
         <input_file_ref idref="fl-14"/>
      </object_component>
      <object_component id="oc-ca">
         <name>.text:_ADCINT7_ISR</name>
         <load_address>0x3f6f8c</load_address>
         <run_address>0x3f6f8c</run_address>
         <size>0x5</size>
         <input_file_ref idref="fl-14"/>
      </object_component>
      <object_component id="oc-cb">
         <name>.text:_ADCINT8_ISR</name>
         <load_address>0x3f6f91</load_address>
         <run_address>0x3f6f91</run_address>
         <size>0x5</size>
         <input_file_ref idref="fl-14"/>
      </object_component>
      <object_component id="oc-b4">
         <name>.text:_ADCINT9_ISR</name>
         <load_address>0x3f6f96</load_address>
         <run_address>0x3f6f96</run_address>
         <size>0x5</size>
         <input_file_ref idref="fl-14"/>
      </object_component>
      <object_component id="oc-9f">
         <name>.text:_DATALOG_ISR</name>
         <load_address>0x3f6f9b</load_address>
         <run_address>0x3f6f9b</run_address>
         <size>0x5</size>
         <input_file_ref idref="fl-14"/>
      </object_component>
      <object_component id="oc-bf">
         <name>.text:_ECAP1_INT_ISR</name>
         <load_address>0x3f6fa0</load_address>
         <run_address>0x3f6fa0</run_address>
         <size>0x5</size>
         <input_file_ref idref="fl-14"/>
      </object_component>
      <object_component id="oc-cd">
         <name>.text:_EMPTY_ISR</name>
         <load_address>0x3f6fa5</load_address>
         <run_address>0x3f6fa5</run_address>
         <size>0x5</size>
         <input_file_ref idref="fl-14"/>
      </object_component>
      <object_component id="oc-a1">
         <name>.text:_EMUINT_ISR</name>
         <load_address>0x3f6faa</load_address>
         <run_address>0x3f6faa</run_address>
         <size>0x5</size>
         <input_file_ref idref="fl-14"/>
      </object_component>
      <object_component id="oc-bb">
         <name>.text:_EPWM1_INT_ISR</name>
         <load_address>0x3f6faf</load_address>
         <run_address>0x3f6faf</run_address>
         <size>0x5</size>
         <input_file_ref idref="fl-14"/>
      </object_component>
      <object_component id="oc-b7">
         <name>.text:_EPWM1_TZINT_ISR</name>
         <load_address>0x3f6fb4</load_address>
         <run_address>0x3f6fb4</run_address>
         <size>0x5</size>
         <input_file_ref idref="fl-14"/>
      </object_component>
      <object_component id="oc-bc">
         <name>.text:_EPWM2_INT_ISR</name>
         <load_address>0x3f6fb9</load_address>
         <run_address>0x3f6fb9</run_address>
         <size>0x5</size>
         <input_file_ref idref="fl-14"/>
      </object_component>
      <object_component id="oc-b8">
         <name>.text:_EPWM2_TZINT_ISR</name>
         <load_address>0x3f6fbe</load_address>
         <run_address>0x3f6fbe</run_address>
         <size>0x5</size>
         <input_file_ref idref="fl-14"/>
      </object_component>
      <object_component id="oc-bd">
         <name>.text:_EPWM3_INT_ISR</name>
         <load_address>0x3f6fc3</load_address>
         <run_address>0x3f6fc3</run_address>
         <size>0x5</size>
         <input_file_ref idref="fl-14"/>
      </object_component>
      <object_component id="oc-b9">
         <name>.text:_EPWM3_TZINT_ISR</name>
         <load_address>0x3f6fc8</load_address>
         <run_address>0x3f6fc8</run_address>
         <size>0x5</size>
         <input_file_ref idref="fl-14"/>
      </object_component>
      <object_component id="oc-be">
         <name>.text:_EPWM4_INT_ISR</name>
         <load_address>0x3f6fcd</load_address>
         <run_address>0x3f6fcd</run_address>
         <size>0x5</size>
         <input_file_ref idref="fl-14"/>
      </object_component>
      <object_component id="oc-ba">
         <name>.text:_EPWM4_TZINT_ISR</name>
         <load_address>0x3f6fd2</load_address>
         <run_address>0x3f6fd2</run_address>
         <size>0x5</size>
         <input_file_ref idref="fl-14"/>
      </object_component>
      <object_component id="oc-c2">
         <name>.text:_I2CINT1A_ISR</name>
         <load_address>0x3f6fd7</load_address>
         <run_address>0x3f6fd7</run_address>
         <size>0x5</size>
         <input_file_ref idref="fl-14"/>
      </object_component>
      <object_component id="oc-c3">
         <name>.text:_I2CINT2A_ISR</name>
         <load_address>0x3f6fdc</load_address>
         <run_address>0x3f6fdc</run_address>
         <size>0x5</size>
         <input_file_ref idref="fl-14"/>
      </object_component>
      <object_component id="oc-a3">
         <name>.text:_ILLEGAL_ISR</name>
         <load_address>0x3f6fe1</load_address>
         <run_address>0x3f6fe1</run_address>
         <size>0x5</size>
         <input_file_ref idref="fl-14"/>
      </object_component>
      <object_component id="oc-9d">
         <name>.text:_INT13_ISR</name>
         <load_address>0x3f6fe6</load_address>
         <run_address>0x3f6fe6</run_address>
         <size>0x5</size>
         <input_file_ref idref="fl-14"/>
      </object_component>
      <object_component id="oc-9e">
         <name>.text:_INT14_ISR</name>
         <load_address>0x3f6feb</load_address>
         <run_address>0x3f6feb</run_address>
         <size>0x5</size>
         <input_file_ref idref="fl-14"/>
      </object_component>
      <object_component id="oc-a2">
         <name>.text:_NMI_ISR</name>
         <load_address>0x3f6ff0</load_address>
         <run_address>0x3f6ff0</run_address>
         <size>0x5</size>
         <input_file_ref idref="fl-14"/>
      </object_component>
      <object_component id="oc-ce">
         <name>.text:_PIE_RESERVED</name>
         <load_address>0x3f6ff5</load_address>
         <run_address>0x3f6ff5</run_address>
         <size>0x5</size>
         <input_file_ref idref="fl-14"/>
      </object_component>
      <object_component id="oc-8d">
         <name>.text:_PIE_illegalIsr</name>
         <load_address>0x3f6ffa</load_address>
         <run_address>0x3f6ffa</run_address>
         <size>0x5</size>
         <input_file_ref idref="fl-11"/>
      </object_component>
      <object_component id="oc-a0">
         <name>.text:_RTOSINT_ISR</name>
         <load_address>0x3f6fff</load_address>
         <run_address>0x3f6fff</run_address>
         <size>0x5</size>
         <input_file_ref idref="fl-14"/>
      </object_component>
      <object_component id="oc-c4">
         <name>.text:_SCIRXINTA_ISR</name>
         <load_address>0x3f7004</load_address>
         <run_address>0x3f7004</run_address>
         <size>0x5</size>
         <input_file_ref idref="fl-14"/>
      </object_component>
      <object_component id="oc-c5">
         <name>.text:_SCITXINTA_ISR</name>
         <load_address>0x3f7009</load_address>
         <run_address>0x3f7009</run_address>
         <size>0x5</size>
         <input_file_ref idref="fl-14"/>
      </object_component>
      <object_component id="oc-c0">
         <name>.text:_SPIRXINTA_ISR</name>
         <load_address>0x3f700e</load_address>
         <run_address>0x3f700e</run_address>
         <size>0x5</size>
         <input_file_ref idref="fl-14"/>
      </object_component>
      <object_component id="oc-c1">
         <name>.text:_SPITXINTA_ISR</name>
         <load_address>0x3f7013</load_address>
         <run_address>0x3f7013</run_address>
         <size>0x5</size>
         <input_file_ref idref="fl-14"/>
      </object_component>
      <object_component id="oc-b5">
         <name>.text:_TINT0_ISR</name>
         <load_address>0x3f7018</load_address>
         <run_address>0x3f7018</run_address>
         <size>0x5</size>
         <input_file_ref idref="fl-14"/>
      </object_component>
      <object_component id="oc-ad">
         <name>.text:_USER10_ISR</name>
         <load_address>0x3f701d</load_address>
         <run_address>0x3f701d</run_address>
         <size>0x5</size>
         <input_file_ref idref="fl-14"/>
      </object_component>
      <object_component id="oc-ae">
         <name>.text:_USER11_ISR</name>
         <load_address>0x3f7022</load_address>
         <run_address>0x3f7022</run_address>
         <size>0x5</size>
         <input_file_ref idref="fl-14"/>
      </object_component>
      <object_component id="oc-af">
         <name>.text:_USER12_ISR</name>
         <load_address>0x3f7027</load_address>
         <run_address>0x3f7027</run_address>
         <size>0x5</size>
         <input_file_ref idref="fl-14"/>
      </object_component>
      <object_component id="oc-a4">
         <name>.text:_USER1_ISR</name>
         <load_address>0x3f702c</load_address>
         <run_address>0x3f702c</run_address>
         <size>0x5</size>
         <input_file_ref idref="fl-14"/>
      </object_component>
      <object_component id="oc-a5">
         <name>.text:_USER2_ISR</name>
         <load_address>0x3f7031</load_address>
         <run_address>0x3f7031</run_address>
         <size>0x5</size>
         <input_file_ref idref="fl-14"/>
      </object_component>
      <object_component id="oc-a6">
         <name>.text:_USER3_ISR</name>
         <load_address>0x3f7036</load_address>
         <run_address>0x3f7036</run_address>
         <size>0x5</size>
         <input_file_ref idref="fl-14"/>
      </object_component>
      <object_component id="oc-a7">
         <name>.text:_USER4_ISR</name>
         <load_address>0x3f703b</load_address>
         <run_address>0x3f703b</run_address>
         <size>0x5</size>
         <input_file_ref idref="fl-14"/>
      </object_component>
      <object_component id="oc-a8">
         <name>.text:_USER5_ISR</name>
         <load_address>0x3f7040</load_address>
         <run_address>0x3f7040</run_address>
         <size>0x5</size>
         <input_file_ref idref="fl-14"/>
      </object_component>
      <object_component id="oc-a9">
         <name>.text:_USER6_ISR</name>
         <load_address>0x3f7045</load_address>
         <run_address>0x3f7045</run_address>
         <size>0x5</size>
         <input_file_ref idref="fl-14"/>
      </object_component>
      <object_component id="oc-aa">
         <name>.text:_USER7_ISR</name>
         <load_address>0x3f704a</load_address>
         <run_address>0x3f704a</run_address>
         <size>0x5</size>
         <input_file_ref idref="fl-14"/>
      </object_component>
      <object_component id="oc-ab">
         <name>.text:_USER8_ISR</name>
         <load_address>0x3f704f</load_address>
         <run_address>0x3f704f</run_address>
         <size>0x5</size>
         <input_file_ref idref="fl-14"/>
      </object_component>
      <object_component id="oc-ac">
         <name>.text:_USER9_ISR</name>
         <load_address>0x3f7054</load_address>
         <run_address>0x3f7054</run_address>
         <size>0x5</size>
         <input_file_ref idref="fl-14"/>
      </object_component>
      <object_component id="oc-b6">
         <name>.text:_WAKEINT_ISR</name>
         <load_address>0x3f7059</load_address>
         <run_address>0x3f7059</run_address>
         <size>0x5</size>
         <input_file_ref idref="fl-14"/>
      </object_component>
      <object_component id="oc-b2">
         <name>.text:_XINT1_ISR</name>
         <load_address>0x3f705e</load_address>
         <run_address>0x3f705e</run_address>
         <size>0x5</size>
         <input_file_ref idref="fl-14"/>
      </object_component>
      <object_component id="oc-b3">
         <name>.text:_XINT2_ISR</name>
         <load_address>0x3f7063</load_address>
         <run_address>0x3f7063</run_address>
         <size>0x5</size>
         <input_file_ref idref="fl-14"/>
      </object_component>
      <object_component id="oc-cc">
         <name>.text:_XINT3_ISR</name>
         <load_address>0x3f7068</load_address>
         <run_address>0x3f7068</run_address>
         <size>0x5</size>
         <input_file_ref idref="fl-14"/>
      </object_component>
      <object_component id="oc-cf">
         <name>.text:_rsvd_ISR</name>
         <load_address>0x3f706d</load_address>
         <run_address>0x3f706d</run_address>
         <size>0x5</size>
         <input_file_ref idref="fl-14"/>
      </object_component>
      <object_component id="oc-114">
         <name>.text</name>
         <load_address>0x3f7072</load_address>
         <run_address>0x3f7072</run_address>
         <size>0x5</size>
         <input_file_ref idref="fl-2c"/>
      </object_component>
      <object_component id="oc-176">
         <name>.text:_CPU_init</name>
         <load_address>0x3f7077</load_address>
         <run_address>0x3f7077</run_address>
         <size>0x4</size>
         <input_file_ref idref="fl-d"/>
      </object_component>
      <object_component id="oc-184">
         <name>.text:_CPU_clearIntFlags</name>
         <load_address>0x3f707b</load_address>
         <run_address>0x3f707b</run_address>
         <size>0x3</size>
         <input_file_ref idref="fl-d"/>
      </object_component>
      <object_component id="oc-183">
         <name>.text:_CPU_disableGlobalInts</name>
         <load_address>0x3f707e</load_address>
         <run_address>0x3f707e</run_address>
         <size>0x3</size>
         <input_file_ref idref="fl-d"/>
      </object_component>
      <object_component id="oc-181">
         <name>.text:_PIE_disable</name>
         <load_address>0x3f7081</load_address>
         <run_address>0x3f7081</run_address>
         <size>0x3</size>
         <input_file_ref idref="fl-11"/>
      </object_component>
      <object_component id="oc-18d">
         <name>.text:_PLL_getClkStatus</name>
         <load_address>0x3f7084</load_address>
         <run_address>0x3f7084</run_address>
         <size>0x3</size>
         <input_file_ref idref="fl-12"/>
      </object_component>
      <object_component id="oc-190">
         <name>.text:_PLL_getLockStatus</name>
         <load_address>0x3f7087</load_address>
         <run_address>0x3f7087</run_address>
         <size>0x3</size>
         <input_file_ref idref="fl-12"/>
      </object_component>
      <object_component id="oc-16a">
         <name>.text</name>
         <load_address>0x3f708a</load_address>
         <run_address>0x3f708a</run_address>
         <size>0x2</size>
         <input_file_ref idref="fl-35"/>
      </object_component>
      <object_component id="oc-16c">
         <name>.text</name>
         <load_address>0x3f708c</load_address>
         <run_address>0x3f708c</run_address>
         <size>0x1</size>
         <input_file_ref idref="fl-36"/>
      </object_component>
      <object_component id="oc-7d">
         <name>ramfuncs</name>
         <load_address>0x3f6074</load_address>
         <run_address>0x8000</run_address>
         <size>0x4</size>
         <input_file_ref idref="fl-e"/>
      </object_component>
      <object_component id="oc-e6">
         <name>.stack</name>
         <uninitialized>true</uninitialized>
         <run_address>0x50</run_address>
         <size>0x0</size>
         <input_file_ref idref="fl-23"/>
      </object_component>
      <object_component id="oc-1d7">
         <name>.stack</name>
         <uninitialized>true</uninitialized>
         <run_address>0x50</run_address>
         <size>0x0</size>
      </object_component>
      <object_component id="oc-3a">
         <name>.ebss</name>
         <uninitialized>true</uninitialized>
         <run_address>0x8800</run_address>
         <size>0xe</size>
         <input_file_ref idref="fl-2"/>
      </object_component>
      <object_component id="oc-41">
         <name>.ebss</name>
         <uninitialized>true</uninitialized>
         <run_address>0x880e</run_address>
         <size>0x8</size>
         <input_file_ref idref="fl-3"/>
      </object_component>
      <object_component id="oc-49">
         <name>.ebss</name>
         <uninitialized>true</uninitialized>
         <run_address>0x8816</run_address>
         <size>0x6</size>
         <input_file_ref idref="fl-4"/>
      </object_component>
      <object_component id="oc-77">
         <name>.ebss</name>
         <uninitialized>true</uninitialized>
         <run_address>0x8826</run_address>
         <size>0x1</size>
         <input_file_ref idref="fl-d"/>
      </object_component>
      <object_component id="oc-14d">
         <name>.ebss</name>
         <uninitialized>true</uninitialized>
         <run_address>0x8827</run_address>
         <size>0x1</size>
         <input_file_ref idref="fl-37"/>
      </object_component>
      <object_component id="oc-151">
         <name>.ebss</name>
         <uninitialized>true</uninitialized>
         <run_address>0x881c</run_address>
         <size>0x6</size>
         <input_file_ref idref="fl-38"/>
      </object_component>
      <object_component id="oc-191">
         <name>.ebss:__unlock</name>
         <uninitialized>true</uninitialized>
         <run_address>0x8824</run_address>
         <size>0x2</size>
         <input_file_ref idref="fl-39"/>
      </object_component>
      <object_component id="oc-171">
         <name>.ebss:__lock</name>
         <uninitialized>true</uninitialized>
         <run_address>0x8822</run_address>
         <size>0x2</size>
         <input_file_ref idref="fl-39"/>
      </object_component>
      <object_component id="oc-d5">
         <name>.econst</name>
         <load_address>0x3f6000</load_address>
         <run_address>0x3f6000</run_address>
         <size>0x32</size>
         <input_file_ref idref="fl-20"/>
      </object_component>
      <object_component id="oc-3b">
         <name>.econst:.string</name>
         <load_address>0x3f6032</load_address>
         <run_address>0x3f6032</run_address>
         <size>0x18</size>
         <input_file_ref idref="fl-2"/>
      </object_component>
      <object_component id="oc-42">
         <name>.econst</name>
         <load_address>0x3f604a</load_address>
         <run_address>0x3f604a</run_address>
         <size>0x10</size>
         <input_file_ref idref="fl-3"/>
      </object_component>
      <object_component id="oc-e1">
         <name>.econst</name>
         <load_address>0x3f605a</load_address>
         <run_address>0x3f605a</run_address>
         <size>0x6</size>
         <input_file_ref idref="fl-22"/>
      </object_component>
      <object_component id="oc-18c">
         <name>.econst:_$P$T0$1</name>
         <load_address>0x3f6060</load_address>
         <run_address>0x3f6060</run_address>
         <size>0x4</size>
         <input_file_ref idref="fl-3"/>
      </object_component>
      <object_component id="oc-193">
         <name>.econst:_bp</name>
         <load_address>0x3f6064</load_address>
         <run_address>0x3f6064</run_address>
         <size>0x4</size>
         <input_file_ref idref="fl-20"/>
      </object_component>
      <object_component id="oc-194">
         <name>.econst:_dp_h</name>
         <load_address>0x3f6068</load_address>
         <run_address>0x3f6068</run_address>
         <size>0x4</size>
         <input_file_ref idref="fl-20"/>
      </object_component>
      <object_component id="oc-195">
         <name>.econst:_dp_l</name>
         <load_address>0x3f606c</load_address>
         <run_address>0x3f606c</run_address>
         <size>0x4</size>
         <input_file_ref idref="fl-20"/>
      </object_component>
      <object_component id="oc-db">
         <name>.econst</name>
         <load_address>0x3f6070</load_address>
         <run_address>0x3f6070</run_address>
         <size>0x4</size>
         <input_file_ref idref="fl-21"/>
      </object_component>
      <object_component id="oc-e7">
         <name>.reset</name>
         <load_address>0x3fffc0</load_address>
         <run_address>0x3fffc0</run_address>
         <size>0x2</size>
         <input_file_ref idref="fl-23"/>
      </object_component>
      <object_component id="oc-6f">
         <name>PieVectTableFile</name>
         <uninitialized>true</uninitialized>
         <run_address>0xd00</run_address>
         <size>0x100</size>
         <input_file_ref idref="fl-b"/>
      </object_component>
      <object_component id="oc-4f">
         <name>EmuKeyVar</name>
         <uninitialized>true</uninitialized>
         <run_address>0xd00</run_address>
         <size>0x1</size>
         <input_file_ref idref="fl-b"/>
      </object_component>
      <object_component id="oc-51">
         <name>EmuBModeVar</name>
         <uninitialized>true</uninitialized>
         <run_address>0xd01</run_address>
         <size>0x1</size>
         <input_file_ref idref="fl-b"/>
      </object_component>
      <object_component id="oc-53">
         <name>FlashCallbackVar</name>
         <uninitialized>true</uninitialized>
         <run_address>0xd02</run_address>
         <size>0x2</size>
         <input_file_ref idref="fl-b"/>
      </object_component>
      <object_component id="oc-52">
         <name>FlashScalingVar</name>
         <uninitialized>true</uninitialized>
         <run_address>0xd04</run_address>
         <size>0x2</size>
         <input_file_ref idref="fl-b"/>
      </object_component>
      <object_component id="oc-55">
         <name>DevEmuRegsFile</name>
         <uninitialized>true</uninitialized>
         <run_address>0x880</run_address>
         <size>0x4</size>
         <input_file_ref idref="fl-b"/>
      </object_component>
      <object_component id="oc-54">
         <name>SysPwrCtrlRegsFile</name>
         <uninitialized>true</uninitialized>
         <run_address>0x985</run_address>
         <size>0x3</size>
         <input_file_ref idref="fl-b"/>
      </object_component>
      <object_component id="oc-56">
         <name>FlashRegsFile</name>
         <uninitialized>true</uninitialized>
         <run_address>0xa80</run_address>
         <size>0x8</size>
         <input_file_ref idref="fl-b"/>
      </object_component>
      <object_component id="oc-5f">
         <name>CsmRegsFile</name>
         <uninitialized>true</uninitialized>
         <run_address>0xae0</run_address>
         <size>0x10</size>
         <input_file_ref idref="fl-b"/>
      </object_component>
      <object_component id="oc-67">
         <name>AdcResultFile</name>
         <uninitialized>true</uninitialized>
         <run_address>0xb00</run_address>
         <size>0x20</size>
         <input_file_ref idref="fl-b"/>
      </object_component>
      <object_component id="oc-57">
         <name>CpuTimer0RegsFile</name>
         <uninitialized>true</uninitialized>
         <run_address>0xc00</run_address>
         <size>0x8</size>
         <input_file_ref idref="fl-b"/>
      </object_component>
      <object_component id="oc-58">
         <name>CpuTimer1RegsFile</name>
         <uninitialized>true</uninitialized>
         <run_address>0xc08</run_address>
         <size>0x8</size>
         <input_file_ref idref="fl-b"/>
      </object_component>
      <object_component id="oc-59">
         <name>CpuTimer2RegsFile</name>
         <uninitialized>true</uninitialized>
         <run_address>0xc10</run_address>
         <size>0x8</size>
         <input_file_ref idref="fl-b"/>
      </object_component>
      <object_component id="oc-63">
         <name>PieCtrlRegsFile</name>
         <uninitialized>true</uninitialized>
         <run_address>0xce0</run_address>
         <size>0x1a</size>
         <input_file_ref idref="fl-b"/>
      </object_component>
      <object_component id="oc-66">
         <name>ECap1RegsFile</name>
         <uninitialized>true</uninitialized>
         <run_address>0x6a00</run_address>
         <size>0x20</size>
         <input_file_ref idref="fl-b"/>
      </object_component>
      <object_component id="oc-6d">
         <name>GpioCtrlRegsFile</name>
         <uninitialized>true</uninitialized>
         <run_address>0x6f80</run_address>
         <size>0x40</size>
         <input_file_ref idref="fl-b"/>
      </object_component>
      <object_component id="oc-65">
         <name>GpioDataRegsFile</name>
         <uninitialized>true</uninitialized>
         <run_address>0x6fc0</run_address>
         <size>0x20</size>
         <input_file_ref idref="fl-b"/>
      </object_component>
      <object_component id="oc-5b">
         <name>GpioIntRegsFile</name>
         <uninitialized>true</uninitialized>
         <run_address>0x6fe0</run_address>
         <size>0xa</size>
         <input_file_ref idref="fl-b"/>
      </object_component>
      <object_component id="oc-64">
         <name>SysCtrlRegsFile</name>
         <uninitialized>true</uninitialized>
         <run_address>0x7010</run_address>
         <size>0x1f</size>
         <input_file_ref idref="fl-b"/>
      </object_component>
      <object_component id="oc-5c">
         <name>SpiaRegsFile</name>
         <uninitialized>true</uninitialized>
         <run_address>0x7040</run_address>
         <size>0x10</size>
         <input_file_ref idref="fl-b"/>
      </object_component>
      <object_component id="oc-5d">
         <name>SciaRegsFile</name>
         <uninitialized>true</uninitialized>
         <run_address>0x7050</run_address>
         <size>0x10</size>
         <input_file_ref idref="fl-b"/>
      </object_component>
      <object_component id="oc-5e">
         <name>NmiIntruptRegsFile</name>
         <uninitialized>true</uninitialized>
         <run_address>0x7060</run_address>
         <size>0x10</size>
         <input_file_ref idref="fl-b"/>
      </object_component>
      <object_component id="oc-60">
         <name>XIntruptRegsFile</name>
         <uninitialized>true</uninitialized>
         <run_address>0x7070</run_address>
         <size>0x10</size>
         <input_file_ref idref="fl-b"/>
      </object_component>
      <object_component id="oc-6e">
         <name>AdcRegsFile</name>
         <uninitialized>true</uninitialized>
         <run_address>0x7100</run_address>
         <size>0x51</size>
         <input_file_ref idref="fl-b"/>
      </object_component>
      <object_component id="oc-68">
         <name>I2caRegsFile</name>
         <uninitialized>true</uninitialized>
         <run_address>0x7900</run_address>
         <size>0x22</size>
         <input_file_ref idref="fl-b"/>
      </object_component>
      <object_component id="oc-62">
         <name>Comp1RegsFile</name>
         <uninitialized>true</uninitialized>
         <run_address>0x6400</run_address>
         <size>0x11</size>
         <input_file_ref idref="fl-b"/>
      </object_component>
      <object_component id="oc-61">
         <name>Comp2RegsFile</name>
         <uninitialized>true</uninitialized>
         <run_address>0x6420</run_address>
         <size>0x11</size>
         <input_file_ref idref="fl-b"/>
      </object_component>
      <object_component id="oc-6c">
         <name>EPwm1RegsFile</name>
         <uninitialized>true</uninitialized>
         <run_address>0x6800</run_address>
         <size>0x40</size>
         <input_file_ref idref="fl-b"/>
      </object_component>
      <object_component id="oc-6a">
         <name>EPwm2RegsFile</name>
         <uninitialized>true</uninitialized>
         <run_address>0x6840</run_address>
         <size>0x40</size>
         <input_file_ref idref="fl-b"/>
      </object_component>
      <object_component id="oc-69">
         <name>EPwm3RegsFile</name>
         <uninitialized>true</uninitialized>
         <run_address>0x6880</run_address>
         <size>0x40</size>
         <input_file_ref idref="fl-b"/>
      </object_component>
      <object_component id="oc-6b">
         <name>EPwm4RegsFile</name>
         <uninitialized>true</uninitialized>
         <run_address>0x68c0</run_address>
         <size>0x40</size>
         <input_file_ref idref="fl-b"/>
      </object_component>
      <object_component id="oc-5a">
         <name>CsmPwlFile</name>
         <uninitialized>true</uninitialized>
         <run_address>0x3f7ff8</run_address>
         <size>0x8</size>
         <input_file_ref idref="fl-b"/>
      </object_component>
      <object_component id="oc-50">
         <name>PartIdRegsFile</name>
         <uninitialized>true</uninitialized>
         <run_address>0x3d7fff</run_address>
         <size>0x1</size>
         <input_file_ref idref="fl-b"/>
      </object_component>
      <object_component id="oc-39">
         <name>.debug_info</name>
         <load_address>0x0</load_address>
         <run_address>0x0</run_address>
         <size>0xf21</size>
         <input_file_ref idref="fl-2"/>
      </object_component>
      <object_component id="oc-40">
         <name>.debug_info</name>
         <load_address>0xf21</load_address>
         <run_address>0xf21</run_address>
         <size>0x2fd4</size>
         <input_file_ref idref="fl-3"/>
      </object_component>
      <object_component id="oc-47">
         <name>.debug_info</name>
         <load_address>0x3ef5</load_address>
         <run_address>0x3ef5</run_address>
         <size>0x1327</size>
         <input_file_ref idref="fl-4"/>
      </object_component>
      <object_component id="oc-4e">
         <name>.debug_info</name>
         <load_address>0x521c</load_address>
         <run_address>0x521c</run_address>
         <size>0xb0d8</size>
         <input_file_ref idref="fl-b"/>
      </object_component>
      <object_component id="oc-71">
         <name>.debug_info</name>
         <load_address>0x102f4</load_address>
         <run_address>0x102f4</run_address>
         <size>0xee3</size>
         <input_file_ref idref="fl-c"/>
      </object_component>
      <object_component id="oc-76">
         <name>.debug_info</name>
         <load_address>0x111d7</load_address>
         <run_address>0x111d7</run_address>
         <size>0x78a</size>
         <input_file_ref idref="fl-d"/>
      </object_component>
      <object_component id="oc-7e">
         <name>.debug_info</name>
         <load_address>0x11961</load_address>
         <run_address>0x11961</run_address>
         <size>0x1f9</size>
         <input_file_ref idref="fl-e"/>
      </object_component>
      <object_component id="oc-82">
         <name>.debug_info</name>
         <load_address>0x11b5a</load_address>
         <run_address>0x11b5a</run_address>
         <size>0xc8c</size>
         <input_file_ref idref="fl-f"/>
      </object_component>
      <object_component id="oc-87">
         <name>.debug_info</name>
         <load_address>0x127e6</load_address>
         <run_address>0x127e6</run_address>
         <size>0x1a81</size>
         <input_file_ref idref="fl-10"/>
      </object_component>
      <object_component id="oc-8c">
         <name>.debug_info</name>
         <load_address>0x14267</load_address>
         <run_address>0x14267</run_address>
         <size>0x276a</size>
         <input_file_ref idref="fl-11"/>
      </object_component>
      <object_component id="oc-92">
         <name>.debug_info</name>
         <load_address>0x169d1</load_address>
         <run_address>0x169d1</run_address>
         <size>0xd6c</size>
         <input_file_ref idref="fl-12"/>
      </object_component>
      <object_component id="oc-97">
         <name>.debug_info</name>
         <load_address>0x1773d</load_address>
         <run_address>0x1773d</run_address>
         <size>0x7a9</size>
         <input_file_ref idref="fl-13"/>
      </object_component>
      <object_component id="oc-9c">
         <name>.debug_info</name>
         <load_address>0x17ee6</load_address>
         <run_address>0x17ee6</run_address>
         <size>0x2d3e</size>
         <input_file_ref idref="fl-14"/>
      </object_component>
      <object_component id="oc-d4">
         <name>.debug_info</name>
         <load_address>0x1ac24</load_address>
         <run_address>0x1ac24</run_address>
         <size>0xe08</size>
         <input_file_ref idref="fl-20"/>
      </object_component>
      <object_component id="oc-da">
         <name>.debug_info</name>
         <load_address>0x1ba2c</load_address>
         <run_address>0x1ba2c</run_address>
         <size>0x41d</size>
         <input_file_ref idref="fl-21"/>
      </object_component>
      <object_component id="oc-e0">
         <name>.debug_info</name>
         <load_address>0x1be49</load_address>
         <run_address>0x1be49</run_address>
         <size>0x465</size>
         <input_file_ref idref="fl-22"/>
      </object_component>
      <object_component id="oc-e8">
         <name>.debug_info</name>
         <load_address>0x1c2ae</load_address>
         <run_address>0x1c2ae</run_address>
         <size>0x176</size>
         <input_file_ref idref="fl-23"/>
      </object_component>
      <object_component id="oc-ed">
         <name>.debug_info</name>
         <load_address>0x1c424</load_address>
         <run_address>0x1c424</run_address>
         <size>0x117</size>
         <input_file_ref idref="fl-24"/>
      </object_component>
      <object_component id="oc-f2">
         <name>.debug_info</name>
         <load_address>0x1c53b</load_address>
         <run_address>0x1c53b</run_address>
         <size>0x117</size>
         <input_file_ref idref="fl-25"/>
      </object_component>
      <object_component id="oc-f7">
         <name>.debug_info</name>
         <load_address>0x1c652</load_address>
         <run_address>0x1c652</run_address>
         <size>0x125</size>
         <input_file_ref idref="fl-26"/>
      </object_component>
      <object_component id="oc-fc">
         <name>.debug_info</name>
         <load_address>0x1c777</load_address>
         <run_address>0x1c777</run_address>
         <size>0x11a</size>
         <input_file_ref idref="fl-27"/>
      </object_component>
      <object_component id="oc-101">
         <name>.debug_info</name>
         <load_address>0x1c891</load_address>
         <run_address>0x1c891</run_address>
         <size>0x117</size>
         <input_file_ref idref="fl-28"/>
      </object_component>
      <object_component id="oc-106">
         <name>.debug_info</name>
         <load_address>0x1c9a8</load_address>
         <run_address>0x1c9a8</run_address>
         <size>0x117</size>
         <input_file_ref idref="fl-29"/>
      </object_component>
      <object_component id="oc-10b">
         <name>.debug_info</name>
         <load_address>0x1cabf</load_address>
         <run_address>0x1cabf</run_address>
         <size>0x117</size>
         <input_file_ref idref="fl-2a"/>
      </object_component>
      <object_component id="oc-110">
         <name>.debug_info</name>
         <load_address>0x1cbd6</load_address>
         <run_address>0x1cbd6</run_address>
         <size>0x117</size>
         <input_file_ref idref="fl-2b"/>
      </object_component>
      <object_component id="oc-115">
         <name>.debug_info</name>
         <load_address>0x1cced</load_address>
         <run_address>0x1cced</run_address>
         <size>0x117</size>
         <input_file_ref idref="fl-2c"/>
      </object_component>
      <object_component id="oc-11a">
         <name>.debug_info</name>
         <load_address>0x1ce04</load_address>
         <run_address>0x1ce04</run_address>
         <size>0x123</size>
         <input_file_ref idref="fl-2d"/>
      </object_component>
      <object_component id="oc-11f">
         <name>.debug_info</name>
         <load_address>0x1cf27</load_address>
         <run_address>0x1cf27</run_address>
         <size>0x144</size>
         <input_file_ref idref="fl-2e"/>
      </object_component>
      <object_component id="oc-124">
         <name>.debug_info</name>
         <load_address>0x1d06b</load_address>
         <run_address>0x1d06b</run_address>
         <size>0x121</size>
         <input_file_ref idref="fl-2f"/>
      </object_component>
      <object_component id="oc-129">
         <name>.debug_info</name>
         <load_address>0x1d18c</load_address>
         <run_address>0x1d18c</run_address>
         <size>0x11b</size>
         <input_file_ref idref="fl-30"/>
      </object_component>
      <object_component id="oc-12e">
         <name>.debug_info</name>
         <load_address>0x1d2a7</load_address>
         <run_address>0x1d2a7</run_address>
         <size>0x121</size>
         <input_file_ref idref="fl-31"/>
      </object_component>
      <object_component id="oc-133">
         <name>.debug_info</name>
         <load_address>0x1d3c8</load_address>
         <run_address>0x1d3c8</run_address>
         <size>0x11e</size>
         <input_file_ref idref="fl-32"/>
      </object_component>
      <object_component id="oc-137">
         <name>.debug_info</name>
         <load_address>0x1d4e6</load_address>
         <run_address>0x1d4e6</run_address>
         <size>0x4d8</size>
         <input_file_ref idref="fl-33"/>
      </object_component>
      <object_component id="oc-13c">
         <name>.debug_info</name>
         <load_address>0x1d9be</load_address>
         <run_address>0x1d9be</run_address>
         <size>0x3d3</size>
         <input_file_ref idref="fl-34"/>
      </object_component>
      <object_component id="oc-141">
         <name>.debug_info</name>
         <load_address>0x1dd91</load_address>
         <run_address>0x1dd91</run_address>
         <size>0x346</size>
         <input_file_ref idref="fl-35"/>
      </object_component>
      <object_component id="oc-146">
         <name>.debug_info</name>
         <load_address>0x1e0d7</load_address>
         <run_address>0x1e0d7</run_address>
         <size>0x343</size>
         <input_file_ref idref="fl-36"/>
      </object_component>
      <object_component id="oc-14b">
         <name>.debug_info</name>
         <load_address>0x1e41a</load_address>
         <run_address>0x1e41a</run_address>
         <size>0x1c6</size>
         <input_file_ref idref="fl-37"/>
      </object_component>
      <object_component id="oc-14f">
         <name>.debug_info</name>
         <load_address>0x1e5e0</load_address>
         <run_address>0x1e5e0</run_address>
         <size>0x4dd</size>
         <input_file_ref idref="fl-38"/>
      </object_component>
      <object_component id="oc-156">
         <name>.debug_info</name>
         <load_address>0x1eabd</load_address>
         <run_address>0x1eabd</run_address>
         <size>0x465</size>
         <input_file_ref idref="fl-39"/>
      </object_component>
      <object_component id="oc-15b">
         <name>.debug_info</name>
         <load_address>0x1ef22</load_address>
         <run_address>0x1ef22</run_address>
         <size>0x400</size>
         <input_file_ref idref="fl-3a"/>
      </object_component>
      <object_component id="oc-160">
         <name>.debug_info</name>
         <load_address>0x1f322</load_address>
         <run_address>0x1f322</run_address>
         <size>0x375</size>
         <input_file_ref idref="fl-3b"/>
      </object_component>
      <object_component id="oc-166">
         <name>.debug_info</name>
         <load_address>0x1f697</load_address>
         <run_address>0x1f697</run_address>
         <size>0x117</size>
         <input_file_ref idref="fl-3c"/>
      </object_component>
      <object_component id="oc-1d9">
         <name>.debug_info</name>
         <load_address>0x1f7ae</load_address>
         <run_address>0x1f7ae</run_address>
         <size>0xa8</size>
      </object_component>
      <object_component id="oc-3c">
         <name>.debug_frame</name>
         <load_address>0x0</load_address>
         <run_address>0x0</run_address>
         <size>0x68</size>
         <input_file_ref idref="fl-2"/>
      </object_component>
      <object_component id="oc-43">
         <name>.debug_frame</name>
         <load_address>0x68</load_address>
         <run_address>0x68</run_address>
         <size>0x35c</size>
         <input_file_ref idref="fl-3"/>
      </object_component>
      <object_component id="oc-4a">
         <name>.debug_frame</name>
         <load_address>0x3c4</load_address>
         <run_address>0x3c4</run_address>
         <size>0xd8</size>
         <input_file_ref idref="fl-4"/>
      </object_component>
      <object_component id="oc-72">
         <name>.debug_frame</name>
         <load_address>0x7b4</load_address>
         <run_address>0x7b4</run_address>
         <size>0xcb</size>
         <input_file_ref idref="fl-c"/>
      </object_component>
      <object_component id="oc-78">
         <name>.debug_frame</name>
         <load_address>0x87f</load_address>
         <run_address>0x87f</run_address>
         <size>0xa1</size>
         <input_file_ref idref="fl-d"/>
      </object_component>
      <object_component id="oc-83">
         <name>.debug_frame</name>
         <load_address>0x920</load_address>
         <run_address>0x920</run_address>
         <size>0x77</size>
         <input_file_ref idref="fl-f"/>
      </object_component>
      <object_component id="oc-88">
         <name>.debug_frame</name>
         <load_address>0x997</load_address>
         <run_address>0x997</run_address>
         <size>0xb6</size>
         <input_file_ref idref="fl-10"/>
      </object_component>
      <object_component id="oc-8e">
         <name>.debug_frame</name>
         <load_address>0xa4d</load_address>
         <run_address>0xa4d</run_address>
         <size>0xb6</size>
         <input_file_ref idref="fl-11"/>
      </object_component>
      <object_component id="oc-93">
         <name>.debug_frame</name>
         <load_address>0xb03</load_address>
         <run_address>0xb03</run_address>
         <size>0xe0</size>
         <input_file_ref idref="fl-12"/>
      </object_component>
      <object_component id="oc-98">
         <name>.debug_frame</name>
         <load_address>0xbe3</load_address>
         <run_address>0xbe3</run_address>
         <size>0x8c</size>
         <input_file_ref idref="fl-13"/>
      </object_component>
      <object_component id="oc-d0">
         <name>.debug_frame</name>
         <load_address>0xc6f</load_address>
         <run_address>0xc6f</run_address>
         <size>0x491</size>
         <input_file_ref idref="fl-14"/>
      </object_component>
      <object_component id="oc-d6">
         <name>.debug_frame</name>
         <load_address>0x49c</load_address>
         <run_address>0x49c</run_address>
         <size>0x58</size>
         <input_file_ref idref="fl-20"/>
      </object_component>
      <object_component id="oc-dc">
         <name>.debug_frame</name>
         <load_address>0x4f4</load_address>
         <run_address>0x4f4</run_address>
         <size>0x48</size>
         <input_file_ref idref="fl-21"/>
      </object_component>
      <object_component id="oc-e2">
         <name>.debug_frame</name>
         <load_address>0x53c</load_address>
         <run_address>0x53c</run_address>
         <size>0x48</size>
         <input_file_ref idref="fl-22"/>
      </object_component>
      <object_component id="oc-138">
         <name>.debug_frame</name>
         <load_address>0x584</load_address>
         <run_address>0x584</run_address>
         <size>0x58</size>
         <input_file_ref idref="fl-33"/>
      </object_component>
      <object_component id="oc-13d">
         <name>.debug_frame</name>
         <load_address>0x5dc</load_address>
         <run_address>0x5dc</run_address>
         <size>0x38</size>
         <input_file_ref idref="fl-34"/>
      </object_component>
      <object_component id="oc-142">
         <name>.debug_frame</name>
         <load_address>0x614</load_address>
         <run_address>0x614</run_address>
         <size>0x38</size>
         <input_file_ref idref="fl-35"/>
      </object_component>
      <object_component id="oc-147">
         <name>.debug_frame</name>
         <load_address>0x64c</load_address>
         <run_address>0x64c</run_address>
         <size>0x38</size>
         <input_file_ref idref="fl-36"/>
      </object_component>
      <object_component id="oc-152">
         <name>.debug_frame</name>
         <load_address>0x684</load_address>
         <run_address>0x684</run_address>
         <size>0x58</size>
         <input_file_ref idref="fl-38"/>
      </object_component>
      <object_component id="oc-157">
         <name>.debug_frame</name>
         <load_address>0x6dc</load_address>
         <run_address>0x6dc</run_address>
         <size>0x68</size>
         <input_file_ref idref="fl-39"/>
      </object_component>
      <object_component id="oc-15c">
         <name>.debug_frame</name>
         <load_address>0x744</load_address>
         <run_address>0x744</run_address>
         <size>0x38</size>
         <input_file_ref idref="fl-3a"/>
      </object_component>
      <object_component id="oc-161">
         <name>.debug_frame</name>
         <load_address>0x77c</load_address>
         <run_address>0x77c</run_address>
         <size>0x38</size>
         <input_file_ref idref="fl-3b"/>
      </object_component>
      <object_component id="oc-3d">
         <name>.debug_line</name>
         <load_address>0x0</load_address>
         <run_address>0x0</run_address>
         <size>0xa2</size>
         <input_file_ref idref="fl-2"/>
      </object_component>
      <object_component id="oc-44">
         <name>.debug_line</name>
         <load_address>0xa2</load_address>
         <run_address>0xa2</run_address>
         <size>0x3fa</size>
         <input_file_ref idref="fl-3"/>
      </object_component>
      <object_component id="oc-4b">
         <name>.debug_line</name>
         <load_address>0x49c</load_address>
         <run_address>0x49c</run_address>
         <size>0x136</size>
         <input_file_ref idref="fl-4"/>
      </object_component>
      <object_component id="oc-73">
         <name>.debug_line</name>
         <load_address>0x5d2</load_address>
         <run_address>0x5d2</run_address>
         <size>0xf8</size>
         <input_file_ref idref="fl-c"/>
      </object_component>
      <object_component id="oc-79">
         <name>.debug_line</name>
         <load_address>0x6ca</load_address>
         <run_address>0x6ca</run_address>
         <size>0xb0</size>
         <input_file_ref idref="fl-d"/>
      </object_component>
      <object_component id="oc-7f">
         <name>.debug_line</name>
         <load_address>0x77a</load_address>
         <run_address>0x77a</run_address>
         <size>0x9f</size>
         <input_file_ref idref="fl-e"/>
      </object_component>
      <object_component id="oc-84">
         <name>.debug_line</name>
         <load_address>0x819</load_address>
         <run_address>0x819</run_address>
         <size>0x84</size>
         <input_file_ref idref="fl-f"/>
      </object_component>
      <object_component id="oc-89">
         <name>.debug_line</name>
         <load_address>0x89d</load_address>
         <run_address>0x89d</run_address>
         <size>0x13c</size>
         <input_file_ref idref="fl-10"/>
      </object_component>
      <object_component id="oc-8f">
         <name>.debug_line</name>
         <load_address>0x9d9</load_address>
         <run_address>0x9d9</run_address>
         <size>0xd6</size>
         <input_file_ref idref="fl-11"/>
      </object_component>
      <object_component id="oc-94">
         <name>.debug_line</name>
         <load_address>0xaaf</load_address>
         <run_address>0xaaf</run_address>
         <size>0x123</size>
         <input_file_ref idref="fl-12"/>
      </object_component>
      <object_component id="oc-99">
         <name>.debug_line</name>
         <load_address>0xbd2</load_address>
         <run_address>0xbd2</run_address>
         <size>0xa3</size>
         <input_file_ref idref="fl-13"/>
      </object_component>
      <object_component id="oc-d1">
         <name>.debug_line</name>
         <load_address>0xc75</load_address>
         <run_address>0xc75</run_address>
         <size>0x4fb</size>
         <input_file_ref idref="fl-14"/>
      </object_component>
      <object_component id="oc-d7">
         <name>.debug_line</name>
         <load_address>0x1170</load_address>
         <run_address>0x1170</run_address>
         <size>0x1d8</size>
         <input_file_ref idref="fl-20"/>
      </object_component>
      <object_component id="oc-dd">
         <name>.debug_line</name>
         <load_address>0x1348</load_address>
         <run_address>0x1348</run_address>
         <size>0xb5</size>
         <input_file_ref idref="fl-21"/>
      </object_component>
      <object_component id="oc-e3">
         <name>.debug_line</name>
         <load_address>0x13fd</load_address>
         <run_address>0x13fd</run_address>
         <size>0x73</size>
         <input_file_ref idref="fl-22"/>
      </object_component>
      <object_component id="oc-e9">
         <name>.debug_line</name>
         <load_address>0x1470</load_address>
         <run_address>0x1470</run_address>
         <size>0x7d</size>
         <input_file_ref idref="fl-23"/>
      </object_component>
      <object_component id="oc-ee">
         <name>.debug_line</name>
         <load_address>0x14ed</load_address>
         <run_address>0x14ed</run_address>
         <size>0xb3</size>
         <input_file_ref idref="fl-24"/>
      </object_component>
      <object_component id="oc-f3">
         <name>.debug_line</name>
         <load_address>0x15a0</load_address>
         <run_address>0x15a0</run_address>
         <size>0xa2</size>
         <input_file_ref idref="fl-25"/>
      </object_component>
      <object_component id="oc-f8">
         <name>.debug_line</name>
         <load_address>0x1642</load_address>
         <run_address>0x1642</run_address>
         <size>0x49</size>
         <input_file_ref idref="fl-26"/>
      </object_component>
      <object_component id="oc-fd">
         <name>.debug_line</name>
         <load_address>0x168b</load_address>
         <run_address>0x168b</run_address>
         <size>0x57</size>
         <input_file_ref idref="fl-27"/>
      </object_component>
      <object_component id="oc-102">
         <name>.debug_line</name>
         <load_address>0x16e2</load_address>
         <run_address>0x16e2</run_address>
         <size>0xa9</size>
         <input_file_ref idref="fl-28"/>
      </object_component>
      <object_component id="oc-107">
         <name>.debug_line</name>
         <load_address>0x178b</load_address>
         <run_address>0x178b</run_address>
         <size>0x52</size>
         <input_file_ref idref="fl-29"/>
      </object_component>
      <object_component id="oc-10c">
         <name>.debug_line</name>
         <load_address>0x17dd</load_address>
         <run_address>0x17dd</run_address>
         <size>0xab</size>
         <input_file_ref idref="fl-2a"/>
      </object_component>
      <object_component id="oc-111">
         <name>.debug_line</name>
         <load_address>0x1888</load_address>
         <run_address>0x1888</run_address>
         <size>0x8d</size>
         <input_file_ref idref="fl-2b"/>
      </object_component>
      <object_component id="oc-116">
         <name>.debug_line</name>
         <load_address>0x1915</load_address>
         <run_address>0x1915</run_address>
         <size>0x41</size>
         <input_file_ref idref="fl-2c"/>
      </object_component>
      <object_component id="oc-11b">
         <name>.debug_line</name>
         <load_address>0x1956</load_address>
         <run_address>0x1956</run_address>
         <size>0x5e</size>
         <input_file_ref idref="fl-2d"/>
      </object_component>
      <object_component id="oc-120">
         <name>.debug_line</name>
         <load_address>0x19b4</load_address>
         <run_address>0x19b4</run_address>
         <size>0x69</size>
         <input_file_ref idref="fl-2e"/>
      </object_component>
      <object_component id="oc-125">
         <name>.debug_line</name>
         <load_address>0x1a1d</load_address>
         <run_address>0x1a1d</run_address>
         <size>0x52</size>
         <input_file_ref idref="fl-2f"/>
      </object_component>
      <object_component id="oc-12a">
         <name>.debug_line</name>
         <load_address>0x1a6f</load_address>
         <run_address>0x1a6f</run_address>
         <size>0x52</size>
         <input_file_ref idref="fl-30"/>
      </object_component>
      <object_component id="oc-12f">
         <name>.debug_line</name>
         <load_address>0x1ac1</load_address>
         <run_address>0x1ac1</run_address>
         <size>0x53</size>
         <input_file_ref idref="fl-31"/>
      </object_component>
      <object_component id="oc-134">
         <name>.debug_line</name>
         <load_address>0x1b14</load_address>
         <run_address>0x1b14</run_address>
         <size>0x4f</size>
         <input_file_ref idref="fl-32"/>
      </object_component>
      <object_component id="oc-139">
         <name>.debug_line</name>
         <load_address>0x1b63</load_address>
         <run_address>0x1b63</run_address>
         <size>0x50</size>
         <input_file_ref idref="fl-33"/>
      </object_component>
      <object_component id="oc-13e">
         <name>.debug_line</name>
         <load_address>0x1bb3</load_address>
         <run_address>0x1bb3</run_address>
         <size>0x62</size>
         <input_file_ref idref="fl-34"/>
      </object_component>
      <object_component id="oc-143">
         <name>.debug_line</name>
         <load_address>0x1c15</load_address>
         <run_address>0x1c15</run_address>
         <size>0x3e</size>
         <input_file_ref idref="fl-35"/>
      </object_component>
      <object_component id="oc-148">
         <name>.debug_line</name>
         <load_address>0x1c53</load_address>
         <run_address>0x1c53</run_address>
         <size>0x3a</size>
         <input_file_ref idref="fl-36"/>
      </object_component>
      <object_component id="oc-153">
         <name>.debug_line</name>
         <load_address>0x1c8d</load_address>
         <run_address>0x1c8d</run_address>
         <size>0x65</size>
         <input_file_ref idref="fl-38"/>
      </object_component>
      <object_component id="oc-158">
         <name>.debug_line</name>
         <load_address>0x1cf2</load_address>
         <run_address>0x1cf2</run_address>
         <size>0x5e</size>
         <input_file_ref idref="fl-39"/>
      </object_component>
      <object_component id="oc-15d">
         <name>.debug_line</name>
         <load_address>0x1d50</load_address>
         <run_address>0x1d50</run_address>
         <size>0x55</size>
         <input_file_ref idref="fl-3a"/>
      </object_component>
      <object_component id="oc-162">
         <name>.debug_line</name>
         <load_address>0x1da5</load_address>
         <run_address>0x1da5</run_address>
         <size>0x49</size>
         <input_file_ref idref="fl-3b"/>
      </object_component>
      <object_component id="oc-167">
         <name>.debug_line</name>
         <load_address>0x1dee</load_address>
         <run_address>0x1dee</run_address>
         <size>0xc4</size>
         <input_file_ref idref="fl-3c"/>
      </object_component>
      <object_component id="oc-3e">
         <name>.debug_abbrev</name>
         <load_address>0x0</load_address>
         <run_address>0x0</run_address>
         <size>0x148</size>
         <input_file_ref idref="fl-2"/>
      </object_component>
      <object_component id="oc-45">
         <name>.debug_abbrev</name>
         <load_address>0x148</load_address>
         <run_address>0x148</run_address>
         <size>0x1ba</size>
         <input_file_ref idref="fl-3"/>
      </object_component>
      <object_component id="oc-4c">
         <name>.debug_abbrev</name>
         <load_address>0x302</load_address>
         <run_address>0x302</run_address>
         <size>0x173</size>
         <input_file_ref idref="fl-4"/>
      </object_component>
      <object_component id="oc-70">
         <name>.debug_abbrev</name>
         <load_address>0x475</load_address>
         <run_address>0x475</run_address>
[...]
         <object_component_ref idref="oc-17e"/>
      </symbol>
      <symbol id="sm-194">
         <name>_CLK_setOscSrc</name>
         <value>0x3f6f5a</value>
         <object_component_ref idref="oc-17f"/>
      </symbol>
      <symbol id="sm-195">
         <name>_CLK_enableI2cClock</name>
         <value>0x3f6f53</value>
         <object_component_ref idref="oc-18a"/>
      </symbol>
      <symbol id="sm-196">
         <name>_CLK_init</name>
         <value>0x3f6f15</value>
         <object_component_ref idref="oc-175"/>
      </symbol>
      <symbol id="sm-1aa">
         <name>_CPU_disableGlobalInts</name>
         <value>0x3f707e</value>
         <object_component_ref idref="oc-183"/>
      </symbol>
      <symbol id="sm-1ab">
         <name>_CPU_clearIntFlags</name>
         <value>0x3f707b</value>
         <object_component_ref idref="oc-184"/>
      </symbol>
      <symbol id="sm-1ac">
         <name>_CPU_init</name>
         <value>0x3f7077</value>
         <object_component_ref idref="oc-176"/>
      </symbol>
      <symbol id="sm-1ad">
         <name>_cpu</name>
         <value>0x8826</value>
         <object_component_ref idref="oc-77"/>
      </symbol>
      <symbol id="sm-1bb">
         <name>_setDBGIER</name>
         <value>0x3f6ef8</value>
         <object_component_ref idref="oc-7c"/>
      </symbol>
      <symbol id="sm-1bc">
         <name>_DSP28x_DisableInt</name>
         <value>0x3f6efb</value>
         <object_component_ref idref="oc-7c"/>
      </symbol>
      <symbol id="sm-1bd">
         <name>_DSP28x_RestoreInt</name>
         <value>0x3f6eff</value>
         <object_component_ref idref="oc-7c"/>
      </symbol>
      <symbol id="sm-1be">
         <name>_DSP28x_usDelay</name>
         <value>0x8000</value>
         <object_component_ref idref="oc-7d"/>
      </symbol>
      <symbol id="sm-1cd">
         <name>_FLASH_init</name>
         <value>0x3f6f1d</value>
         <object_component_ref idref="oc-177"/>
      </symbol>
      <symbol id="sm-1ea">
         <name>_GPIO_setQualification</name>
         <value>0x3f6d62</value>
         <object_component_ref idref="oc-188"/>
      </symbol>
      <symbol id="sm-1eb">
         <name>_GPIO_setMode</name>
         <value>0x3f6cc8</value>
         <object_component_ref idref="oc-189"/>
      </symbol>
      <symbol id="sm-1ec">
         <name>_GPIO_init</name>
         <value>0x3f6f25</value>
         <object_component_ref idref="oc-178"/>
      </symbol>
      <symbol id="sm-1ed">
         <name>_GPIO_setPullUp</name>
         <value>0x3f6d10</value>
         <object_component_ref idref="oc-187"/>
      </symbol>
      <symbol id="sm-205">
         <name>_PIE_disableAllInts</name>
         <value>0x3f6ecf</value>
         <object_component_ref idref="oc-182"/>
      </symbol>
      <symbol id="sm-206">
         <name>_PIE_disable</name>
         <value>0x3f7081</value>
         <object_component_ref idref="oc-181"/>
      </symbol>
      <symbol id="sm-207">
         <name>_PIE_illegalIsr</name>
         <value>0x3f6ffa</value>
         <object_component_ref idref="oc-8d"/>
      </symbol>
      <symbol id="sm-208">
         <name>_PIE_init</name>
         <value>0x3f6eee</value>
         <object_component_ref idref="oc-179"/>
      </symbol>
      <symbol id="sm-223">
         <name>_PLL_getClkStatus</name>
         <value>0x3f7084</value>
         <object_component_ref idref="oc-18d"/>
      </symbol>
      <symbol id="sm-224">
         <name>_PLL_setDivider</name>
         <value>0x3f6f61</value>
         <object_component_ref idref="oc-18e"/>
      </symbol>
      <symbol id="sm-225">
         <name>_PLL_init</name>
         <value>0x3f6f2d</value>
         <object_component_ref idref="oc-17a"/>
      </symbol>
      <symbol id="sm-226">
         <name>_PLL_getLockStatus</name>
         <value>0x3f7087</value>
         <object_component_ref idref="oc-190"/>
      </symbol>
      <symbol id="sm-227">
         <name>_PLL_setup</name>
         <value>0x3f6ea7</value>
         <object_component_ref idref="oc-180"/>
      </symbol>
      <symbol id="sm-228">
         <name>_PLL_setMultiplier</name>
         <value>0x3f6f68</value>
         <object_component_ref idref="oc-18f"/>
      </symbol>
      <symbol id="sm-239">
         <name>_WDOG_init</name>
         <value>0x3f6f3d</value>
         <object_component_ref idref="oc-17b"/>
      </symbol>
      <symbol id="sm-23a">
         <name>_WDOG_disable</name>
         <value>0x3f6f35</value>
         <object_component_ref idref="oc-17c"/>
      </symbol>
      <symbol id="sm-2dd">
         <name>_ILLEGAL_ISR</name>
         <value>0x3f6fe1</value>
         <object_component_ref idref="oc-a3"/>
      </symbol>
      <symbol id="sm-2de">
         <name>_ADCINT4_ISR</name>
         <value>0x3f6f7d</value>
         <object_component_ref idref="oc-c7"/>
      </symbol>
      <symbol id="sm-2df">
         <name>_DATALOG_ISR</name>
         <value>0x3f6f9b</value>
         <object_component_ref idref="oc-9f"/>
      </symbol>
      <symbol id="sm-2e0">
         <name>_SPITXINTA_ISR</name>
         <value>0x3f7013</value>
         <object_component_ref idref="oc-c1"/>
      </symbol>
      <symbol id="sm-2e1">
         <name>_SPIRXINTA_ISR</name>
         <value>0x3f700e</value>
         <object_component_ref idref="oc-c0"/>
      </symbol>
      <symbol id="sm-2e2">
         <name>_INT13_ISR</name>
         <value>0x3f6fe6</value>
         <object_component_ref idref="oc-9d"/>
      </symbol>
      <symbol id="sm-2e3">
         <name>_ADCINT5_ISR</name>
         <value>0x3f6f82</value>
         <object_component_ref idref="oc-c8"/>
      </symbol>
      <symbol id="sm-2e4">
         <name>_EPWM4_INT_ISR</name>
         <value>0x3f6fcd</value>
         <object_component_ref idref="oc-be"/>
      </symbol>
      <symbol id="sm-2e5">
         <name>_USER5_ISR</name>
         <value>0x3f7040</value>
         <object_component_ref idref="oc-a8"/>
      </symbol>
      <symbol id="sm-2e6">
         <name>_EMPTY_ISR</name>
         <value>0x3f6fa5</value>
         <object_component_ref idref="oc-cd"/>
      </symbol>
      <symbol id="sm-2e7">
         <name>_EPWM4_TZINT_ISR</name>
         <value>0x3f6fd2</value>
         <object_component_ref idref="oc-ba"/>
      </symbol>
      <symbol id="sm-2e8">
         <name>_EMUINT_ISR</name>
         <value>0x3f6faa</value>
         <object_component_ref idref="oc-a1"/>
      </symbol>
      <symbol id="sm-2e9">
         <name>_ECAP1_INT_ISR</name>
         <value>0x3f6fa0</value>
         <object_component_ref idref="oc-bf"/>
      </symbol>
      <symbol id="sm-2ea">
         <name>_EPWM1_TZINT_ISR</name>
         <value>0x3f6fb4</value>
         <object_component_ref idref="oc-b7"/>
      </symbol>
      <symbol id="sm-2eb">
         <name>_ADCINT6_ISR</name>
         <value>0x3f6f87</value>
         <object_component_ref idref="oc-c9"/>
      </symbol>
      <symbol id="sm-2ec">
         <name>_ADCINT8_ISR</name>
         <value>0x3f6f91</value>
         <object_component_ref idref="oc-cb"/>
      </symbol>
      <symbol id="sm-2ed">
         <name>_USER11_ISR</name>
         <value>0x3f7022</value>
         <object_component_ref idref="oc-ae"/>
      </symbol>
      <symbol id="sm-2ee">
         <name>_EPWM3_TZINT_ISR</name>
         <value>0x3f6fc8</value>
         <object_component_ref idref="oc-b9"/>
      </symbol>
      <symbol id="sm-2ef">
         <name>_USER4_ISR</name>
         <value>0x3f703b</value>
         <object_component_ref idref="oc-a7"/>
      </symbol>
      <symbol id="sm-2f0">
         <name>_EPWM2_TZINT_ISR</name>
         <value>0x3f6fbe</value>
         <object_component_ref idref="oc-b8"/>
      </symbol>
      <symbol id="sm-2f1">
         <name>_EPWM2_INT_ISR</name>
         <value>0x3f6fb9</value>
         <object_component_ref idref="oc-bc"/>
      </symbol>
      <symbol id="sm-2f2">
         <name>_TINT0_ISR</name>
         <value>0x3f7018</value>
         <object_component_ref idref="oc-b5"/>
      </symbol>
      <symbol id="sm-2f3">
         <name>_WAKEINT_ISR</name>
         <value>0x3f7059</value>
         <object_component_ref idref="oc-b6"/>
      </symbol>
      <symbol id="sm-2f4">
         <name>_ADCINT7_ISR</name>
         <value>0x3f6f8c</value>
         <object_component_ref idref="oc-ca"/>
      </symbol>
      <symbol id="sm-2f5">
         <name>_ADCINT9_ISR</name>
         <value>0x3f6f96</value>
         <object_component_ref idref="oc-b4"/>
      </symbol>
      <symbol id="sm-2f6">
         <name>_USER10_ISR</name>
         <value>0x3f701d</value>
         <object_component_ref idref="oc-ad"/>
      </symbol>
      <symbol id="sm-2f7">
         <name>_USER7_ISR</name>
         <value>0x3f704a</value>
         <object_component_ref idref="oc-aa"/>
      </symbol>
      <symbol id="sm-2f8">
         <name>_XINT1_ISR</name>
         <value>0x3f705e</value>
         <object_component_ref idref="oc-b2"/>
      </symbol>
      <symbol id="sm-2f9">
         <name>_INT14_ISR</name>
         <value>0x3f6feb</value>
         <object_component_ref idref="oc-9e"/>
      </symbol>
      <symbol id="sm-2fa">
         <name>_USER6_ISR</name>
         <value>0x3f7045</value>
         <object_component_ref idref="oc-a9"/>
      </symbol>
      <symbol id="sm-2fb">
         <name>_ADCINT1_ISR</name>
         <value>0x3f6f6e</value>
         <object_component_ref idref="oc-b0"/>
      </symbol>
      <symbol id="sm-2fc">
         <name>_USER12_ISR</name>
         <value>0x3f7027</value>
         <object_component_ref idref="oc-af"/>
      </symbol>
      <symbol id="sm-2fd">
         <name>_USER1_ISR</name>
         <value>0x3f702c</value>
         <object_component_ref idref="oc-a4"/>
      </symbol>
      <symbol id="sm-2fe">
         <name>_XINT3_ISR</name>
         <value>0x3f7068</value>
         <object_component_ref idref="oc-cc"/>
      </symbol>
      <symbol id="sm-2ff">
         <name>_NMI_ISR</name>
         <value>0x3f6ff0</value>
         <object_component_ref idref="oc-a2"/>
      </symbol>
      <symbol id="sm-300">
         <name>_ADCINT2_ISR</name>
         <value>0x3f6f73</value>
         <object_component_ref idref="oc-b1"/>
      </symbol>
      <symbol id="sm-301">
         <name>_PIE_RESERVED</name>
         <value>0x3f6ff5</value>
         <object_component_ref idref="oc-ce"/>
      </symbol>
      <symbol id="sm-302">
         <name>_I2CINT1A_ISR</name>
         <value>0x3f6fd7</value>
         <object_component_ref idref="oc-c2"/>
      </symbol>
      <symbol id="sm-303">
         <name>_XINT2_ISR</name>
         <value>0x3f7063</value>
         <object_component_ref idref="oc-b3"/>
      </symbol>
      <symbol id="sm-304">
         <name>_I2CINT2A_ISR</name>
         <value>0x3f6fdc</value>
         <object_component_ref idref="oc-c3"/>
      </symbol>
      <symbol id="sm-305">
         <name>_RTOSINT_ISR</name>
         <value>0x3f6fff</value>
         <object_component_ref idref="oc-a0"/>
      </symbol>
      <symbol id="sm-306">
         <name>_EPWM3_INT_ISR</name>
         <value>0x3f6fc3</value>
         <object_component_ref idref="oc-bd"/>
      </symbol>
      <symbol id="sm-307">
         <name>_ADCINT3_ISR</name>
         <value>0x3f6f78</value>
         <object_component_ref idref="oc-c6"/>
      </symbol>
      <symbol id="sm-308">
         <name>_USER9_ISR</name>
         <value>0x3f7054</value>
         <object_component_ref idref="oc-ac"/>
      </symbol>
      <symbol id="sm-309">
         <name>_USER3_ISR</name>
         <value>0x3f7036</value>
         <object_component_ref idref="oc-a6"/>
      </symbol>
      <symbol id="sm-30a">
         <name>_USER8_ISR</name>
         <value>0x3f704f</value>
         <object_component_ref idref="oc-ab"/>
      </symbol>
      <symbol id="sm-30b">
         <name>_EPWM1_INT_ISR</name>
         <value>0x3f6faf</value>
         <object_component_ref idref="oc-bb"/>
      </symbol>
      <symbol id="sm-30c">
         <name>_USER2_ISR</name>
         <value>0x3f7031</value>
         <object_component_ref idref="oc-a5"/>
      </symbol>
      <symbol id="sm-30d">
         <name>_SCITXINTA_ISR</name>
         <value>0x3f7009</value>
         <object_component_ref idref="oc-c5"/>
      </symbol>
      <symbol id="sm-30e">
         <name>_SCIRXINTA_ISR</name>
         <value>0x3f7004</value>
         <object_component_ref idref="oc-c4"/>
      </symbol>
      <symbol id="sm-30f">
         <name>_rsvd_ISR</name>
         <value>0x3f706d</value>
         <object_component_ref idref="oc-cf"/>
      </symbol>
      <symbol id="sm-369">
         <name>_powf</name>
         <value>0x3f6078</value>
         <object_component_ref idref="oc-18b"/>
      </symbol>
      <symbol id="sm-36a">
         <name>_pow</name>
         <value>0x3f6078</value>
         <object_component_ref idref="oc-18b"/>
      </symbol>
      <symbol id="sm-385">
         <name>_sqrtf</name>
         <value>0x3f6b48</value>
         <object_component_ref idref="oc-192"/>
      </symbol>
      <symbol id="sm-386">
         <name>_sqrt</name>
         <value>0x3f6b48</value>
         <object_component_ref idref="oc-192"/>
      </symbol>
      <symbol id="sm-39f">
         <name>_scalbn</name>
         <value>0x3f6bbd</value>
         <object_component_ref idref="oc-196"/>
      </symbol>
      <symbol id="sm-3a0">
         <name>_ldexp</name>
         <value>0x3f6bbd</value>
         <object_component_ref idref="oc-196"/>
      </symbol>
      <symbol id="sm-3a1">
         <name>_scalbnf</name>
         <value>0x3f6bbd</value>
         <object_component_ref idref="oc-196"/>
      </symbol>
      <symbol id="sm-3a2">
         <name>_ldexpf</name>
         <value>0x3f6bbd</value>
         <object_component_ref idref="oc-196"/>
      </symbol>
      <symbol id="sm-3bd">
         <name>_c_int00</name>
         <value>0x3f6c74</value>
         <object_component_ref idref="oc-38"/>
      </symbol>
      <symbol id="sm-3be">
         <name>__stack</name>
         <value>0x50</value>
         <object_component_ref idref="oc-e6"/>
      </symbol>
      <symbol id="sm-3d5">
         <name>FD$$DIV</name>
         <value>0x3f693f</value>
         <object_component_ref idref="oc-ec"/>
      </symbol>
      <symbol id="sm-3e7">
         <name>FD$$MPY</name>
         <value>0x3f69ca</value>
         <object_component_ref idref="oc-f1"/>
      </symbol>
      <symbol id="sm-3f3">
         <name>FD$$SUB</name>
         <value>0x3f6ee0</value>
         <object_component_ref idref="oc-f6"/>
      </symbol>
      <symbol id="sm-402">
         <name>FD$$TOUL</name>
         <value>0x3f6e11</value>
         <object_component_ref idref="oc-fb"/>
      </symbol>
      <symbol id="sm-41c">
         <name>FS$$ADD</name>
         <value>0x3f6ad5</value>
         <object_component_ref idref="oc-100"/>
      </symbol>
      <symbol id="sm-41d">
         <name>FS$$SUB</name>
         <value>0x3f6ad0</value>
         <object_component_ref idref="oc-100"/>
      </symbol>
      <symbol id="sm-42f">
         <name>FS$$CMP</name>
         <value>0x3f6e79</value>
         <object_component_ref idref="oc-105"/>
      </symbol>
      <symbol id="sm-440">
         <name>FS$$DIV</name>
         <value>0x3f6a4d</value>
         <object_component_ref idref="oc-10a"/>
      </symbol>
      <symbol id="sm-451">
         <name>FS$$MPY</name>
         <value>0x3f6c1a</value>
         <object_component_ref idref="oc-10f"/>
      </symbol>
      <symbol id="sm-45e">
         <name>FS$$NEG</name>
         <value>0x3f7072</value>
         <object_component_ref idref="oc-114"/>
      </symbol>
      <symbol id="sm-46f">
         <name>FS$$TOI</name>
         <value>0x3f6d89</value>
         <object_component_ref idref="oc-119"/>
      </symbol>
      <symbol id="sm-47d">
         <name>I$$MOD</name>
         <value>0x3f6de3</value>
         <object_component_ref idref="oc-11e"/>
      </symbol>
      <symbol id="sm-47e">
         <name>I$$DIV</name>
         <value>0x3f6dd2</value>
         <object_component_ref idref="oc-11e"/>
      </symbol>
      <symbol id="sm-48d">
         <name>I$$TOFS</name>
         <value>0x3f6e2c</value>
         <object_component_ref idref="oc-123"/>
      </symbol>
      <symbol id="sm-49e">
         <name>U$$TOFD</name>
         <value>0x3f6e90</value>
         <object_component_ref idref="oc-128"/>
      </symbol>
      <symbol id="sm-4ad">
         <name>L$$TOFS</name>
         <value>0x3f6e46</value>
         <object_component_ref idref="oc-12d"/>
      </symbol>
      <symbol id="sm-4bd">
         <name>UL$$TOFS</name>
         <value>0x3f6ebc</value>
         <object_component_ref idref="oc-132"/>
      </symbol>
      <symbol id="sm-4cc">
         <name>_copy_in</name>
         <value>0x3f6dae</value>
         <object_component_ref idref="oc-16b"/>
      </symbol>
      <symbol id="sm-4dd">
         <name>_memcpy</name>
         <value>0x3f6df4</value>
         <object_component_ref idref="oc-16f"/>
      </symbol>
      <symbol id="sm-4e9">
         <name>__system_pre_init</name>
         <value>0x3f708a</value>
         <object_component_ref idref="oc-16a"/>
      </symbol>
      <symbol id="sm-4f6">
         <name>__system_post_cinit</name>
         <value>0x3f708c</value>
         <object_component_ref idref="oc-16c"/>
      </symbol>
      <symbol id="sm-500">
         <name>_errno</name>
         <value>0x8827</value>
         <object_component_ref idref="oc-14d"/>
      </symbol>
      <symbol id="sm-514">
         <name>C$$EXIT</name>
         <value>0x3f6d39</value>
         <object_component_ref idref="oc-16e"/>
      </symbol>
      <symbol id="sm-515">
         <name>_exit</name>
         <value>0x3f6d3b</value>
         <object_component_ref idref="oc-16e"/>
      </symbol>
      <symbol id="sm-516">
         <name>___TI_cleanup_ptr</name>
         <value>0x881e</value>
         <object_component_ref idref="oc-151"/>
      </symbol>
      <symbol id="sm-517">
         <name>___TI_enable_exit_profile_output</name>
         <value>0x881c</value>
         <object_component_ref idref="oc-151"/>
      </symbol>
      <symbol id="sm-518">
         <name>_abort</name>
         <value>0x3f6d39</value>
         <object_component_ref idref="oc-16e"/>
      </symbol>
      <symbol id="sm-519">
         <name>___TI_dtors_ptr</name>
         <value>0x8820</value>
         <object_component_ref idref="oc-151"/>
      </symbol>
      <symbol id="sm-52d">
         <name>__unlock</name>
         <value>0x8824</value>
         <object_component_ref idref="oc-191"/>
      </symbol>
      <symbol id="sm-52e">
         <name>__lock</name>
         <value>0x8822</value>
         <object_component_ref idref="oc-171"/>
      </symbol>
      <symbol id="sm-52f">
         <name>__register_lock</name>
         <value>0x3f6f10</value>
         <object_component_ref idref="oc-185"/>
      </symbol>
      <symbol id="sm-530">
         <name>__nop</name>
         <value>0x3f6f14</value>
         <object_component_ref idref="oc-185"/>
      </symbol>
      <symbol id="sm-531">
         <name>__register_unlock</name>
         <value>0x3f6f0c</value>
         <object_component_ref idref="oc-185"/>
      </symbol>
      <symbol id="sm-540">
         <name>__args_main</name>
         <value>0x3f6e60</value>
         <object_component_ref idref="oc-16d"/>
      </symbol>
      <symbol id="sm-54c">
         <name>_copysignf</name>
         <value>0x3f6f02</value>
         <object_component_ref idref="oc-197"/>
      </symbol>
      <symbol id="sm-54d">
         <name>_copysign</name>
         <value>0x3f6f02</value>
         <object_component_ref idref="oc-197"/>
      </symbol>
      <symbol id="sm-568">
         <name>FD$$ADD</name>
         <value>0x3f68a3</value>
         <object_component_ref idref="oc-165"/>
      </symbol>
   </symbol_table>
   <title>Link successful</title>
</link_info>
