<?xml version="1.0" encoding="ISO-8859-1" ?>
<link_info>
   <banner>TMS320C2000 Linker PC v18.1.4.LTS</banner>
   <copyright>Copyright (c) 1996-2018 Texas Instruments Incorporated</copyright>
   <link_time>0x6056fc77</link_time>
   <link_errors>0x0</link_errors>
   <output_file>ELEX7890_CAPSTONE_NIBSMD.out</output_file>
   <entry_point>
      <name>_c_int00</name>
      <address>0x3f6ccd</address>
   </entry_point>
   <input_file_list>
      <input_file id="fl-2">
         <path>.\</path>
         <kind>object</kind>
         <file>ELEX7890_main.obj</file>
         <name>ELEX7890_main.obj</name>
      </input_file>
      <input_file id="fl-3">
         <path>.\</path>
         <kind>object</kind>
         <file>F28027_I2C_LCD.obj</file>
         <name>F28027_I2C_LCD.obj</name>
      </input_file>
      <input_file id="fl-4">
         <path>.\</path>
         <kind>object</kind>
         <file>NAU7802_ADC.obj</file>
         <name>NAU7802_ADC.obj</name>
      </input_file>
      <input_file id="fl-a">
         <kind>object</kind>
         <file>&lt;internal&gt;</file>
         <name>&lt;internal&gt;</name>
      </input_file>
      <input_file id="fl-b">
         <path>..\</path>
         <kind>archive</kind>
         <file>driverlib.lib</file>
         <name>F2802xX_GlobalVariableDefs.obj</name>
      </input_file>
      <input_file id="fl-c">
         <path>..\</path>
         <kind>archive</kind>
         <file>driverlib.lib</file>
         <name>clk.obj</name>
      </input_file>
      <input_file id="fl-d">
         <path>..\</path>
         <kind>archive</kind>
         <file>driverlib.lib</file>
         <name>cpu.obj</name>
      </input_file>
      <input_file id="fl-e">
         <path>..\</path>
         <kind>archive</kind>
         <file>driverlib.lib</file>
         <name>f2802xx_asmfuncs.obj</name>
      </input_file>
      <input_file id="fl-f">
         <path>..\</path>
         <kind>archive</kind>
         <file>driverlib.lib</file>
         <name>flash.obj</name>
      </input_file>
      <input_file id="fl-10">
         <path>..\</path>
         <kind>archive</kind>
         <file>driverlib.lib</file>
         <name>gpio.obj</name>
      </input_file>
      <input_file id="fl-11">
         <path>..\</path>
         <kind>archive</kind>
         <file>driverlib.lib</file>
         <name>pie.obj</name>
      </input_file>
      <input_file id="fl-12">
         <path>..\</path>
         <kind>archive</kind>
         <file>driverlib.lib</file>
         <name>pll.obj</name>
      </input_file>
      <input_file id="fl-13">
         <path>..\</path>
         <kind>archive</kind>
         <file>driverlib.lib</file>
         <name>wdog.obj</name>
      </input_file>
      <input_file id="fl-14">
         <path>..\</path>
         <kind>archive</kind>
         <file>driverlib.lib</file>
         <name>f2802xx_defaultisr.obj</name>
      </input_file>
      <input_file id="fl-20">
         <path>C:\ti\ccsv8\tools\compiler\ti-cgt-c2000_18.1.4.LTS\lib\</path>
         <kind>archive</kind>
         <file>rts2800_ml.lib</file>
         <name>e_powf.c.obj</name>
      </input_file>
      <input_file id="fl-21">
         <path>C:\ti\ccsv8\tools\compiler\ti-cgt-c2000_18.1.4.LTS\lib\</path>
         <kind>archive</kind>
         <file>rts2800_ml.lib</file>
         <name>e_sqrtf.c.obj</name>
      </input_file>
      <input_file id="fl-22">
         <path>C:\ti\ccsv8\tools\compiler\ti-cgt-c2000_18.1.4.LTS\lib\</path>
         <kind>archive</kind>
         <file>rts2800_ml.lib</file>
         <name>s_scalbnf.c.obj</name>
      </input_file>
      <input_file id="fl-23">
         <path>C:\ti\ccsv8\tools\compiler\ti-cgt-c2000_18.1.4.LTS\lib\</path>
         <kind>archive</kind>
         <file>rts2800_ml.lib</file>
         <name>boot28.asm.obj</name>
      </input_file>
      <input_file id="fl-24">
         <path>C:\ti\ccsv8\tools\compiler\ti-cgt-c2000_18.1.4.LTS\lib\</path>
         <kind>archive</kind>
         <file>rts2800_ml.lib</file>
         <name>fd_div28.asm.obj</name>
      </input_file>
      <input_file id="fl-25">
         <path>C:\ti\ccsv8\tools\compiler\ti-cgt-c2000_18.1.4.LTS\lib\</path>
         <kind>archive</kind>
         <file>rts2800_ml.lib</file>
         <name>fd_mpy28.asm.obj</name>
      </input_file>
      <input_file id="fl-26">
         <path>C:\ti\ccsv8\tools\compiler\ti-cgt-c2000_18.1.4.LTS\lib\</path>
         <kind>archive</kind>
         <file>rts2800_ml.lib</file>
         <name>fd_sub28.asm.obj</name>
      </input_file>
      <input_file id="fl-27">
         <path>C:\ti\ccsv8\tools\compiler\ti-cgt-c2000_18.1.4.LTS\lib\</path>
         <kind>archive</kind>
         <file>rts2800_ml.lib</file>
         <name>fd_toul28.asm.obj</name>
      </input_file>
      <input_file id="fl-28">
         <path>C:\ti\ccsv8\tools\compiler\ti-cgt-c2000_18.1.4.LTS\lib\</path>
         <kind>archive</kind>
         <file>rts2800_ml.lib</file>
         <name>fs_add28.asm.obj</name>
      </input_file>
      <input_file id="fl-29">
         <path>C:\ti\ccsv8\tools\compiler\ti-cgt-c2000_18.1.4.LTS\lib\</path>
         <kind>archive</kind>
         <file>rts2800_ml.lib</file>
         <name>fs_cmp28.asm.obj</name>
      </input_file>
      <input_file id="fl-2a">
         <path>C:\ti\ccsv8\tools\compiler\ti-cgt-c2000_18.1.4.LTS\lib\</path>
         <kind>archive</kind>
         <file>rts2800_ml.lib</file>
         <name>fs_div28.asm.obj</name>
      </input_file>
      <input_file id="fl-2b">
         <path>C:\ti\ccsv8\tools\compiler\ti-cgt-c2000_18.1.4.LTS\lib\</path>
         <kind>archive</kind>
         <file>rts2800_ml.lib</file>
         <name>fs_mpy28.asm.obj</name>
      </input_file>
      <input_file id="fl-2c">
         <path>C:\ti\ccsv8\tools\compiler\ti-cgt-c2000_18.1.4.LTS\lib\</path>
         <kind>archive</kind>
         <file>rts2800_ml.lib</file>
         <name>fs_neg28.asm.obj</name>
      </input_file>
      <input_file id="fl-2d">
         <path>C:\ti\ccsv8\tools\compiler\ti-cgt-c2000_18.1.4.LTS\lib\</path>
         <kind>archive</kind>
         <file>rts2800_ml.lib</file>
         <name>fs_toi28.asm.obj</name>
      </input_file>
      <input_file id="fl-2e">
         <path>C:\ti\ccsv8\tools\compiler\ti-cgt-c2000_18.1.4.LTS\lib\</path>
         <kind>archive</kind>
         <file>rts2800_ml.lib</file>
         <name>i_div28.asm.obj</name>
      </input_file>
      <input_file id="fl-2f">
         <path>C:\ti\ccsv8\tools\compiler\ti-cgt-c2000_18.1.4.LTS\lib\</path>
         <kind>archive</kind>
         <file>rts2800_ml.lib</file>
         <name>i_tofs28.asm.obj</name>
      </input_file>
      <input_file id="fl-30">
         <path>C:\ti\ccsv8\tools\compiler\ti-cgt-c2000_18.1.4.LTS\lib\</path>
         <kind>archive</kind>
         <file>rts2800_ml.lib</file>
         <name>u_tofd28.asm.obj</name>
      </input_file>
      <input_file id="fl-31">
         <path>C:\ti\ccsv8\tools\compiler\ti-cgt-c2000_18.1.4.LTS\lib\</path>
         <kind>archive</kind>
         <file>rts2800_ml.lib</file>
         <name>l_tofs28.asm.obj</name>
      </input_file>
      <input_file id="fl-32">
         <path>C:\ti\ccsv8\tools\compiler\ti-cgt-c2000_18.1.4.LTS\lib\</path>
         <kind>archive</kind>
         <file>rts2800_ml.lib</file>
         <name>ul_tofs28.asm.obj</name>
      </input_file>
      <input_file id="fl-33">
         <path>C:\ti\ccsv8\tools\compiler\ti-cgt-c2000_18.1.4.LTS\lib\</path>
         <kind>archive</kind>
         <file>rts2800_ml.lib</file>
         <name>cpy_tbl.c.obj</name>
      </input_file>
      <input_file id="fl-34">
         <path>C:\ti\ccsv8\tools\compiler\ti-cgt-c2000_18.1.4.LTS\lib\</path>
         <kind>archive</kind>
         <file>rts2800_ml.lib</file>
         <name>memcpy.c.obj</name>
      </input_file>
      <input_file id="fl-35">
         <path>C:\ti\ccsv8\tools\compiler\ti-cgt-c2000_18.1.4.LTS\lib\</path>
         <kind>archive</kind>
         <file>rts2800_ml.lib</file>
         <name>pre_init.c.obj</name>
      </input_file>
      <input_file id="fl-36">
         <path>C:\ti\ccsv8\tools\compiler\ti-cgt-c2000_18.1.4.LTS\lib\</path>
         <kind>archive</kind>
         <file>rts2800_ml.lib</file>
         <name>startup.c.obj</name>
      </input_file>
      <input_file id="fl-37">
         <path>C:\ti\ccsv8\tools\compiler\ti-cgt-c2000_18.1.4.LTS\lib\</path>
         <kind>archive</kind>
         <file>rts2800_ml.lib</file>
         <name>errno.c.obj</name>
      </input_file>
      <input_file id="fl-38">
         <path>C:\ti\ccsv8\tools\compiler\ti-cgt-c2000_18.1.4.LTS\lib\</path>
         <kind>archive</kind>
         <file>rts2800_ml.lib</file>
         <name>exit.c.obj</name>
      </input_file>
      <input_file id="fl-39">
         <path>C:\ti\ccsv8\tools\compiler\ti-cgt-c2000_18.1.4.LTS\lib\</path>
         <kind>archive</kind>
         <file>rts2800_ml.lib</file>
         <name>_lock.c.obj</name>
      </input_file>
      <input_file id="fl-3a">
         <path>C:\ti\ccsv8\tools\compiler\ti-cgt-c2000_18.1.4.LTS\lib\</path>
         <kind>archive</kind>
         <file>rts2800_ml.lib</file>
         <name>args_main.c.obj</name>
      </input_file>
      <input_file id="fl-3b">
         <path>C:\ti\ccsv8\tools\compiler\ti-cgt-c2000_18.1.4.LTS\lib\</path>
         <kind>archive</kind>
         <file>rts2800_ml.lib</file>
         <name>s_copysignf.c.obj</name>
      </input_file>
      <input_file id="fl-3c">
         <path>C:\ti\ccsv8\tools\compiler\ti-cgt-c2000_18.1.4.LTS\lib\</path>
         <kind>archive</kind>
         <file>rts2800_ml.lib</file>
         <name>fd_add28.asm.obj</name>
      </input_file>
   </input_file_list>
   <object_component_list>
      <object_component id="oc-150">
         <name>.cinit</name>
         <load_address>0x3f7120</load_address>
         <run_address>0x3f7120</run_address>
         <size>0xe</size>
         <input_file_ref idref="fl-38"/>
      </object_component>
      <object_component id="oc-48">
         <name>.cinit</name>
         <load_address>0x3f712e</load_address>
         <run_address>0x3f712e</run_address>
         <size>0x8</size>
         <input_file_ref idref="fl-4"/>
      </object_component>
      <object_component id="oc-172">
         <name>.cinit:__lock</name>
         <load_address>0x3f7136</load_address>
         <run_address>0x3f7136</run_address>
         <size>0x5</size>
         <input_file_ref idref="fl-39"/>
      </object_component>
      <object_component id="oc-187">
         <name>.cinit:__unlock</name>
         <load_address>0x3f713b</load_address>
         <run_address>0x3f713b</run_address>
         <size>0x5</size>
         <input_file_ref idref="fl-39"/>
      </object_component>
      <object_component id="oc-14c">
         <name>.cinit</name>
         <load_address>0x3f7140</load_address>
         <run_address>0x3f7140</run_address>
         <size>0x4</size>
         <input_file_ref idref="fl-37"/>
      </object_component>
      <object_component id="oc-18d">
         <name>.text</name>
         <load_address>0x3f6080</load_address>
         <run_address>0x3f6080</run_address>
         <size>0x41e</size>
         <input_file_ref idref="fl-20"/>
      </object_component>
      <object_component id="oc-173">
         <name>.text</name>
         <load_address>0x3f649e</load_address>
         <run_address>0x3f649e</run_address>
         <size>0x2a1</size>
         <input_file_ref idref="fl-3"/>
      </object_component>
      <object_component id="oc-170">
         <name>.text</name>
         <load_address>0x3f673f</load_address>
         <run_address>0x3f673f</run_address>
         <size>0xf2</size>
         <input_file_ref idref="fl-2"/>
      </object_component>
      <object_component id="oc-174">
         <name>.text</name>
         <load_address>0x3f6831</load_address>
         <run_address>0x3f6831</run_address>
         <size>0xcb</size>
         <input_file_ref idref="fl-4"/>
      </object_component>
      <object_component id="oc-165">
         <name>.text</name>
         <load_address>0x3f68fc</load_address>
         <run_address>0x3f68fc</run_address>
         <size>0x9c</size>
         <input_file_ref idref="fl-3c"/>
      </object_component>
      <object_component id="oc-ec">
         <name>.text</name>
         <load_address>0x3f6998</load_address>
         <run_address>0x3f6998</run_address>
         <size>0x8b</size>
         <input_file_ref idref="fl-24"/>
      </object_component>
      <object_component id="oc-f1">
         <name>.text</name>
         <load_address>0x3f6a23</load_address>
         <run_address>0x3f6a23</run_address>
         <size>0x83</size>
         <input_file_ref idref="fl-25"/>
      </object_component>
      <object_component id="oc-10a">
         <name>.text</name>
         <load_address>0x3f6aa6</load_address>
         <run_address>0x3f6aa6</run_address>
         <size>0x83</size>
         <input_file_ref idref="fl-2a"/>
      </object_component>
      <object_component id="oc-100">
         <name>.text</name>
         <load_address>0x3f6b29</load_address>
         <run_address>0x3f6b29</run_address>
         <size>0x78</size>
         <input_file_ref idref="fl-28"/>
      </object_component>
      <object_component id="oc-194">
         <name>.text</name>
         <load_address>0x3f6ba1</load_address>
         <run_address>0x3f6ba1</run_address>
         <size>0x75</size>
         <input_file_ref idref="fl-21"/>
      </object_component>
      <object_component id="oc-198">
         <name>.text</name>
         <load_address>0x3f6c16</load_address>
         <run_address>0x3f6c16</run_address>
         <size>0x5d</size>
         <input_file_ref idref="fl-22"/>
      </object_component>
      <object_component id="oc-10f">
         <name>.text</name>
         <load_address>0x3f6c73</load_address>
         <run_address>0x3f6c73</run_address>
         <size>0x5a</size>
         <input_file_ref idref="fl-2b"/>
      </object_component>
      <object_component id="oc-38">
         <name>.text</name>
         <load_address>0x3f6ccd</load_address>
         <run_address>0x3f6ccd</run_address>
         <size>0x54</size>
         <input_file_ref idref="fl-23"/>
      </object_component>
      <object_component id="oc-189">
         <name>.text:_GPIO_setMode</name>
         <load_address>0x3f6d21</load_address>
         <run_address>0x3f6d21</run_address>
         <size>0x48</size>
         <input_file_ref idref="fl-10"/>
      </object_component>
      <object_component id="oc-18a">
         <name>.text:_GPIO_setDirection</name>
         <load_address>0x3f6d69</load_address>
         <run_address>0x3f6d69</run_address>
         <size>0x29</size>
         <input_file_ref idref="fl-10"/>
      </object_component>
      <object_component id="oc-188">
         <name>.text:_GPIO_setPullUp</name>
         <load_address>0x3f6d92</load_address>
         <run_address>0x3f6d92</run_address>
         <size>0x29</size>
         <input_file_ref idref="fl-10"/>
      </object_component>
      <object_component id="oc-16e">
         <name>.text</name>
         <load_address>0x3f6dbb</load_address>
         <run_address>0x3f6dbb</run_address>
         <size>0x29</size>
         <input_file_ref idref="fl-38"/>
      </object_component>
      <object_component id="oc-18b">
         <name>.text:_GPIO_setQualification</name>
         <load_address>0x3f6de4</load_address>
         <run_address>0x3f6de4</run_address>
         <size>0x27</size>
         <input_file_ref idref="fl-10"/>
      </object_component>
      <object_component id="oc-119">
         <name>.text</name>
         <load_address>0x3f6e0b</load_address>
         <run_address>0x3f6e0b</run_address>
         <size>0x25</size>
         <input_file_ref idref="fl-2d"/>
      </object_component>
      <object_component id="oc-16b">
         <name>.text</name>
         <load_address>0x3f6e30</load_address>
         <run_address>0x3f6e30</run_address>
         <size>0x24</size>
         <input_file_ref idref="fl-33"/>
      </object_component>
      <object_component id="oc-11e">
         <name>.text</name>
         <load_address>0x3f6e54</load_address>
         <run_address>0x3f6e54</run_address>
         <size>0x22</size>
         <input_file_ref idref="fl-2e"/>
      </object_component>
      <object_component id="oc-16f">
         <name>.text</name>
         <load_address>0x3f6e76</load_address>
         <run_address>0x3f6e76</run_address>
         <size>0x1d</size>
         <input_file_ref idref="fl-34"/>
      </object_component>
      <object_component id="oc-fb">
         <name>.text</name>
         <load_address>0x3f6e93</load_address>
         <run_address>0x3f6e93</run_address>
         <size>0x1b</size>
         <input_file_ref idref="fl-27"/>
      </object_component>
      <object_component id="oc-123">
         <name>.text</name>
         <load_address>0x3f6eae</load_address>
         <run_address>0x3f6eae</run_address>
         <size>0x1a</size>
         <input_file_ref idref="fl-2f"/>
      </object_component>
      <object_component id="oc-12d">
         <name>.text</name>
         <load_address>0x3f6ec8</load_address>
         <run_address>0x3f6ec8</run_address>
         <size>0x1a</size>
         <input_file_ref idref="fl-31"/>
      </object_component>
      <object_component id="oc-16d">
         <name>.text</name>
         <load_address>0x3f6ee2</load_address>
         <run_address>0x3f6ee2</run_address>
         <size>0x19</size>
         <input_file_ref idref="fl-3a"/>
      </object_component>
      <object_component id="oc-105">
         <name>.text</name>
         <load_address>0x3f6efb</load_address>
         <run_address>0x3f6efb</run_address>
         <size>0x17</size>
         <input_file_ref idref="fl-29"/>
      </object_component>
      <object_component id="oc-128">
         <name>.text</name>
         <load_address>0x3f6f12</load_address>
         <run_address>0x3f6f12</run_address>
         <size>0x17</size>
         <input_file_ref idref="fl-30"/>
      </object_component>
      <object_component id="oc-181">
         <name>.text:_PLL_setup</name>
         <load_address>0x3f6f29</load_address>
         <run_address>0x3f6f29</run_address>
         <size>0x15</size>
         <input_file_ref idref="fl-12"/>
      </object_component>
      <object_component id="oc-132">
         <name>.text</name>
         <load_address>0x3f6f3e</load_address>
         <run_address>0x3f6f3e</run_address>
         <size>0x13</size>
         <input_file_ref idref="fl-32"/>
      </object_component>
      <object_component id="oc-175">
         <name>.text:_GPIO_getData</name>
         <load_address>0x3f6f51</load_address>
         <run_address>0x3f6f51</run_address>
         <size>0x11</size>
         <input_file_ref idref="fl-10"/>
      </object_component>
      <object_component id="oc-183">
         <name>.text:_PIE_disableAllInts</name>
         <load_address>0x3f6f62</load_address>
         <run_address>0x3f6f62</run_address>
         <size>0x11</size>
         <input_file_ref idref="fl-11"/>
      </object_component>
      <object_component id="oc-f6">
         <name>.text</name>
         <load_address>0x3f6f73</load_address>
         <run_address>0x3f6f73</run_address>
         <size>0xe</size>
         <input_file_ref idref="fl-26"/>
      </object_component>
      <object_component id="oc-17a">
         <name>.text:_PIE_init</name>
         <load_address>0x3f6f81</load_address>
         <run_address>0x3f6f81</run_address>
         <size>0xa</size>
         <input_file_ref idref="fl-11"/>
      </object_component>
      <object_component id="oc-7c">
         <name>.text</name>
         <load_address>0x3f6f8b</load_address>
         <run_address>0x3f6f8b</run_address>
         <size>0xa</size>
         <input_file_ref idref="fl-e"/>
      </object_component>
      <object_component id="oc-199">
         <name>.text</name>
         <load_address>0x3f6f95</load_address>
         <run_address>0x3f6f95</run_address>
         <size>0xa</size>
         <input_file_ref idref="fl-3b"/>
      </object_component>
      <object_component id="oc-186">
         <name>.text</name>
         <load_address>0x3f6f9f</load_address>
         <run_address>0x3f6f9f</run_address>
         <size>0x9</size>
         <input_file_ref idref="fl-39"/>
      </object_component>
      <object_component id="oc-176">
         <name>.text:_CLK_init</name>
         <load_address>0x3f6fa8</load_address>
         <run_address>0x3f6fa8</run_address>
         <size>0x8</size>
         <input_file_ref idref="fl-c"/>
      </object_component>
      <object_component id="oc-178">
         <name>.text:_FLASH_init</name>
         <load_address>0x3f6fb0</load_address>
         <run_address>0x3f6fb0</run_address>
         <size>0x8</size>
         <input_file_ref idref="fl-f"/>
      </object_component>
      <object_component id="oc-179">
         <name>.text:_GPIO_init</name>
         <load_address>0x3f6fb8</load_address>
         <run_address>0x3f6fb8</run_address>
         <size>0x8</size>
         <input_file_ref idref="fl-10"/>
      </object_component>
      <object_component id="oc-17b">
         <name>.text:_PLL_init</name>
         <load_address>0x3f6fc0</load_address>
         <run_address>0x3f6fc0</run_address>
         <size>0x8</size>
         <input_file_ref idref="fl-12"/>
      </object_component>
      <object_component id="oc-17d">
         <name>.text:_WDOG_disable</name>
         <load_address>0x3f6fc8</load_address>
         <run_address>0x3f6fc8</run_address>
         <size>0x8</size>
         <input_file_ref idref="fl-13"/>
      </object_component>
      <object_component id="oc-17c">
         <name>.text:_WDOG_init</name>
         <load_address>0x3f6fd0</load_address>
         <run_address>0x3f6fd0</run_address>
         <size>0x8</size>
         <input_file_ref idref="fl-13"/>
      </object_component>
      <object_component id="oc-17f">
         <name>.text:_CLK_disableAdcClock</name>
         <load_address>0x3f6fd8</load_address>
         <run_address>0x3f6fd8</run_address>
         <size>0x7</size>
         <input_file_ref idref="fl-c"/>
      </object_component>
      <object_component id="oc-17e">
         <name>.text:_CLK_enableAdcClock</name>
         <load_address>0x3f6fdf</load_address>
         <run_address>0x3f6fdf</run_address>
         <size>0x7</size>
         <input_file_ref idref="fl-c"/>
      </object_component>
      <object_component id="oc-18c">
         <name>.text:_CLK_enableI2cClock</name>
         <load_address>0x3f6fe6</load_address>
         <run_address>0x3f6fe6</run_address>
         <size>0x7</size>
         <input_file_ref idref="fl-c"/>
      </object_component>
      <object_component id="oc-180">
         <name>.text:_CLK_setOscSrc</name>
         <load_address>0x3f6fed</load_address>
         <run_address>0x3f6fed</run_address>
         <size>0x7</size>
         <input_file_ref idref="fl-c"/>
      </object_component>
      <object_component id="oc-190">
         <name>.text:_PLL_setDivider</name>
         <load_address>0x3f6ff4</load_address>
         <run_address>0x3f6ff4</run_address>
         <size>0x7</size>
         <input_file_ref idref="fl-12"/>
      </object_component>
      <object_component id="oc-191">
         <name>.text:_PLL_setMultiplier</name>
         <load_address>0x3f6ffb</load_address>
         <run_address>0x3f6ffb</run_address>
         <size>0x6</size>
         <input_file_ref idref="fl-12"/>
      </object_component>
      <object_component id="oc-b0">
         <name>.text:_ADCINT1_ISR</name>
         <load_address>0x3f7001</load_address>
         <run_address>0x3f7001</run_address>
         <size>0x5</size>
         <input_file_ref idref="fl-14"/>
      </object_component>
      <object_component id="oc-b1">
         <name>.text:_ADCINT2_ISR</name>
         <load_address>0x3f7006</load_address>
         <run_address>0x3f7006</run_address>
         <size>0x5</size>
         <input_file_ref idref="fl-14"/>
      </object_component>
      <object_component id="oc-c6">
         <name>.text:_ADCINT3_ISR</name>
         <load_address>0x3f700b</load_address>
         <run_address>0x3f700b</run_address>
         <size>0x5</size>
         <input_file_ref idref="fl-14"/>
      </object_component>
      <object_component id="oc-c7">
         <name>.text:_ADCINT4_ISR</name>
         <load_address>0x3f7010</load_address>
         <run_address>0x3f7010</run_address>
         <size>0x5</size>
         <input_file_ref idref="fl-14"/>
      </object_component>
      <object_component id="oc-c8">
         <name>.text:_ADCINT5_ISR</name>
         <load_address>0x3f7015</load_address>
         <run_address>0x3f7015</run_address>
         <size>0x5</size>
         <input_file_ref idref="fl-14"/>
      </object_component>
      <object_component id="oc-c9">
         <name>.text:_ADCINT6_ISR</name>
         <load_address>0x3f701a</load_address>
         <run_address>0x3f701a</run_address>
         <size>0x5</size>
         <input_file_ref idref="fl-14"/>
      </object_component>
      <object_component id="oc-ca">
         <name>.text:_ADCINT7_ISR</name>
         <load_address>0x3f701f</load_address>
         <run_address>0x3f701f</run_address>
         <size>0x5</size>
         <input_file_ref idref="fl-14"/>
      </object_component>
      <object_component id="oc-cb">
         <name>.text:_ADCINT8_ISR</name>
         <load_address>0x3f7024</load_address>
         <run_address>0x3f7024</run_address>
         <size>0x5</size>
         <input_file_ref idref="fl-14"/>
      </object_component>
      <object_component id="oc-b4">
         <name>.text:_ADCINT9_ISR</name>
         <load_address>0x3f7029</load_address>
         <run_address>0x3f7029</run_address>
         <size>0x5</size>
         <input_file_ref idref="fl-14"/>
      </object_component>
      <object_component id="oc-9f">
         <name>.text:_DATALOG_ISR</name>
         <load_address>0x3f702e</load_address>
         <run_address>0x3f702e</run_address>
         <size>0x5</size>
         <input_file_ref idref="fl-14"/>
      </object_component>
      <object_component id="oc-bf">
         <name>.text:_ECAP1_INT_ISR</name>
         <load_address>0x3f7033</load_address>
         <run_address>0x3f7033</run_address>
         <size>0x5</size>
         <input_file_ref idref="fl-14"/>
      </object_component>
      <object_component id="oc-cd">
         <name>.text:_EMPTY_ISR</name>
         <load_address>0x3f7038</load_address>
         <run_address>0x3f7038</run_address>
         <size>0x5</size>
         <input_file_ref idref="fl-14"/>
      </object_component>
      <object_component id="oc-a1">
         <name>.text:_EMUINT_ISR</name>
         <load_address>0x3f703d</load_address>
         <run_address>0x3f703d</run_address>
         <size>0x5</size>
         <input_file_ref idref="fl-14"/>
      </object_component>
      <object_component id="oc-bb">
         <name>.text:_EPWM1_INT_ISR</name>
         <load_address>0x3f7042</load_address>
         <run_address>0x3f7042</run_address>
         <size>0x5</size>
         <input_file_ref idref="fl-14"/>
      </object_component>
      <object_component id="oc-b7">
         <name>.text:_EPWM1_TZINT_ISR</name>
         <load_address>0x3f7047</load_address>
         <run_address>0x3f7047</run_address>
         <size>0x5</size>
         <input_file_ref idref="fl-14"/>
      </object_component>
      <object_component id="oc-bc">
         <name>.text:_EPWM2_INT_ISR</name>
         <load_address>0x3f704c</load_address>
         <run_address>0x3f704c</run_address>
         <size>0x5</size>
         <input_file_ref idref="fl-14"/>
      </object_component>
      <object_component id="oc-b8">
         <name>.text:_EPWM2_TZINT_ISR</name>
         <load_address>0x3f7051</load_address>
         <run_address>0x3f7051</run_address>
         <size>0x5</size>
         <input_file_ref idref="fl-14"/>
      </object_component>
      <object_component id="oc-bd">
         <name>.text:_EPWM3_INT_ISR</name>
         <load_address>0x3f7056</load_address>
         <run_address>0x3f7056</run_address>
         <size>0x5</size>
         <input_file_ref idref="fl-14"/>
      </object_component>
      <object_component id="oc-b9">
         <name>.text:_EPWM3_TZINT_ISR</name>
         <load_address>0x3f705b</load_address>
         <run_address>0x3f705b</run_address>
         <size>0x5</size>
         <input_file_ref idref="fl-14"/>
      </object_component>
      <object_component id="oc-be">
         <name>.text:_EPWM4_INT_ISR</name>
         <load_address>0x3f7060</load_address>
         <run_address>0x3f7060</run_address>
         <size>0x5</size>
         <input_file_ref idref="fl-14"/>
      </object_component>
      <object_component id="oc-ba">
         <name>.text:_EPWM4_TZINT_ISR</name>
         <load_address>0x3f7065</load_address>
         <run_address>0x3f7065</run_address>
         <size>0x5</size>
         <input_file_ref idref="fl-14"/>
      </object_component>
      <object_component id="oc-c2">
         <name>.text:_I2CINT1A_ISR</name>
         <load_address>0x3f706a</load_address>
         <run_address>0x3f706a</run_address>
         <size>0x5</size>
         <input_file_ref idref="fl-14"/>
      </object_component>
      <object_component id="oc-c3">
         <name>.text:_I2CINT2A_ISR</name>
         <load_address>0x3f706f</load_address>
         <run_address>0x3f706f</run_address>
         <size>0x5</size>
         <input_file_ref idref="fl-14"/>
      </object_component>
      <object_component id="oc-a3">
         <name>.text:_ILLEGAL_ISR</name>
         <load_address>0x3f7074</load_address>
         <run_address>0x3f7074</run_address>
         <size>0x5</size>
         <input_file_ref idref="fl-14"/>
      </object_component>
      <object_component id="oc-9d">
         <name>.text:_INT13_ISR</name>
         <load_address>0x3f7079</load_address>
         <run_address>0x3f7079</run_address>
         <size>0x5</size>
         <input_file_ref idref="fl-14"/>
      </object_component>
      <object_component id="oc-9e">
         <name>.text:_INT14_ISR</name>
         <load_address>0x3f707e</load_address>
         <run_address>0x3f707e</run_address>
         <size>0x5</size>
         <input_file_ref idref="fl-14"/>
      </object_component>
      <object_component id="oc-a2">
         <name>.text:_NMI_ISR</name>
         <load_address>0x3f7083</load_address>
         <run_address>0x3f7083</run_address>
         <size>0x5</size>
         <input_file_ref idref="fl-14"/>
      </object_component>
      <object_component id="oc-ce">
         <name>.text:_PIE_RESERVED</name>
         <load_address>0x3f7088</load_address>
         <run_address>0x3f7088</run_address>
         <size>0x5</size>
         <input_file_ref idref="fl-14"/>
      </object_component>
      <object_component id="oc-8d">
         <name>.text:_PIE_illegalIsr</name>
         <load_address>0x3f708d</load_address>
         <run_address>0x3f708d</run_address>
         <size>0x5</size>
         <input_file_ref idref="fl-11"/>
      </object_component>
      <object_component id="oc-a0">
         <name>.text:_RTOSINT_ISR</name>
         <load_address>0x3f7092</load_address>
         <run_address>0x3f7092</run_address>
         <size>0x5</size>
         <input_file_ref idref="fl-14"/>
      </object_component>
      <object_component id="oc-c4">
         <name>.text:_SCIRXINTA_ISR</name>
         <load_address>0x3f7097</load_address>
         <run_address>0x3f7097</run_address>
         <size>0x5</size>
         <input_file_ref idref="fl-14"/>
      </object_component>
      <object_component id="oc-c5">
         <name>.text:_SCITXINTA_ISR</name>
         <load_address>0x3f709c</load_address>
         <run_address>0x3f709c</run_address>
         <size>0x5</size>
         <input_file_ref idref="fl-14"/>
      </object_component>
      <object_component id="oc-c0">
         <name>.text:_SPIRXINTA_ISR</name>
         <load_address>0x3f70a1</load_address>
         <run_address>0x3f70a1</run_address>
         <size>0x5</size>
         <input_file_ref idref="fl-14"/>
      </object_component>
      <object_component id="oc-c1">
         <name>.text:_SPITXINTA_ISR</name>
         <load_address>0x3f70a6</load_address>
         <run_address>0x3f70a6</run_address>
         <size>0x5</size>
         <input_file_ref idref="fl-14"/>
      </object_component>
      <object_component id="oc-b5">
         <name>.text:_TINT0_ISR</name>
         <load_address>0x3f70ab</load_address>
         <run_address>0x3f70ab</run_address>
         <size>0x5</size>
         <input_file_ref idref="fl-14"/>
      </object_component>
      <object_component id="oc-ad">
         <name>.text:_USER10_ISR</name>
         <load_address>0x3f70b0</load_address>
         <run_address>0x3f70b0</run_address>
         <size>0x5</size>
         <input_file_ref idref="fl-14"/>
      </object_component>
      <object_component id="oc-ae">
         <name>.text:_USER11_ISR</name>
         <load_address>0x3f70b5</load_address>
         <run_address>0x3f70b5</run_address>
         <size>0x5</size>
         <input_file_ref idref="fl-14"/>
      </object_component>
      <object_component id="oc-af">
         <name>.text:_USER12_ISR</name>
         <load_address>0x3f70ba</load_address>
         <run_address>0x3f70ba</run_address>
         <size>0x5</size>
         <input_file_ref idref="fl-14"/>
      </object_component>
      <object_component id="oc-a4">
         <name>.text:_USER1_ISR</name>
         <load_address>0x3f70bf</load_address>
         <run_address>0x3f70bf</run_address>
         <size>0x5</size>
         <input_file_ref idref="fl-14"/>
      </object_component>
      <object_component id="oc-a5">
         <name>.text:_USER2_ISR</name>
         <load_address>0x3f70c4</load_address>
         <run_address>0x3f70c4</run_address>
         <size>0x5</size>
         <input_file_ref idref="fl-14"/>
      </object_component>
      <object_component id="oc-a6">
         <name>.text:_USER3_ISR</name>
         <load_address>0x3f70c9</load_address>
         <run_address>0x3f70c9</run_address>
         <size>0x5</size>
         <input_file_ref idref="fl-14"/>
      </object_component>
      <object_component id="oc-a7">
         <name>.text:_USER4_ISR</name>
         <load_address>0x3f70ce</load_address>
         <run_address>0x3f70ce</run_address>
         <size>0x5</size>
         <input_file_ref idref="fl-14"/>
      </object_component>
      <object_component id="oc-a8">
         <name>.text:_USER5_ISR</name>
         <load_address>0x3f70d3</load_address>
         <run_address>0x3f70d3</run_address>
         <size>0x5</size>
         <input_file_ref idref="fl-14"/>
      </object_component>
      <object_component id="oc-a9">
         <name>.text:_USER6_ISR</name>
         <load_address>0x3f70d8</load_address>
         <run_address>0x3f70d8</run_address>
         <size>0x5</size>
         <input_file_ref idref="fl-14"/>
      </object_component>
      <object_component id="oc-aa">
         <name>.text:_USER7_ISR</name>
         <load_address>0x3f70dd</load_address>
         <run_address>0x3f70dd</run_address>
         <size>0x5</size>
         <input_file_ref idref="fl-14"/>
      </object_component>
      <object_component id="oc-ab">
         <name>.text:_USER8_ISR</name>
         <load_address>0x3f70e2</load_address>
         <run_address>0x3f70e2</run_address>
         <size>0x5</size>
         <input_file_ref idref="fl-14"/>
      </object_component>
      <object_component id="oc-ac">
         <name>.text:_USER9_ISR</name>
         <load_address>0x3f70e7</load_address>
         <run_address>0x3f70e7</run_address>
         <size>0x5</size>
         <input_file_ref idref="fl-14"/>
      </object_component>
      <object_component id="oc-b6">
         <name>.text:_WAKEINT_ISR</name>
         <load_address>0x3f70ec</load_address>
         <run_address>0x3f70ec</run_address>
         <size>0x5</size>
         <input_file_ref idref="fl-14"/>
      </object_component>
      <object_component id="oc-b2">
         <name>.text:_XINT1_ISR</name>
         <load_address>0x3f70f1</load_address>
         <run_address>0x3f70f1</run_address>
         <size>0x5</size>
         <input_file_ref idref="fl-14"/>
      </object_component>
      <object_component id="oc-b3">
         <name>.text:_XINT2_ISR</name>
         <load_address>0x3f70f6</load_address>
         <run_address>0x3f70f6</run_address>
         <size>0x5</size>
         <input_file_ref idref="fl-14"/>
      </object_component>
      <object_component id="oc-cc">
         <name>.text:_XINT3_ISR</name>
         <load_address>0x3f70fb</load_address>
         <run_address>0x3f70fb</run_address>
         <size>0x5</size>
         <input_file_ref idref="fl-14"/>
      </object_component>
      <object_component id="oc-cf">
         <name>.text:_rsvd_ISR</name>
         <load_address>0x3f7100</load_address>
         <run_address>0x3f7100</run_address>
         <size>0x5</size>
         <input_file_ref idref="fl-14"/>
      </object_component>
      <object_component id="oc-114">
         <name>.text</name>
         <load_address>0x3f7105</load_address>
         <run_address>0x3f7105</run_address>
         <size>0x5</size>
         <input_file_ref idref="fl-2c"/>
      </object_component>
      <object_component id="oc-177">
         <name>.text:_CPU_init</name>
         <load_address>0x3f710a</load_address>
         <run_address>0x3f710a</run_address>
         <size>0x4</size>
         <input_file_ref idref="fl-d"/>
      </object_component>
      <object_component id="oc-185">
         <name>.text:_CPU_clearIntFlags</name>
         <load_address>0x3f710e</load_address>
         <run_address>0x3f710e</run_address>
         <size>0x3</size>
         <input_file_ref idref="fl-d"/>
      </object_component>
      <object_component id="oc-184">
         <name>.text:_CPU_disableGlobalInts</name>
         <load_address>0x3f7111</load_address>
         <run_address>0x3f7111</run_address>
         <size>0x3</size>
         <input_file_ref idref="fl-d"/>
      </object_component>
      <object_component id="oc-182">
         <name>.text:_PIE_disable</name>
         <load_address>0x3f7114</load_address>
         <run_address>0x3f7114</run_address>
         <size>0x3</size>
         <input_file_ref idref="fl-11"/>
      </object_component>
      <object_component id="oc-18f">
         <name>.text:_PLL_getClkStatus</name>
         <load_address>0x3f7117</load_address>
         <run_address>0x3f7117</run_address>
         <size>0x3</size>
         <input_file_ref idref="fl-12"/>
      </object_component>
      <object_component id="oc-192">
         <name>.text:_PLL_getLockStatus</name>
         <load_address>0x3f711a</load_address>
         <run_address>0x3f711a</run_address>
         <size>0x3</size>
         <input_file_ref idref="fl-12"/>
      </object_component>
      <object_component id="oc-16a">
         <name>.text</name>
         <load_address>0x3f711d</load_address>
         <run_address>0x3f711d</run_address>
         <size>0x2</size>
         <input_file_ref idref="fl-35"/>
      </object_component>
      <object_component id="oc-16c">
         <name>.text</name>
         <load_address>0x3f711f</load_address>
         <run_address>0x3f711f</run_address>
         <size>0x1</size>
         <input_file_ref idref="fl-36"/>
      </object_component>
      <object_component id="oc-7d">
         <name>ramfuncs</name>
         <load_address>0x3f607c</load_address>
         <run_address>0x8000</run_address>
         <size>0x4</size>
         <input_file_ref idref="fl-e"/>
      </object_component>
      <object_component id="oc-e6">
         <name>.stack</name>
         <uninitialized>true</uninitialized>
         <run_address>0x50</run_address>
         <size>0x0</size>
         <input_file_ref idref="fl-23"/>
      </object_component>
      <object_component id="oc-1d9">
         <name>.stack</name>
         <uninitialized>true</uninitialized>
         <run_address>0x50</run_address>
         <size>0x0</size>
      </object_component>
      <object_component id="oc-3a">
         <name>.ebss</name>
         <uninitialized>true</uninitialized>
         <run_address>0x8800</run_address>
         <size>0xe</size>
         <input_file_ref idref="fl-2"/>
      </object_component>
      <object_component id="oc-41">
         <name>.ebss</name>
         <uninitialized>true</uninitialized>
         <run_address>0x880e</run_address>
         <size>0x8</size>
         <input_file_ref idref="fl-3"/>
      </object_component>
      <object_component id="oc-49">
         <name>.ebss</name>
         <uninitialized>true</uninitialized>
         <run_address>0x8816</run_address>
         <size>0x6</size>
         <input_file_ref idref="fl-4"/>
      </object_component>
      <object_component id="oc-77">
         <name>.ebss</name>
         <uninitialized>true</uninitialized>
         <run_address>0x8826</run_address>
         <size>0x1</size>
         <input_file_ref idref="fl-d"/>
      </object_component>
      <object_component id="oc-14d">
         <name>.ebss</name>
         <uninitialized>true</uninitialized>
         <run_address>0x8827</run_address>
         <size>0x1</size>
         <input_file_ref idref="fl-37"/>
      </object_component>
      <object_component id="oc-151">
         <name>.ebss</name>
         <uninitialized>true</uninitialized>
         <run_address>0x881c</run_address>
         <size>0x6</size>
         <input_file_ref idref="fl-38"/>
      </object_component>
      <object_component id="oc-193">
         <name>.ebss:__unlock</name>
         <uninitialized>true</uninitialized>
         <run_address>0x8824</run_address>
         <size>0x2</size>
         <input_file_ref idref="fl-39"/>
      </object_component>
      <object_component id="oc-171">
         <name>.ebss:__lock</name>
         <uninitialized>true</uninitialized>
         <run_address>0x8822</run_address>
         <size>0x2</size>
         <input_file_ref idref="fl-39"/>
      </object_component>
      <object_component id="oc-d5">
         <name>.econst</name>
         <load_address>0x3f6000</load_address>
         <run_address>0x3f6000</run_address>
         <size>0x32</size>
         <input_file_ref idref="fl-20"/>
      </object_component>
      <object_component id="oc-3b">
         <name>.econst:.string</name>
         <load_address>0x3f6032</load_address>
         <run_address>0x3f6032</run_address>
         <size>0x1f</size>
         <input_file_ref idref="fl-2"/>
      </object_component>
      <object_component id="oc-42">
         <name>.econst</name>
         <load_address>0x3f6052</load_address>
         <run_address>0x3f6052</run_address>
         <size>0x10</size>
         <input_file_ref idref="fl-3"/>
      </object_component>
      <object_component id="oc-e1">
         <name>.econst</name>
         <load_address>0x3f6062</load_address>
         <run_address>0x3f6062</run_address>
         <size>0x6</size>
         <input_file_ref idref="fl-22"/>
      </object_component>
      <object_component id="oc-18e">
         <name>.econst:_$P$T0$1</name>
         <load_address>0x3f6068</load_address>
         <run_address>0x3f6068</run_address>
         <size>0x4</size>
         <input_file_ref idref="fl-3"/>
      </object_component>
      <object_component id="oc-195">
         <name>.econst:_bp</name>
         <load_address>0x3f606c</load_address>
         <run_address>0x3f606c</run_address>
         <size>0x4</size>
         <input_file_ref idref="fl-20"/>
      </object_component>
      <object_component id="oc-196">
         <name>.econst:_dp_h</name>
         <load_address>0x3f6070</load_address>
         <run_address>0x3f6070</run_address>
         <size>0x4</size>
         <input_file_ref idref="fl-20"/>
      </object_component>
      <object_component id="oc-197">
         <name>.econst:_dp_l</name>
         <load_address>0x3f6074</load_address>
         <run_address>0x3f6074</run_address>
         <size>0x4</size>
         <input_file_ref idref="fl-20"/>
      </object_component>
      <object_component id="oc-db">
         <name>.econst</name>
         <load_address>0x3f6078</load_address>
         <run_address>0x3f6078</run_address>
         <size>0x4</size>
         <input_file_ref idref="fl-21"/>
      </object_component>
      <object_component id="oc-e7">
         <name>.reset</name>
         <load_address>0x3fffc0</load_address>
         <run_address>0x3fffc0</run_address>
         <size>0x2</size>
         <input_file_ref idref="fl-23"/>
      </object_component>
      <object_component id="oc-6f">
         <name>PieVectTableFile</name>
         <uninitialized>true</uninitialized>
         <run_address>0xd00</run_address>
         <size>0x100</size>
         <input_file_ref idref="fl-b"/>
      </object_component>
      <object_component id="oc-4f">
         <name>EmuKeyVar</name>
         <uninitialized>true</uninitialized>
         <run_address>0xd00</run_address>
         <size>0x1</size>
         <input_file_ref idref="fl-b"/>
      </object_component>
      <object_component id="oc-51">
         <name>EmuBModeVar</name>
         <uninitialized>true</uninitialized>
         <run_address>0xd01</run_address>
         <size>0x1</size>
         <input_file_ref idref="fl-b"/>
      </object_component>
      <object_component id="oc-53">
         <name>FlashCallbackVar</name>
         <uninitialized>true</uninitialized>
         <run_address>0xd02</run_address>
         <size>0x2</size>
         <input_file_ref idref="fl-b"/>
      </object_component>
      <object_component id="oc-52">
         <name>FlashScalingVar</name>
         <uninitialized>true</uninitialized>
         <run_address>0xd04</run_address>
         <size>0x2</size>
         <input_file_ref idref="fl-b"/>
      </object_component>
      <object_component id="oc-55">
         <name>DevEmuRegsFile</name>
         <uninitialized>true</uninitialized>
         <run_address>0x880</run_address>
         <size>0x4</size>
         <input_file_ref idref="fl-b"/>
      </object_component>
      <object_component id="oc-54">
         <name>SysPwrCtrlRegsFile</name>
         <uninitialized>true</uninitialized>
         <run_address>0x985</run_address>
         <size>0x3</size>
         <input_file_ref idref="fl-b"/>
      </object_component>
      <object_component id="oc-56">
         <name>FlashRegsFile</name>
         <uninitialized>true</uninitialized>
         <run_address>0xa80</run_address>
         <size>0x8</size>
         <input_file_ref idref="fl-b"/>
      </object_component>
      <object_component id="oc-5f">
         <name>CsmRegsFile</name>
         <uninitialized>true</uninitialized>
         <run_address>0xae0</run_address>
         <size>0x10</size>
         <input_file_ref idref="fl-b"/>
      </object_component>
      <object_component id="oc-67">
         <name>AdcResultFile</name>
         <uninitialized>true</uninitialized>
         <run_address>0xb00</run_address>
         <size>0x20</size>
         <input_file_ref idref="fl-b"/>
      </object_component>
      <object_component id="oc-57">
         <name>CpuTimer0RegsFile</name>
         <uninitialized>true</uninitialized>
         <run_address>0xc00</run_address>
         <size>0x8</size>
         <input_file_ref idref="fl-b"/>
      </object_component>
      <object_component id="oc-58">
         <name>CpuTimer1RegsFile</name>
         <uninitialized>true</uninitialized>
         <run_address>0xc08</run_address>
         <size>0x8</size>
         <input_file_ref idref="fl-b"/>
      </object_component>
      <object_component id="oc-59">
         <name>CpuTimer2RegsFile</name>
         <uninitialized>true</uninitialized>
         <run_address>0xc10</run_address>
         <size>0x8</size>
         <input_file_ref idref="fl-b"/>
      </object_component>
      <object_component id="oc-63">
         <name>PieCtrlRegsFile</name>
         <uninitialized>true</uninitialized>
         <run_address>0xce0</run_address>
         <size>0x1a</size>
         <input_file_ref idref="fl-b"/>
      </object_component>
      <object_component id="oc-66">
         <name>ECap1RegsFile</name>
         <uninitialized>true</uninitialized>
         <run_address>0x6a00</run_address>
         <size>0x20</size>
         <input_file_ref idref="fl-b"/>
      </object_component>
      <object_component id="oc-6d">
         <name>GpioCtrlRegsFile</name>
         <uninitialized>true</uninitialized>
         <run_address>0x6f80</run_address>
         <size>0x40</size>
         <input_file_ref idref="fl-b"/>
      </object_component>
      <object_component id="oc-65">
         <name>GpioDataRegsFile</name>
         <uninitialized>true</uninitialized>
         <run_address>0x6fc0</run_address>
         <size>0x20</size>
         <input_file_ref idref="fl-b"/>
      </object_component>
      <object_component id="oc-5b">
         <name>GpioIntRegsFile</name>
         <uninitialized>true</uninitialized>
         <run_address>0x6fe0</run_address>
         <size>0xa</size>
         <input_file_ref idref="fl-b"/>
      </object_component>
      <object_component id="oc-64">
         <name>SysCtrlRegsFile</name>
         <uninitialized>true</uninitialized>
         <run_address>0x7010</run_address>
         <size>0x1f</size>
         <input_file_ref idref="fl-b"/>
      </object_component>
      <object_component id="oc-5c">
         <name>SpiaRegsFile</name>
         <uninitialized>true</uninitialized>
         <run_address>0x7040</run_address>
         <size>0x10</size>
         <input_file_ref idref="fl-b"/>
      </object_component>
      <object_component id="oc-5d">
         <name>SciaRegsFile</name>
         <uninitialized>true</uninitialized>
         <run_address>0x7050</run_address>
         <size>0x10</size>
         <input_file_ref idref="fl-b"/>
      </object_component>
      <object_component id="oc-5e">
         <name>NmiIntruptRegsFile</name>
         <uninitialized>true</uninitialized>
         <run_address>0x7060</run_address>
         <size>0x10</size>
         <input_file_ref idref="fl-b"/>
      </object_component>
      <object_component id="oc-60">
         <name>XIntruptRegsFile</name>
         <uninitialized>true</uninitialized>
         <run_address>0x7070</run_address>
         <size>0x10</size>
         <input_file_ref idref="fl-b"/>
      </object_component>
      <object_component id="oc-6e">
         <name>AdcRegsFile</name>
         <uninitialized>true</uninitialized>
         <run_address>0x7100</run_address>
         <size>0x51</size>
         <input_file_ref idref="fl-b"/>
      </object_component>
      <object_component id="oc-68">
         <name>I2caRegsFile</name>
         <uninitialized>true</uninitialized>
         <run_address>0x7900</run_address>
         <size>0x22</size>
         <input_file_ref idref="fl-b"/>
      </object_component>
      <object_component id="oc-62">
         <name>Comp1RegsFile</name>
         <uninitialized>true</uninitialized>
         <run_address>0x6400</run_address>
         <size>0x11</size>
         <input_file_ref idref="fl-b"/>
      </object_component>
      <object_component id="oc-61">
         <name>Comp2RegsFile</name>
         <uninitialized>true</uninitialized>
         <run_address>0x6420</run_address>
         <size>0x11</size>
         <input_file_ref idref="fl-b"/>
      </object_component>
      <object_component id="oc-6c">
         <name>EPwm1RegsFile</name>
         <uninitialized>true</uninitialized>
         <run_address>0x6800</run_address>
         <size>0x40</size>
         <input_file_ref idref="fl-b"/>
      </object_component>
      <object_component id="oc-6a">
         <name>EPwm2RegsFile</name>
         <uninitialized>true</uninitialized>
         <run_address>0x6840</run_address>
         <size>0x40</size>
         <input_file_ref idref="fl-b"/>
      </object_component>
      <object_component id="oc-69">
         <name>EPwm3RegsFile</name>
         <uninitialized>true</uninitialized>
         <run_address>0x6880</run_address>
         <size>0x40</size>
         <input_file_ref idref="fl-b"/>
      </object_component>
      <object_component id="oc-6b">
         <name>EPwm4RegsFile</name>
         <uninitialized>true</uninitialized>
         <run_address>0x68c0</run_address>
         <size>0x40</size>
         <input_file_ref idref="fl-b"/>
      </object_component>
      <object_component id="oc-5a">
         <name>CsmPwlFile</name>
         <uninitialized>true</uninitialized>
         <run_address>0x3f7ff8</run_address>
         <size>0x8</size>
         <input_file_ref idref="fl-b"/>
      </object_component>
      <object_component id="oc-50">
         <name>PartIdRegsFile</name>
         <uninitialized>true</uninitialized>
         <run_address>0x3d7fff</run_address>
         <size>0x1</size>
         <input_file_ref idref="fl-b"/>
      </object_component>
      <object_component id="oc-39">
         <name>.debug_info</name>
         <load_address>0x0</load_address>
         <run_address>0x0</run_address>
         <size>0x1226</size>
         <input_file_ref idref="fl-2"/>
      </object_component>
      <object_component id="oc-40">
         <name>.debug_info</name>
         <load_address>0x1226</load_address>
         <run_address>0x1226</run_address>
         <size>0x30ab</size>
         <input_file_ref idref="fl-3"/>
      </object_component>
      <object_component id="oc-47">
         <name>.debug_info</name>
         <load_address>0x42d1</load_address>
         <run_address>0x42d1</run_address>
         <size>0x1327</size>
         <input_file_ref idref="fl-4"/>
      </object_component>
      <object_component id="oc-4e">
         <name>.debug_info</name>
         <load_address>0x55f8</load_address>
         <run_address>0x55f8</run_address>
         <size>0xb0d8</size>
         <input_file_ref idref="fl-b"/>
      </object_component>
      <object_component id="oc-71">
         <name>.debug_info</name>
         <load_address>0x106d0</load_address>
         <run_address>0x106d0</run_address>
         <size>0xee3</size>
         <input_file_ref idref="fl-c"/>
      </object_component>
      <object_component id="oc-76">
         <name>.debug_info</name>
         <load_address>0x115b3</load_address>
         <run_address>0x115b3</run_address>
         <size>0x78a</size>
         <input_file_ref idref="fl-d"/>
      </object_component>
      <object_component id="oc-7e">
         <name>.debug_info</name>
         <load_address>0x11d3d</load_address>
         <run_address>0x11d3d</run_address>
         <size>0x1f9</size>
         <input_file_ref idref="fl-e"/>
      </object_component>
      <object_component id="oc-82">
         <name>.debug_info</name>
         <load_address>0x11f36</load_address>
         <run_address>0x11f36</run_address>
         <size>0xc8c</size>
         <input_file_ref idref="fl-f"/>
      </object_component>
      <object_component id="oc-87">
         <name>.debug_info</name>
         <load_address>0x12bc2</load_address>
         <run_address>0x12bc2</run_address>
         <size>0x1d25</size>
         <input_file_ref idref="fl-10"/>
      </object_component>
      <object_component id="oc-8c">
         <name>.debug_info</name>
         <load_address>0x148e7</load_address>
         <run_address>0x148e7</run_address>
         <size>0x276a</size>
         <input_file_ref idref="fl-11"/>
      </object_component>
      <object_component id="oc-92">
         <name>.debug_info</name>
         <load_address>0x17051</load_address>
         <run_address>0x17051</run_address>
         <size>0xd6c</size>
         <input_file_ref idref="fl-12"/>
      </object_component>
      <object_component id="oc-97">
         <name>.debug_info</name>
         <load_address>0x17dbd</load_address>
         <run_address>0x17dbd</run_address>
         <size>0x7a9</size>
         <input_file_ref idref="fl-13"/>
      </object_component>
      <object_component id="oc-9c">
         <name>.debug_info</name>
         <load_address>0x18566</load_address>
         <run_address>0x18566</run_address>
         <size>0x2d3e</size>
         <input_file_ref idref="fl-14"/>
      </object_component>
      <object_component id="oc-d4">
         <name>.debug_info</name>
         <load_address>0x1b2a4</load_address>
         <run_address>0x1b2a4</run_address>
         <size>0xe08</size>
         <input_file_ref idref="fl-20"/>
      </object_component>
      <object_component id="oc-da">
         <name>.debug_info</name>
         <load_address>0x1c0ac</load_address>
         <run_address>0x1c0ac</run_address>
         <size>0x41d</size>
         <input_file_ref idref="fl-21"/>
      </object_component>
      <object_component id="oc-e0">
         <name>.debug_info</name>
         <load_address>0x1c4c9</load_address>
         <run_address>0x1c4c9</run_address>
         <size>0x465</size>
         <input_file_ref idref="fl-22"/>
      </object_component>
      <object_component id="oc-e8">
         <name>.debug_info</name>
         <load_address>0x1c92e</load_address>
         <run_address>0x1c92e</run_address>
         <size>0x176</size>
         <input_file_ref idref="fl-23"/>
      </object_component>
      <object_component id="oc-ed">
         <name>.debug_info</name>
         <load_address>0x1caa4</load_address>
         <run_address>0x1caa4</run_address>
         <size>0x117</size>
         <input_file_ref idref="fl-24"/>
      </object_component>
      <object_component id="oc-f2">
         <name>.debug_info</name>
         <load_address>0x1cbbb</load_address>
         <run_address>0x1cbbb</run_address>
         <size>0x117</size>
         <input_file_ref idref="fl-25"/>
      </object_component>
      <object_component id="oc-f7">
         <name>.debug_info</name>
         <load_address>0x1ccd2</load_address>
         <run_address>0x1ccd2</run_address>
         <size>0x125</size>
         <input_file_ref idref="fl-26"/>
      </object_component>
      <object_component id="oc-fc">
         <name>.debug_info</name>
         <load_address>0x1cdf7</load_address>
         <run_address>0x1cdf7</run_address>
         <size>0x11a</size>
         <input_file_ref idref="fl-27"/>
      </object_component>
      <object_component id="oc-101">
         <name>.debug_info</name>
         <load_address>0x1cf11</load_address>
         <run_address>0x1cf11</run_address>
         <size>0x117</size>
         <input_file_ref idref="fl-28"/>
      </object_component>
      <object_component id="oc-106">
         <name>.debug_info</name>
         <load_address>0x1d028</load_address>
         <run_address>0x1d028</run_address>
         <size>0x117</size>
         <input_file_ref idref="fl-29"/>
      </object_component>
      <object_component id="oc-10b">
         <name>.debug_info</name>
         <load_address>0x1d13f</load_address>
         <run_address>0x1d13f</run_address>
         <size>0x117</size>
         <input_file_ref idref="fl-2a"/>
      </object_component>
      <object_component id="oc-110">
         <name>.debug_info</name>
         <load_address>0x1d256</load_address>
         <run_address>0x1d256</run_address>
         <size>0x117</size>
         <input_file_ref idref="fl-2b"/>
      </object_component>
      <object_component id="oc-115">
         <name>.debug_info</name>
         <load_address>0x1d36d</load_address>
         <run_address>0x1d36d</run_address>
         <size>0x117</size>
         <input_file_ref idref="fl-2c"/>
      </object_component>
      <object_component id="oc-11a">
         <name>.debug_info</name>
         <load_address>0x1d484</load_address>
         <run_address>0x1d484</run_address>
         <size>0x123</size>
         <input_file_ref idref="fl-2d"/>
      </object_component>
      <object_component id="oc-11f">
         <name>.debug_info</name>
         <load_address>0x1d5a7</load_address>
         <run_address>0x1d5a7</run_address>
         <size>0x144</size>
         <input_file_ref idref="fl-2e"/>
      </object_component>
      <object_component id="oc-124">
         <name>.debug_info</name>
         <load_address>0x1d6eb</load_address>
         <run_address>0x1d6eb</run_address>
         <size>0x121</size>
         <input_file_ref idref="fl-2f"/>
      </object_component>
      <object_component id="oc-129">
         <name>.debug_info</name>
         <load_address>0x1d80c</load_address>
         <run_address>0x1d80c</run_address>
         <size>0x11b</size>
         <input_file_ref idref="fl-30"/>
      </object_component>
      <object_component id="oc-12e">
         <name>.debug_info</name>
         <load_address>0x1d927</load_address>
         <run_address>0x1d927</run_address>
         <size>0x121</size>
         <input_file_ref idref="fl-31"/>
      </object_component>
      <object_component id="oc-133">
         <name>.debug_info</name>
         <load_address>0x1da48</load_address>
         <run_address>0x1da48</run_address>
         <size>0x11e</size>
         <input_file_ref idref="fl-32"/>
      </object_component>
      <object_component id="oc-137">
         <name>.debug_info</name>
         <load_address>0x1db66</load_address>
         <run_address>0x1db66</run_address>
         <size>0x4d8</size>
         <input_file_ref idref="fl-33"/>
      </object_component>
      <object_component id="oc-13c">
         <name>.debug_info</name>
         <load_address>0x1e03e</load_address>
         <run_address>0x1e03e</run_address>
         <size>0x3d3</size>
         <input_file_ref idref="fl-34"/>
      </object_component>
      <object_component id="oc-141">
         <name>.debug_info</name>
         <load_address>0x1e411</load_address>
         <run_address>0x1e411</run_address>
         <size>0x346</size>
         <input_file_ref idref="fl-35"/>
      </object_component>
      <object_component id="oc-146">
         <name>.debug_info</name>
         <load_address>0x1e757</load_address>
         <run_address>0x1e757</run_address>
         <size>0x343</size>
         <input_file_ref idref="fl-36"/>
      </object_component>
      <object_component id="oc-14b">
         <name>.debug_info</name>
         <load_address>0x1ea9a</load_address>
         <run_address>0x1ea9a</run_address>
         <size>0x1c6</size>
         <input_file_ref idref="fl-37"/>
      </object_component>
      <object_component id="oc-14f">
         <name>.debug_info</name>
         <load_address>0x1ec60</load_address>
         <run_address>0x1ec60</run_address>
         <size>0x4dd</size>
         <input_file_ref idref="fl-38"/>
      </object_component>
      <object_component id="oc-156">
         <name>.debug_info</name>
         <load_address>0x1f13d</load_address>
         <run_address>0x1f13d</run_address>
         <size>0x465</size>
         <input_file_ref idref="fl-39"/>
      </object_component>
      <object_component id="oc-15b">
         <name>.debug_info</name>
         <load_address>0x1f5a2</load_address>
         <run_address>0x1f5a2</run_address>
         <size>0x400</size>
         <input_file_ref idref="fl-3a"/>
      </object_component>
      <object_component id="oc-160">
         <name>.debug_info</name>
         <load_address>0x1f9a2</load_address>
         <run_address>0x1f9a2</run_address>
         <size>0x375</size>
         <input_file_ref idref="fl-3b"/>
      </object_component>
      <object_component id="oc-166">
         <name>.debug_info</name>
         <load_address>0x1fd17</load_address>
         <run_address>0x1fd17</run_address>
         <size>0x117</size>
         <input_file_ref idref="fl-3c"/>
      </object_component>
      <object_component id="oc-1db">
         <name>.debug_info</name>
         <load_address>0x1fe2e</load_address>
         <run_address>0x1fe2e</run_address>
         <size>0xa8</size>
      </object_component>
      <object_component id="oc-3c">
         <name>.debug_frame</name>
         <load_address>0x0</load_address>
         <run_address>0x0</run_address>
         <size>0x70</size>
         <input_file_ref idref="fl-2"/>
      </object_component>
      <object_component id="oc-43">
         <name>.debug_frame</name>
         <load_address>0x70</load_address>
         <run_address>0x70</run_address>
         <size>0x35c</size>
         <input_file_ref idref="fl-3"/>
      </object_component>
      <object_component id="oc-4a">
         <name>.debug_frame</name>
         <load_address>0x3cc</load_address>
         <run_address>0x3cc</run_address>
         <size>0xd8</size>
         <input_file_ref idref="fl-4"/>
      </object_component>
      <object_component id="oc-72">
         <name>.debug_frame</name>
         <load_address>0x7bc</load_address>
         <run_address>0x7bc</run_address>
         <size>0xcb</size>
         <input_file_ref idref="fl-c"/>
      </object_component>
      <object_component id="oc-78">
         <name>.debug_frame</name>
         <load_address>0x887</load_address>
         <run_address>0x887</run_address>
         <size>0xa1</size>
         <input_file_ref idref="fl-d"/>
      </object_component>
      <object_component id="oc-83">
         <name>.debug_frame</name>
         <load_address>0x928</load_address>
         <run_address>0x928</run_address>
         <size>0x77</size>
         <input_file_ref idref="fl-f"/>
      </object_component>
      <object_component id="oc-88">
         <name>.debug_frame</name>
         <load_address>0x99f</load_address>
         <run_address>0x99f</run_address>
         <size>0xe0</size>
         <input_file_ref idref="fl-10"/>
      </object_component>
      <object_component id="oc-8e">
         <name>.debug_frame</name>
         <load_address>0xa7f</load_address>
         <run_address>0xa7f</run_address>
         <size>0xb6</size>
         <input_file_ref idref="fl-11"/>
      </object_component>
      <object_component id="oc-93">
         <name>.debug_frame</name>
         <load_address>0xb35</load_address>
         <run_address>0xb35</run_address>
         <size>0xe0</size>
         <input_file_ref idref="fl-12"/>
      </object_component>
      <object_component id="oc-98">
         <name>.debug_frame</name>
         <load_address>0xc15</load_address>
         <run_address>0xc15</run_address>
         <size>0x8c</size>
         <input_file_ref idref="fl-13"/>
      </object_component>
      <object_component id="oc-d0">
         <name>.debug_frame</name>
         <load_address>0xca1</load_address>
         <run_address>0xca1</run_address>
         <size>0x491</size>
         <input_file_ref idref="fl-14"/>
      </object_component>
      <object_component id="oc-d6">
         <name>.debug_frame</name>
         <load_address>0x4a4</load_address>
         <run_address>0x4a4</run_address>
         <size>0x58</size>
         <input_file_ref idref="fl-20"/>
      </object_component>
      <object_component id="oc-dc">
         <name>.debug_frame</name>
         <load_address>0x4fc</load_address>
         <run_address>0x4fc</run_address>
         <size>0x48</size>
         <input_file_ref idref="fl-21"/>
      </object_component>
      <object_component id="oc-e2">
         <name>.debug_frame</name>
         <load_address>0x544</load_address>
         <run_address>0x544</run_address>
         <size>0x48</size>
         <input_file_ref idref="fl-22"/>
      </object_component>
      <object_component id="oc-138">
         <name>.debug_frame</name>
         <load_address>0x58c</load_address>
         <run_address>0x58c</run_address>
         <size>0x58</size>
         <input_file_ref idref="fl-33"/>
      </object_component>
      <object_component id="oc-13d">
         <name>.debug_frame</name>
         <load_address>0x5e4</load_address>
         <run_address>0x5e4</run_address>
         <size>0x38</size>
         <input_file_ref idref="fl-34"/>
      </object_component>
      <object_component id="oc-142">
         <name>.debug_frame</name>
         <load_address>0x61c</load_address>
         <run_address>0x61c</run_address>
         <size>0x38</size>
         <input_file_ref idref="fl-35"/>
      </object_component>
      <object_component id="oc-147">
         <name>.debug_frame</name>
         <load_address>0x654</load_address>
         <run_address>0x654</run_address>
         <size>0x38</size>
         <input_file_ref idref="fl-36"/>
      </object_component>
      <object_component id="oc-152">
         <name>.debug_frame</name>
         <load_address>0x68c</load_address>
         <run_address>0x68c</run_address>
         <size>0x58</size>
         <input_file_ref idref="fl-38"/>
      </object_component>
      <object_component id="oc-157">
         <name>.debug_frame</name>
         <load_address>0x6e4</load_address>
         <run_address>0x6e4</run_address>
         <size>0x68</size>
         <input_file_ref idref="fl-39"/>
      </object_component>
      <object_component id="oc-15c">
         <name>.debug_frame</name>
         <load_address>0x74c</load_address>
         <run_address>0x74c</run_address>
         <size>0x38</size>
         <input_file_ref idref="fl-3a"/>
      </object_component>
      <object_component id="oc-161">
         <name>.debug_frame</name>
         <load_address>0x784</load_address>
         <run_address>0x784</run_address>
         <size>0x38</size>
         <input_file_ref idref="fl-3b"/>
      </object_component>
      <object_component id="oc-3d">
         <name>.debug_line</name>
         <load_address>0x0</load_address>
         <run_address>0x0</run_address>
         <size>0xc5</size>
         <input_file_ref idref="fl-2"/>
      </object_component>
      <object_component id="oc-44">
         <name>.debug_line</name>
         <load_address>0xc5</load_address>
         <run_address>0xc5</run_address>
         <size>0x3fd</size>
         <input_file_ref idref="fl-3"/>
      </object_component>
      <object_component id="oc-4b">
         <name>.debug_line</name>
         <load_address>0x4c2</load_address>
         <run_address>0x4c2</run_address>
         <size>0x12f</size>
         <input_file_ref idref="fl-4"/>
      </object_component>
      <object_component id="oc-73">
         <name>.debug_line</name>
         <load_address>0x5f1</load_address>
         <run_address>0x5f1</run_address>
         <size>0xf8</size>
         <input_file_ref idref="fl-c"/>
      </object_component>
      <object_component id="oc-79">
         <name>.debug_line</name>
         <load_address>0x6e9</load_address>
         <run_address>0x6e9</run_address>
         <size>0xb0</size>
         <input_file_ref idref="fl-d"/>
      </object_component>
      <object_component id="oc-7f">
         <name>.debug_line</name>
         <load_address>0x799</load_address>
         <run_address>0x799</run_address>
         <size>0x9f</size>
         <input_file_ref idref="fl-e"/>
      </object_component>
      <object_component id="oc-84">
         <name>.debug_line</name>
         <load_address>0x838</load_address>
         <run_address>0x838</run_address>
         <size>0x84</size>
         <input_file_ref idref="fl-f"/>
      </object_component>
      <object_component id="oc-89">
         <name>.debug_line</name>
         <load_address>0x8bc</load_address>
         <run_address>0x8bc</run_address>
         <size>0x187</size>
         <input_file_ref idref="fl-10"/>
      </object_component>
      <object_component id="oc-8f">
         <name>.debug_line</name>
         <load_address>0xa43</load_address>
         <run_address>0xa43</run_address>
         <size>0xd6</size>
         <input_file_ref idref="fl-11"/>
      </object_component>
      <object_component id="oc-94">
         <name>.debug_line</name>
         <load_address>0xb19</load_address>
         <run_address>0xb19</run_address>
         <size>0x123</size>
         <input_file_ref idref="fl-12"/>
      </object_component>
      <object_component id="oc-99">
         <name>.debug_line</name>
         <load_address>0xc3c</load_address>
         <run_address>0xc3c</run_address>
         <size>0xa3</size>
         <input_file_ref idref="fl-13"/>
      </object_component>
      <object_component id="oc-d1">
         <name>.debug_line</name>
         <load_address>0xcdf</load_address>
         <run_address>0xcdf</run_address>
         <size>0x4fb</size>
         <input_file_ref idref="fl-14"/>
      </object_component>
      <object_component id="oc-d7">
         <name>.debug_line</name>
         <load_address>0x11da</load_address>
         <run_address>0x11da</run_address>
         <size>0x1d8</size>
         <input_file_ref idref="fl-20"/>
      </object_component>
      <object_component id="oc-dd">
         <name>.debug_line</name>
         <load_address>0x13b2</load_address>
         <run_address>0x13b2</run_address>
         <size>0xb5</size>
         <input_file_ref idref="fl-21"/>
      </object_component>
      <object_component id="oc-e3">
         <name>.debug_line</name>
         <load_address>0x1467</load_address>
         <run_address>0x1467</run_address>
         <size>0x73</size>
         <input_file_ref idref="fl-22"/>
      </object_component>
      <object_component id="oc-e9">
         <name>.debug_line</name>
         <load_address>0x14da</load_address>
         <run_address>0x14da</run_address>
         <size>0x7d</size>
         <input_file_ref idref="fl-23"/>
      </object_component>
      <object_component id="oc-ee">
         <name>.debug_line</name>
         <load_address>0x1557</load_address>
         <run_address>0x1557</run_address>
         <size>0xb3</size>
         <input_file_ref idref="fl-24"/>
      </object_component>
      <object_component id="oc-f3">
         <name>.debug_line</name>
         <load_address>0x160a</load_address>
         <run_address>0x160a</run_address>
         <size>0xa2</size>
         <input_file_ref idref="fl-25"/>
      </object_component>
      <object_component id="oc-f8">
         <name>.debug_line</name>
         <load_address>0x16ac</load_address>
         <run_address>0x16ac</run_address>
         <size>0x49</size>
         <input_file_ref idref="fl-26"/>
      </object_component>
      <object_component id="oc-fd">
         <name>.debug_line</name>
         <load_address>0x16f5</load_address>
         <run_address>0x16f5</run_address>
         <size>0x57</size>
         <input_file_ref idref="fl-27"/>
      </object_component>
      <object_component id="oc-102">
         <name>.debug_line</name>
         <load_address>0x174c</load_address>
         <run_address>0x174c</run_address>
         <size>0xa9</size>
         <input_file_ref idref="fl-28"/>
      </object_component>
      <object_component id="oc-107">
         <name>.debug_line</name>
         <load_address>0x17f5</load_address>
         <run_address>0x17f5</run_address>
         <size>0x52</size>
         <input_file_ref idref="fl-29"/>
      </object_component>
      <object_component id="oc-10c">
         <name>.debug_line</name>
         <load_address>0x1847</load_address>
         <run_address>0x1847</run_address>
         <size>0xab</size>
         <input_file_ref idref="fl-2a"/>
      </object_component>
      <object_component id="oc-111">
         <name>.debug_line</name>
         <load_address>0x18f2</load_address>
         <run_address>0x18f2</run_address>
         <size>0x8d</size>
         <input_file_ref idref="fl-2b"/>
      </object_component>
      <object_component id="oc-116">
         <name>.debug_line</name>
         <load_address>0x197f</load_address>
         <run_address>0x197f</run_address>
         <size>0x41</size>
         <input_file_ref idref="fl-2c"/>
      </object_component>
      <object_component id="oc-11b">
         <name>.debug_line</name>
         <load_address>0x19c0</load_address>
         <run_address>0x19c0</run_address>
         <size>0x5e</size>
         <input_file_ref idref="fl-2d"/>
      </object_component>
      <object_component id="oc-120">
         <name>.debug_line</name>
         <load_address>0x1a1e</load_address>
         <run_address>0x1a1e</run_address>
         <size>0x69</size>
         <input_file_ref idref="fl-2e"/>
      </object_component>
      <object_component id="oc-125">
         <name>.debug_line</name>
         <load_address>0x1a87</load_address>
         <run_address>0x1a87</run_address>
         <size>0x52</size>
         <input_file_ref idref="fl-2f"/>
      </object_component>
      <object_component id="oc-12a">
         <name>.debug_line</name>
         <load_address>0x1ad9</load_address>
         <run_address>0x1ad9</run_address>
         <size>0x52</size>
         <input_file_ref idref="fl-30"/>
      </object_component>
      <object_component id="oc-12f">
         <name>.debug_line</name>
         <load_address>0x1b2b</load_address>
         <run_address>0x1b2b</run_address>
         <size>0x53</size>
         <input_file_ref idref="fl-31"/>
      </object_component>
      <object_component id="oc-134">
         <name>.debug_line</name>
         <load_address>0x1b7e</load_address>
         <run_address>0x1b7e</run_address>
         <size>0x4f</size>
         <input_file_ref idref="fl-32"/>
      </object_component>
      <object_component id="oc-139">
         <name>.debug_line</name>
         <load_address>0x1bcd</load_address>
         <run_address>0x1bcd</run_address>
         <size>0x50</size>
         <input_file_ref idref="fl-33"/>
      </object_component>
      <object_component id="oc-13e">
         <name>.debug_line</name>
         <load_address>0x1c1d</load_address>
         <run_address>0x1c1d</run_address>
         <size>0x62</size>
         <input_file_ref idref="fl-34"/>
      </object_component>
      <object_component id="oc-143">
         <name>.debug_line</name>
         <load_address>0x1c7f</load_address>
         <run_address>0x1c7f</run_address>
         <size>0x3e</size>
         <input_file_ref idref="fl-35"/>
      </object_component>
      <object_component id="oc-148">
         <name>.debug_line</name>
         <load_address>0x1cbd</load_address>
         <run_address>0x1cbd</run_address>
         <size>0x3a</size>
         <input_file_ref idref="fl-36"/>
      </object_component>
      <object_component id="oc-153">
         <name>.debug_line</name>
         <load_address>0x1cf7</load_address>
         <run_address>0x1cf7</run_address>
         <size>0x65</size>
         <input_file_ref idref="fl-38"/>
      </object_component>
      <object_component id="oc-158">
         <name>.debug_line</name>
         <load_address>0x1d5c</load_address>
         <run_address>0x1d5c</run_address>
         <size>0x5e</size>
         <input_file_ref idref="fl-39"/>
      </object_component>
      <object_component id="oc-15d">
         <name>.debug_line</name>
         <load_address>0x1dba</load_address>
         <run_address>0x1dba</run_address>
         <size>0x55</size>
         <input_file_ref idref="fl-3a"/>
      </object_component>
      <object_component id="oc-162">
         <name>.debug_line</name>
         <load_address>0x1e0f</load_address>
         <run_address>0x1e0f</run_address>
         <size>0x49</size>
         <input_file_ref idref="fl-3b"/>
      </object_component>
      <object_component id="oc-167">
         <name>.debug_line</name>
         <load_address>0x1e58</load_address>
         <run_address>0x1e58</run_address>
         <size>0xc4</size>
         <input_file_ref idref="fl-3c"/>
      </object_component>
      <object_component id="oc-3e">
         <name>.debug_abbrev</name>
         <load_address>0x0</load_address>
         <run_address>0x0</run_address>
         <size>0x15c</size>
         <input_file_ref idref="fl-2"/>
      </object_component>
      <object_component id="oc-45">
         <name>.debug_abbrev</name>
         <load_address>0x15c</load_address>
[...]
         <object_component_ref idref="oc-18c"/>
      </symbol>
      <symbol id="sm-19b">
         <name>_CLK_init</name>
         <value>0x3f6fa8</value>
         <object_component_ref idref="oc-176"/>
      </symbol>
      <symbol id="sm-1af">
         <name>_CPU_disableGlobalInts</name>
         <value>0x3f7111</value>
         <object_component_ref idref="oc-184"/>
      </symbol>
      <symbol id="sm-1b0">
         <name>_CPU_clearIntFlags</name>
         <value>0x3f710e</value>
         <object_component_ref idref="oc-185"/>
      </symbol>
      <symbol id="sm-1b1">
         <name>_CPU_init</name>
         <value>0x3f710a</value>
         <object_component_ref idref="oc-177"/>
      </symbol>
      <symbol id="sm-1b2">
         <name>_cpu</name>
         <value>0x8826</value>
         <object_component_ref idref="oc-77"/>
      </symbol>
      <symbol id="sm-1c0">
         <name>_setDBGIER</name>
         <value>0x3f6f8b</value>
         <object_component_ref idref="oc-7c"/>
      </symbol>
      <symbol id="sm-1c1">
         <name>_DSP28x_DisableInt</name>
         <value>0x3f6f8e</value>
         <object_component_ref idref="oc-7c"/>
      </symbol>
      <symbol id="sm-1c2">
         <name>_DSP28x_RestoreInt</name>
         <value>0x3f6f92</value>
         <object_component_ref idref="oc-7c"/>
      </symbol>
      <symbol id="sm-1c3">
         <name>_DSP28x_usDelay</name>
         <value>0x8000</value>
         <object_component_ref idref="oc-7d"/>
      </symbol>
      <symbol id="sm-1d2">
         <name>_FLASH_init</name>
         <value>0x3f6fb0</value>
         <object_component_ref idref="oc-178"/>
      </symbol>
      <symbol id="sm-1f7">
         <name>_GPIO_getData</name>
         <value>0x3f6f51</value>
         <object_component_ref idref="oc-175"/>
      </symbol>
      <symbol id="sm-1f8">
         <name>_GPIO_setQualification</name>
         <value>0x3f6de4</value>
         <object_component_ref idref="oc-18b"/>
      </symbol>
      <symbol id="sm-1f9">
         <name>_GPIO_setMode</name>
         <value>0x3f6d21</value>
         <object_component_ref idref="oc-189"/>
      </symbol>
      <symbol id="sm-1fa">
         <name>_GPIO_init</name>
         <value>0x3f6fb8</value>
         <object_component_ref idref="oc-179"/>
      </symbol>
      <symbol id="sm-1fb">
         <name>_GPIO_setPullUp</name>
         <value>0x3f6d92</value>
         <object_component_ref idref="oc-188"/>
      </symbol>
      <symbol id="sm-1fc">
         <name>_GPIO_setDirection</name>
         <value>0x3f6d69</value>
         <object_component_ref idref="oc-18a"/>
      </symbol>
      <symbol id="sm-214">
         <name>_PIE_disableAllInts</name>
         <value>0x3f6f62</value>
         <object_component_ref idref="oc-183"/>
      </symbol>
      <symbol id="sm-215">
         <name>_PIE_disable</name>
         <value>0x3f7114</value>
         <object_component_ref idref="oc-182"/>
      </symbol>
      <symbol id="sm-216">
         <name>_PIE_illegalIsr</name>
         <value>0x3f708d</value>
         <object_component_ref idref="oc-8d"/>
      </symbol>
      <symbol id="sm-217">
         <name>_PIE_init</name>
         <value>0x3f6f81</value>
         <object_component_ref idref="oc-17a"/>
      </symbol>
      <symbol id="sm-232">
         <name>_PLL_getClkStatus</name>
         <value>0x3f7117</value>
         <object_component_ref idref="oc-18f"/>
      </symbol>
      <symbol id="sm-233">
         <name>_PLL_setDivider</name>
         <value>0x3f6ff4</value>
         <object_component_ref idref="oc-190"/>
      </symbol>
      <symbol id="sm-234">
         <name>_PLL_init</name>
         <value>0x3f6fc0</value>
         <object_component_ref idref="oc-17b"/>
      </symbol>
      <symbol id="sm-235">
         <name>_PLL_getLockStatus</name>
         <value>0x3f711a</value>
         <object_component_ref idref="oc-192"/>
      </symbol>
      <symbol id="sm-236">
         <name>_PLL_setup</name>
         <value>0x3f6f29</value>
         <object_component_ref idref="oc-181"/>
      </symbol>
      <symbol id="sm-237">
         <name>_PLL_setMultiplier</name>
         <value>0x3f6ffb</value>
         <object_component_ref idref="oc-191"/>
      </symbol>
      <symbol id="sm-248">
         <name>_WDOG_init</name>
         <value>0x3f6fd0</value>
         <object_component_ref idref="oc-17c"/>
      </symbol>
      <symbol id="sm-249">
         <name>_WDOG_disable</name>
         <value>0x3f6fc8</value>
         <object_component_ref idref="oc-17d"/>
      </symbol>
      <symbol id="sm-2ec">
         <name>_ILLEGAL_ISR</name>
         <value>0x3f7074</value>
         <object_component_ref idref="oc-a3"/>
      </symbol>
      <symbol id="sm-2ed">
         <name>_ADCINT4_ISR</name>
         <value>0x3f7010</value>
         <object_component_ref idref="oc-c7"/>
      </symbol>
      <symbol id="sm-2ee">
         <name>_DATALOG_ISR</name>
         <value>0x3f702e</value>
         <object_component_ref idref="oc-9f"/>
      </symbol>
      <symbol id="sm-2ef">
         <name>_SPITXINTA_ISR</name>
         <value>0x3f70a6</value>
         <object_component_ref idref="oc-c1"/>
      </symbol>
      <symbol id="sm-2f0">
         <name>_SPIRXINTA_ISR</name>
         <value>0x3f70a1</value>
         <object_component_ref idref="oc-c0"/>
      </symbol>
      <symbol id="sm-2f1">
         <name>_INT13_ISR</name>
         <value>0x3f7079</value>
         <object_component_ref idref="oc-9d"/>
      </symbol>
      <symbol id="sm-2f2">
         <name>_ADCINT5_ISR</name>
         <value>0x3f7015</value>
         <object_component_ref idref="oc-c8"/>
      </symbol>
      <symbol id="sm-2f3">
         <name>_EPWM4_INT_ISR</name>
         <value>0x3f7060</value>
         <object_component_ref idref="oc-be"/>
      </symbol>
      <symbol id="sm-2f4">
         <name>_USER5_ISR</name>
         <value>0x3f70d3</value>
         <object_component_ref idref="oc-a8"/>
      </symbol>
      <symbol id="sm-2f5">
         <name>_EMPTY_ISR</name>
         <value>0x3f7038</value>
         <object_component_ref idref="oc-cd"/>
      </symbol>
      <symbol id="sm-2f6">
         <name>_EPWM4_TZINT_ISR</name>
         <value>0x3f7065</value>
         <object_component_ref idref="oc-ba"/>
      </symbol>
      <symbol id="sm-2f7">
         <name>_EMUINT_ISR</name>
         <value>0x3f703d</value>
         <object_component_ref idref="oc-a1"/>
      </symbol>
      <symbol id="sm-2f8">
         <name>_ECAP1_INT_ISR</name>
         <value>0x3f7033</value>
         <object_component_ref idref="oc-bf"/>
      </symbol>
      <symbol id="sm-2f9">
         <name>_EPWM1_TZINT_ISR</name>
         <value>0x3f7047</value>
         <object_component_ref idref="oc-b7"/>
      </symbol>
      <symbol id="sm-2fa">
         <name>_ADCINT6_ISR</name>
         <value>0x3f701a</value>
         <object_component_ref idref="oc-c9"/>
      </symbol>
      <symbol id="sm-2fb">
         <name>_ADCINT8_ISR</name>
         <value>0x3f7024</value>
         <object_component_ref idref="oc-cb"/>
      </symbol>
      <symbol id="sm-2fc">
         <name>_USER11_ISR</name>
         <value>0x3f70b5</value>
         <object_component_ref idref="oc-ae"/>
      </symbol>
      <symbol id="sm-2fd">
         <name>_EPWM3_TZINT_ISR</name>
         <value>0x3f705b</value>
         <object_component_ref idref="oc-b9"/>
      </symbol>
      <symbol id="sm-2fe">
         <name>_USER4_ISR</name>
         <value>0x3f70ce</value>
         <object_component_ref idref="oc-a7"/>
      </symbol>
      <symbol id="sm-2ff">
         <name>_EPWM2_TZINT_ISR</name>
         <value>0x3f7051</value>
         <object_component_ref idref="oc-b8"/>
      </symbol>
      <symbol id="sm-300">
         <name>_EPWM2_INT_ISR</name>
         <value>0x3f704c</value>
         <object_component_ref idref="oc-bc"/>
      </symbol>
      <symbol id="sm-301">
         <name>_TINT0_ISR</name>
         <value>0x3f70ab</value>
         <object_component_ref idref="oc-b5"/>
      </symbol>
      <symbol id="sm-302">
         <name>_WAKEINT_ISR</name>
         <value>0x3f70ec</value>
         <object_component_ref idref="oc-b6"/>
      </symbol>
      <symbol id="sm-303">
         <name>_ADCINT7_ISR</name>
         <value>0x3f701f</value>
         <object_component_ref idref="oc-ca"/>
      </symbol>
      <symbol id="sm-304">
         <name>_ADCINT9_ISR</name>
         <value>0x3f7029</value>
         <object_component_ref idref="oc-b4"/>
      </symbol>
      <symbol id="sm-305">
         <name>_USER10_ISR</name>
         <value>0x3f70b0</value>
         <object_component_ref idref="oc-ad"/>
      </symbol>
      <symbol id="sm-306">
         <name>_USER7_ISR</name>
         <value>0x3f70dd</value>
         <object_component_ref idref="oc-aa"/>
      </symbol>
      <symbol id="sm-307">
         <name>_XINT1_ISR</name>
         <value>0x3f70f1</value>
         <object_component_ref idref="oc-b2"/>
      </symbol>
      <symbol id="sm-308">
         <name>_INT14_ISR</name>
         <value>0x3f707e</value>
         <object_component_ref idref="oc-9e"/>
      </symbol>
      <symbol id="sm-309">
         <name>_USER6_ISR</name>
         <value>0x3f70d8</value>
         <object_component_ref idref="oc-a9"/>
      </symbol>
      <symbol id="sm-30a">
         <name>_ADCINT1_ISR</name>
         <value>0x3f7001</value>
         <object_component_ref idref="oc-b0"/>
      </symbol>
      <symbol id="sm-30b">
         <name>_USER12_ISR</name>
         <value>0x3f70ba</value>
         <object_component_ref idref="oc-af"/>
      </symbol>
      <symbol id="sm-30c">
         <name>_USER1_ISR</name>
         <value>0x3f70bf</value>
         <object_component_ref idref="oc-a4"/>
      </symbol>
      <symbol id="sm-30d">
         <name>_XINT3_ISR</name>
         <value>0x3f70fb</value>
         <object_component_ref idref="oc-cc"/>
      </symbol>
      <symbol id="sm-30e">
         <name>_NMI_ISR</name>
         <value>0x3f7083</value>
         <object_component_ref idref="oc-a2"/>
      </symbol>
      <symbol id="sm-30f">
         <name>_ADCINT2_ISR</name>
         <value>0x3f7006</value>
         <object_component_ref idref="oc-b1"/>
      </symbol>
      <symbol id="sm-310">
         <name>_PIE_RESERVED</name>
         <value>0x3f7088</value>
         <object_component_ref idref="oc-ce"/>
      </symbol>
      <symbol id="sm-311">
         <name>_I2CINT1A_ISR</name>
         <value>0x3f706a</value>
         <object_component_ref idref="oc-c2"/>
      </symbol>
      <symbol id="sm-312">
         <name>_XINT2_ISR</name>
         <value>0x3f70f6</value>
         <object_component_ref idref="oc-b3"/>
      </symbol>
      <symbol id="sm-313">
         <name>_I2CINT2A_ISR</name>
         <value>0x3f706f</value>
         <object_component_ref idref="oc-c3"/>
      </symbol>
      <symbol id="sm-314">
         <name>_RTOSINT_ISR</name>
         <value>0x3f7092</value>
         <object_component_ref idref="oc-a0"/>
      </symbol>
      <symbol id="sm-315">
         <name>_EPWM3_INT_ISR</name>
         <value>0x3f7056</value>
         <object_component_ref idref="oc-bd"/>
      </symbol>
      <symbol id="sm-316">
         <name>_ADCINT3_ISR</name>
         <value>0x3f700b</value>
         <object_component_ref idref="oc-c6"/>
      </symbol>
      <symbol id="sm-317">
         <name>_USER9_ISR</name>
         <value>0x3f70e7</value>
         <object_component_ref idref="oc-ac"/>
      </symbol>
      <symbol id="sm-318">
         <name>_USER3_ISR</name>
         <value>0x3f70c9</value>
         <object_component_ref idref="oc-a6"/>
      </symbol>
      <symbol id="sm-319">
         <name>_USER8_ISR</name>
         <value>0x3f70e2</value>
         <object_component_ref idref="oc-ab"/>
      </symbol>
      <symbol id="sm-31a">
         <name>_EPWM1_INT_ISR</name>
         <value>0x3f7042</value>
         <object_component_ref idref="oc-bb"/>
      </symbol>
      <symbol id="sm-31b">
         <name>_USER2_ISR</name>
         <value>0x3f70c4</value>
         <object_component_ref idref="oc-a5"/>
      </symbol>
      <symbol id="sm-31c">
         <name>_SCITXINTA_ISR</name>
         <value>0x3f709c</value>
         <object_component_ref idref="oc-c5"/>
      </symbol>
      <symbol id="sm-31d">
         <name>_SCIRXINTA_ISR</name>
         <value>0x3f7097</value>
         <object_component_ref idref="oc-c4"/>
      </symbol>
      <symbol id="sm-31e">
         <name>_rsvd_ISR</name>
         <value>0x3f7100</value>
         <object_component_ref idref="oc-cf"/>
      </symbol>
      <symbol id="sm-378">
         <name>_powf</name>
         <value>0x3f6080</value>
         <object_component_ref idref="oc-18d"/>
      </symbol>
      <symbol id="sm-379">
         <name>_pow</name>
         <value>0x3f6080</value>
         <object_component_ref idref="oc-18d"/>
      </symbol>
      <symbol id="sm-394">
         <name>_sqrtf</name>
         <value>0x3f6ba1</value>
         <object_component_ref idref="oc-194"/>
      </symbol>
      <symbol id="sm-395">
         <name>_sqrt</name>
         <value>0x3f6ba1</value>
         <object_component_ref idref="oc-194"/>
      </symbol>
      <symbol id="sm-3ae">
         <name>_scalbn</name>
         <value>0x3f6c16</value>
         <object_component_ref idref="oc-198"/>
      </symbol>
      <symbol id="sm-3af">
         <name>_ldexp</name>
         <value>0x3f6c16</value>
         <object_component_ref idref="oc-198"/>
      </symbol>
      <symbol id="sm-3b0">
         <name>_scalbnf</name>
         <value>0x3f6c16</value>
         <object_component_ref idref="oc-198"/>
      </symbol>
      <symbol id="sm-3b1">
         <name>_ldexpf</name>
         <value>0x3f6c16</value>
         <object_component_ref idref="oc-198"/>
      </symbol>
      <symbol id="sm-3cc">
         <name>_c_int00</name>
         <value>0x3f6ccd</value>
         <object_component_ref idref="oc-38"/>
      </symbol>
      <symbol id="sm-3cd">
         <name>__stack</name>
         <value>0x50</value>
         <object_component_ref idref="oc-e6"/>
      </symbol>
      <symbol id="sm-3e4">
         <name>FD$$DIV</name>
         <value>0x3f6998</value>
         <object_component_ref idref="oc-ec"/>
      </symbol>
      <symbol id="sm-3f6">
         <name>FD$$MPY</name>
         <value>0x3f6a23</value>
         <object_component_ref idref="oc-f1"/>
      </symbol>
      <symbol id="sm-402">
         <name>FD$$SUB</name>
         <value>0x3f6f73</value>
         <object_component_ref idref="oc-f6"/>
      </symbol>
      <symbol id="sm-411">
         <name>FD$$TOUL</name>
         <value>0x3f6e93</value>
         <object_component_ref idref="oc-fb"/>
      </symbol>
      <symbol id="sm-42b">
         <name>FS$$ADD</name>
         <value>0x3f6b2e</value>
         <object_component_ref idref="oc-100"/>
      </symbol>
      <symbol id="sm-42c">
         <name>FS$$SUB</name>
         <value>0x3f6b29</value>
         <object_component_ref idref="oc-100"/>
      </symbol>
      <symbol id="sm-43e">
         <name>FS$$CMP</name>
         <value>0x3f6efb</value>
         <object_component_ref idref="oc-105"/>
      </symbol>
      <symbol id="sm-44f">
         <name>FS$$DIV</name>
         <value>0x3f6aa6</value>
         <object_component_ref idref="oc-10a"/>
      </symbol>
      <symbol id="sm-460">
         <name>FS$$MPY</name>
         <value>0x3f6c73</value>
         <object_component_ref idref="oc-10f"/>
      </symbol>
      <symbol id="sm-46d">
         <name>FS$$NEG</name>
         <value>0x3f7105</value>
         <object_component_ref idref="oc-114"/>
      </symbol>
      <symbol id="sm-47e">
         <name>FS$$TOI</name>
         <value>0x3f6e0b</value>
         <object_component_ref idref="oc-119"/>
      </symbol>
      <symbol id="sm-48c">
         <name>I$$MOD</name>
         <value>0x3f6e65</value>
         <object_component_ref idref="oc-11e"/>
      </symbol>
      <symbol id="sm-48d">
         <name>I$$DIV</name>
         <value>0x3f6e54</value>
         <object_component_ref idref="oc-11e"/>
      </symbol>
      <symbol id="sm-49c">
         <name>I$$TOFS</name>
         <value>0x3f6eae</value>
         <object_component_ref idref="oc-123"/>
      </symbol>
      <symbol id="sm-4ad">
         <name>U$$TOFD</name>
         <value>0x3f6f12</value>
         <object_component_ref idref="oc-128"/>
      </symbol>
      <symbol id="sm-4bc">
         <name>L$$TOFS</name>
         <value>0x3f6ec8</value>
         <object_component_ref idref="oc-12d"/>
      </symbol>
      <symbol id="sm-4cc">
         <name>UL$$TOFS</name>
         <value>0x3f6f3e</value>
         <object_component_ref idref="oc-132"/>
      </symbol>
      <symbol id="sm-4db">
         <name>_copy_in</name>
         <value>0x3f6e30</value>
         <object_component_ref idref="oc-16b"/>
      </symbol>
      <symbol id="sm-4ec">
         <name>_memcpy</name>
         <value>0x3f6e76</value>
         <object_component_ref idref="oc-16f"/>
      </symbol>
      <symbol id="sm-4f8">
         <name>__system_pre_init</name>
         <value>0x3f711d</value>
         <object_component_ref idref="oc-16a"/>
      </symbol>
      <symbol id="sm-505">
         <name>__system_post_cinit</name>
         <value>0x3f711f</value>
         <object_component_ref idref="oc-16c"/>
      </symbol>
      <symbol id="sm-50f">
         <name>_errno</name>
         <value>0x8827</value>
         <object_component_ref idref="oc-14d"/>
      </symbol>
      <symbol id="sm-523">
         <name>C$$EXIT</name>
         <value>0x3f6dbb</value>
         <object_component_ref idref="oc-16e"/>
      </symbol>
      <symbol id="sm-524">
         <name>_exit</name>
         <value>0x3f6dbd</value>
         <object_component_ref idref="oc-16e"/>
      </symbol>
      <symbol id="sm-525">
         <name>___TI_cleanup_ptr</name>
         <value>0x881e</value>
         <object_component_ref idref="oc-151"/>
      </symbol>
      <symbol id="sm-526">
         <name>___TI_enable_exit_profile_output</name>
         <value>0x881c</value>
         <object_component_ref idref="oc-151"/>
      </symbol>
      <symbol id="sm-527">
         <name>_abort</name>
         <value>0x3f6dbb</value>
         <object_component_ref idref="oc-16e"/>
      </symbol>
      <symbol id="sm-528">
         <name>___TI_dtors_ptr</name>
         <value>0x8820</value>
         <object_component_ref idref="oc-151"/>
      </symbol>
      <symbol id="sm-53c">
         <name>__unlock</name>
         <value>0x8824</value>
         <object_component_ref idref="oc-193"/>
      </symbol>
      <symbol id="sm-53d">
         <name>__lock</name>
         <value>0x8822</value>
         <object_component_ref idref="oc-171"/>
      </symbol>
      <symbol id="sm-53e">
         <name>__register_lock</name>
         <value>0x3f6fa3</value>
         <object_component_ref idref="oc-186"/>
      </symbol>
      <symbol id="sm-53f">
         <name>__nop</name>
         <value>0x3f6fa7</value>
         <object_component_ref idref="oc-186"/>
      </symbol>
      <symbol id="sm-540">
         <name>__register_unlock</name>
         <value>0x3f6f9f</value>
         <object_component_ref idref="oc-186"/>
      </symbol>
      <symbol id="sm-54f">
         <name>__args_main</name>
         <value>0x3f6ee2</value>
         <object_component_ref idref="oc-16d"/>
      </symbol>
      <symbol id="sm-55b">
         <name>_copysignf</name>
         <value>0x3f6f95</value>
         <object_component_ref idref="oc-199"/>
      </symbol>
      <symbol id="sm-55c">
         <name>_copysign</name>
         <value>0x3f6f95</value>
         <object_component_ref idref="oc-199"/>
      </symbol>
      <symbol id="sm-577">
         <name>FD$$ADD</name>
         <value>0x3f68fc</value>
         <object_component_ref idref="oc-165"/>
      </symbol>
   </symbol_table>
   <title>Link successful</title>
</link_info>
