******************************************************************************
             TMS320C2000 Linker PC v18.1.4                     
******************************************************************************
>> Linked Sun Mar 21 00:57:43 2021

OUTPUT FILE NAME:   <ELEX7890_CAPSTONE_NIBSMD.out>
ENTRY POINT SYMBOL: "_c_int00"  address: 003f6ccd


MEMORY CONFIGURATION

         name            origin    length      used     unused   attr    fill
----------------------  --------  ---------  --------  --------  ----  --------
PAGE 0:
  PRAML0                00008000   00000800  00000004  000007fc  RWIX
  OTP                   003d7800   00000400  00000000  00000400  RWIX
  FLASHD                003f0000   00002000  00000000  00002000  RWIX
  FLASHC                003f2000   00002000  00000000  00002000  RWIX
  FLASHA                003f6000   00001f80  00001146  00000e3a  RWIX
  CSM_RSVD              003f7f80   00000076  00000000  00000076  RWIX
  BEGIN                 003f7ff6   00000002  00000000  00000002  RWIX
  CSM_PWL_P0            003f7ff8   00000008  00000000  00000008  RWIX
  IQTABLES              003fe000   00000b50  00000000  00000b50  RWIX
  IQTABLES2             003feb50   0000008c  00000000  0000008c  RWIX
  IQTABLES3             003febdc   000000aa  00000000  000000aa  RWIX
  ROM                   003ff27c   00000d44  00000000  00000d44  RWIX
  RESET                 003fffc0   00000002  00000000  00000002  RWIX
  VECTORS               003fffc2   0000003e  00000000  0000003e  RWIX

PAGE 1:
  BOOT_RSVD             00000000   00000050  00000000  00000050  RWIX
  RAMM0                 00000050   000003b0  00000300  000000b0  RWIX
  RAMM1                 00000400   00000400  00000000  00000400  RWIX
  DEV_EMU               00000880   00000105  00000004  00000101  RWIX
  SYS_PWR_CTL           00000985   00000003  00000003  00000000  RWIX
  FLASH_REGS            00000a80   00000060  00000008  00000058  RWIX
  CSM                   00000ae0   00000010  00000010  00000000  RWIX
  ADC_RESULT            00000b00   00000020  00000020  00000000  RWIX
  CPU_TIMER0            00000c00   00000008  00000008  00000000  RWIX
  CPU_TIMER1            00000c08   00000008  00000008  00000000  RWIX
  CPU_TIMER2            00000c10   00000008  00000008  00000000  RWIX
  PIE_CTRL              00000ce0   00000020  0000001a  00000006  RWIX
  PIE_VECT              00000d00   00000100  00000100  00000000  RWIX
  COMP1                 00006400   00000020  00000011  0000000f  RWIX
  COMP2                 00006420   00000020  00000011  0000000f  RWIX
  EPWM1                 00006800   00000040  00000040  00000000  RWIX
  EPWM2                 00006840   00000040  00000040  00000000  RWIX
  EPWM3                 00006880   00000040  00000040  00000000  RWIX
  EPWM4                 000068c0   00000040  00000040  00000000  RWIX
  ECAP1                 00006a00   00000020  00000020  00000000  RWIX
  GPIOCTRL              00006f80   00000040  00000040  00000000  RWIX
  GPIODAT               00006fc0   00000020  00000020  00000000  RWIX
  GPIOINT               00006fe0   00000020  0000000a  00000016  RWIX
  SYSTEM                00007010   00000020  0000001f  00000001  RWIX
  SPIA                  00007040   00000010  00000010  00000000  RWIX
  SCIA                  00007050   00000010  00000010  00000000  RWIX
  NMIINTRUPT            00007060   00000010  00000010  00000000  RWIX
  XINTRUPT              00007070   00000010  00000010  00000000  RWIX
  ADC                   00007100   00000080  00000051  0000002f  RWIX
  I2CA                  00007900   00000040  00000022  0000001e  RWIX
  DRAML0                00008800   00000800  00000028  000007d8  RWIX
  PARTID                003d7fff   00000001  00000001  00000000  RWIX
  FLASHB                003f4000   00002000  00000000  00002000  RWIX
  CSM_PWL               003f7ff8   00000008  00000008  00000000  RWIX


SECTION ALLOCATION MAP

 output                                  attributes/
section   page    origin      length       input sections
--------  ----  ----------  ----------   ----------------
.cinit     0    003f7120    00000026     
                  003f7120    0000000e     rts2800_ml.lib : exit.c.obj (.cinit)
                  003f712e    00000008     NAU7802_ADC.obj (.cinit)
                  003f7136    00000005     rts2800_ml.lib : _lock.c.obj (.cinit:__lock)
                  003f713b    00000005                    : _lock.c.obj (.cinit:__unlock)
                  003f7140    00000004                    : errno.c.obj (.cinit)
                  003f7144    00000002     --HOLE-- [fill = 0]

.pinit     0    003f6000    00000000     UNINITIALIZED

ramfuncs   0    003f607c    00000004     RUN ADDR = 00008000
                  003f607c    00000004     driverlib.lib : f2802xx_asmfuncs.obj (ramfuncs)

.stack     1    00000050    00000300     UNINITIALIZED
                  00000050    00000300     --HOLE--

DevEmuRegsFile 
*          1    00000880    00000004     UNINITIALIZED
                  00000880    00000004     driverlib.lib : F2802xX_GlobalVariableDefs.obj (DevEmuRegsFile)

SysPwrCtrlRegsFile 
*          1    00000985    00000003     UNINITIALIZED
                  00000985    00000003     driverlib.lib : F2802xX_GlobalVariableDefs.obj (SysPwrCtrlRegsFile)

FlashRegsFile 
*          1    00000a80    00000008     UNINITIALIZED
                  00000a80    00000008     driverlib.lib : F2802xX_GlobalVariableDefs.obj (FlashRegsFile)

CsmRegsFile 
*          1    00000ae0    00000010     UNINITIALIZED
                  00000ae0    00000010     driverlib.lib : F2802xX_GlobalVariableDefs.obj (CsmRegsFile)

AdcResultFile 
*          1    00000b00    00000020     UNINITIALIZED
                  00000b00    00000020     driverlib.lib : F2802xX_GlobalVariableDefs.obj (AdcResultFile)

CpuTimer0RegsFile 
*          1    00000c00    00000008     UNINITIALIZED
                  00000c00    00000008     driverlib.lib : F2802xX_GlobalVariableDefs.obj (CpuTimer0RegsFile)

CpuTimer1RegsFile 
*          1    00000c08    00000008     UNINITIALIZED
                  00000c08    00000008     driverlib.lib : F2802xX_GlobalVariableDefs.obj (CpuTimer1RegsFile)

CpuTimer2RegsFile 
*          1    00000c10    00000008     UNINITIALIZED
                  00000c10    00000008     driverlib.lib : F2802xX_GlobalVariableDefs.obj (CpuTimer2RegsFile)

PieCtrlRegsFile 
*          1    00000ce0    0000001a     UNINITIALIZED
                  00000ce0    0000001a     driverlib.lib : F2802xX_GlobalVariableDefs.obj (PieCtrlRegsFile)

Comp1RegsFile 
*          1    00006400    00000011     UNINITIALIZED
                  00006400    00000011     driverlib.lib : F2802xX_GlobalVariableDefs.obj (Comp1RegsFile)

Comp2RegsFile 
*          1    00006420    00000011     UNINITIALIZED
                  00006420    00000011     driverlib.lib : F2802xX_GlobalVariableDefs.obj (Comp2RegsFile)

EPwm1RegsFile 
*          1    00006800    00000040     UNINITIALIZED
                  00006800    00000040     driverlib.lib : F2802xX_GlobalVariableDefs.obj (EPwm1RegsFile)

EPwm2RegsFile 
*          1    00006840    00000040     UNINITIALIZED
                  00006840    00000040     driverlib.lib : F2802xX_GlobalVariableDefs.obj (EPwm2RegsFile)

EPwm3RegsFile 
*          1    00006880    00000040     UNINITIALIZED
                  00006880    00000040     driverlib.lib : F2802xX_GlobalVariableDefs.obj (EPwm3RegsFile)

EPwm4RegsFile 
*          1    000068c0    00000040     UNINITIALIZED
                  000068c0    00000040     driverlib.lib : F2802xX_GlobalVariableDefs.obj (EPwm4RegsFile)

.ebss      1    00008800    00000028     UNINITIALIZED
                  00008800    0000000e     ELEX7890_main.obj (.ebss)
                  0000880e    00000008     F28027_I2C_LCD.obj (.ebss)
                  00008816    00000006     NAU7802_ADC.obj (.ebss)
                  0000881c    00000006     rts2800_ml.lib : exit.c.obj (.ebss)
                  00008822    00000002                    : _lock.c.obj (.ebss:__lock)
                  00008824    00000002                    : _lock.c.obj (.ebss:__unlock)
                  00008826    00000001     driverlib.lib : cpu.obj (.ebss)
                  00008827    00000001     rts2800_ml.lib : errno.c.obj (.ebss)

.econst    0    003f6000    0000007c     
                  003f6000    00000032     rts2800_ml.lib : e_powf.c.obj (.econst)
                  003f6032    0000001f     ELEX7890_main.obj (.econst:.string)
                  003f6051    00000001     --HOLE-- [fill = 0]
                  003f6052    00000010     F28027_I2C_LCD.obj (.econst)
                  003f6062    00000006     rts2800_ml.lib : s_scalbnf.c.obj (.econst)
                  003f6068    00000004     F28027_I2C_LCD.obj (.econst:_$P$T0$1)
                  003f606c    00000004     rts2800_ml.lib : e_powf.c.obj (.econst:_bp)
                  003f6070    00000004                    : e_powf.c.obj (.econst:_dp_h)
                  003f6074    00000004                    : e_powf.c.obj (.econst:_dp_l)
                  003f6078    00000004                    : e_sqrtf.c.obj (.econst)

.reset     0    003fffc0    00000002     DSECT
                  003fffc0    00000002     rts2800_ml.lib : boot28.asm.obj (.reset)

vectors    0    003fffc2    00000000     DSECT

PieVectTableFile 
*          1    00000d00    00000100     UNINITIALIZED
                  00000d00    00000100     driverlib.lib : F2802xX_GlobalVariableDefs.obj (PieVectTableFile)

EmuKeyVar 
*          1    00000d00    00000001     UNINITIALIZED
                  00000d00    00000001     driverlib.lib : F2802xX_GlobalVariableDefs.obj (EmuKeyVar)

EmuBModeVar 
*          1    00000d01    00000001     UNINITIALIZED
                  00000d01    00000001     driverlib.lib : F2802xX_GlobalVariableDefs.obj (EmuBModeVar)

FlashCallbackVar 
*          1    00000d02    00000002     UNINITIALIZED
                  00000d02    00000002     driverlib.lib : F2802xX_GlobalVariableDefs.obj (FlashCallbackVar)

FlashScalingVar 
*          1    00000d04    00000002     UNINITIALIZED
                  00000d04    00000002     driverlib.lib : F2802xX_GlobalVariableDefs.obj (FlashScalingVar)

ECap1RegsFile 
*          1    00006a00    00000020     UNINITIALIZED
                  00006a00    00000020     driverlib.lib : F2802xX_GlobalVariableDefs.obj (ECap1RegsFile)

GpioCtrlRegsFile 
*          1    00006f80    00000040     UNINITIALIZED
                  00006f80    00000040     driverlib.lib : F2802xX_GlobalVariableDefs.obj (GpioCtrlRegsFile)

GpioDataRegsFile 
*          1    00006fc0    00000020     UNINITIALIZED
                  00006fc0    00000020     driverlib.lib : F2802xX_GlobalVariableDefs.obj (GpioDataRegsFile)

GpioIntRegsFile 
*          1    00006fe0    0000000a     UNINITIALIZED
                  00006fe0    0000000a     driverlib.lib : F2802xX_GlobalVariableDefs.obj (GpioIntRegsFile)

SysCtrlRegsFile 
*          1    00007010    0000001f     UNINITIALIZED
                  00007010    0000001f     driverlib.lib : F2802xX_GlobalVariableDefs.obj (SysCtrlRegsFile)

SpiaRegsFile 
*          1    00007040    00000010     UNINITIALIZED
                  00007040    00000010     driverlib.lib : F2802xX_GlobalVariableDefs.obj (SpiaRegsFile)

SciaRegsFile 
*          1    00007050    00000010     UNINITIALIZED
                  00007050    00000010     driverlib.lib : F2802xX_GlobalVariableDefs.obj (SciaRegsFile)

NmiIntruptRegsFile 
*          1    00007060    00000010     UNINITIALIZED
                  00007060    00000010     driverlib.lib : F2802xX_GlobalVariableDefs.obj (NmiIntruptRegsFile)

XIntruptRegsFile 
*          1    00007070    00000010     UNINITIALIZED
                  00007070    00000010     driverlib.lib : F2802xX_GlobalVariableDefs.obj (XIntruptRegsFile)

AdcRegsFile 
*          1    00007100    00000051     UNINITIALIZED
                  00007100    00000051     driverlib.lib : F2802xX_GlobalVariableDefs.obj (AdcRegsFile)

I2caRegsFile 
*          1    00007900    00000022     UNINITIALIZED
                  00007900    00000022     driverlib.lib : F2802xX_GlobalVariableDefs.obj (I2caRegsFile)

PartIdRegsFile 
*          1    003d7fff    00000001     UNINITIALIZED
                  003d7fff    00000001     driverlib.lib : F2802xX_GlobalVariableDefs.obj (PartIdRegsFile)

CsmPwlFile 
*          1    003f7ff8    00000008     UNINITIALIZED
                  003f7ff8    00000008     driverlib.lib : F2802xX_GlobalVariableDefs.obj (CsmPwlFile)

.text      0    003f6080    000010a0     
                  003f6080    0000041e     rts2800_ml.lib : e_powf.c.obj (.text)
                  003f649e    000002a1     F28027_I2C_LCD.obj (.text)
                  003f673f    000000f2     ELEX7890_main.obj (.text)
                  003f6831    000000cb     NAU7802_ADC.obj (.text)
                  003f68fc    0000009c     rts2800_ml.lib : fd_add28.asm.obj (.text)
                  003f6998    0000008b                    : fd_div28.asm.obj (.text)
                  003f6a23    00000083                    : fd_mpy28.asm.obj (.text)
                  003f6aa6    00000083                    : fs_div28.asm.obj (.text)
                  003f6b29    00000078                    : fs_add28.asm.obj (.text)
                  003f6ba1    00000075                    : e_sqrtf.c.obj (.text)
                  003f6c16    0000005d                    : s_scalbnf.c.obj (.text)
                  003f6c73    0000005a                    : fs_mpy28.asm.obj (.text)
                  003f6ccd    00000054                    : boot28.asm.obj (.text)
                  003f6d21    00000048     driverlib.lib : gpio.obj (.text:_GPIO_setMode)
                  003f6d69    00000029                   : gpio.obj (.text:_GPIO_setDirection)
                  003f6d92    00000029                   : gpio.obj (.text:_GPIO_setPullUp)
                  003f6dbb    00000029     rts2800_ml.lib : exit.c.obj (.text)
                  003f6de4    00000027     driverlib.lib : gpio.obj (.text:_GPIO_setQualification)
                  003f6e0b    00000025     rts2800_ml.lib : fs_toi28.asm.obj (.text)
                  003f6e30    00000024                    : cpy_tbl.c.obj (.text)
                  003f6e54    00000022                    : i_div28.asm.obj (.text)
                  003f6e76    0000001d                    : memcpy.c.obj (.text)
                  003f6e93    0000001b                    : fd_toul28.asm.obj (.text)
                  003f6eae    0000001a                    : i_tofs28.asm.obj (.text)
                  003f6ec8    0000001a                    : l_tofs28.asm.obj (.text)
                  003f6ee2    00000019                    : args_main.c.obj (.text)
                  003f6efb    00000017                    : fs_cmp28.asm.obj (.text)
                  003f6f12    00000017                    : u_tofd28.asm.obj (.text)
                  003f6f29    00000015     driverlib.lib : pll.obj (.text:_PLL_setup)
                  003f6f3e    00000013     rts2800_ml.lib : ul_tofs28.asm.obj (.text)
                  003f6f51    00000011     driverlib.lib : gpio.obj (.text:_GPIO_getData)
                  003f6f62    00000011                   : pie.obj (.text:_PIE_disableAllInts)
                  003f6f73    0000000e     rts2800_ml.lib : fd_sub28.asm.obj (.text)
                  003f6f81    0000000a     driverlib.lib : pie.obj (.text:_PIE_init)
                  003f6f8b    0000000a                   : f2802xx_asmfuncs.obj (.text)
                  003f6f95    0000000a     rts2800_ml.lib : s_copysignf.c.obj (.text)
                  003f6f9f    00000009                    : _lock.c.obj (.text)
                  003f6fa8    00000008     driverlib.lib : clk.obj (.text:_CLK_init)
                  003f6fb0    00000008                   : flash.obj (.text:_FLASH_init)
                  003f6fb8    00000008                   : gpio.obj (.text:_GPIO_init)
                  003f6fc0    00000008                   : pll.obj (.text:_PLL_init)
                  003f6fc8    00000008                   : wdog.obj (.text:_WDOG_disable)
                  003f6fd0    00000008                   : wdog.obj (.text:_WDOG_init)
                  003f6fd8    00000007                   : clk.obj (.text:_CLK_disableAdcClock)
                  003f6fdf    00000007                   : clk.obj (.text:_CLK_enableAdcClock)
                  003f6fe6    00000007                   : clk.obj (.text:_CLK_enableI2cClock)
                  003f6fed    00000007                   : clk.obj (.text:_CLK_setOscSrc)
                  003f6ff4    00000007                   : pll.obj (.text:_PLL_setDivider)
                  003f6ffb    00000006                   : pll.obj (.text:_PLL_setMultiplier)
                  003f7001    00000005                   : f2802xx_defaultisr.obj (.text:_ADCINT1_ISR)
                  003f7006    00000005                   : f2802xx_defaultisr.obj (.text:_ADCINT2_ISR)
                  003f700b    00000005                   : f2802xx_defaultisr.obj (.text:_ADCINT3_ISR)
                  003f7010    00000005                   : f2802xx_defaultisr.obj (.text:_ADCINT4_ISR)
                  003f7015    00000005                   : f2802xx_defaultisr.obj (.text:_ADCINT5_ISR)
                  003f701a    00000005                   : f2802xx_defaultisr.obj (.text:_ADCINT6_ISR)
                  003f701f    00000005                   : f2802xx_defaultisr.obj (.text:_ADCINT7_ISR)
                  003f7024    00000005                   : f2802xx_defaultisr.obj (.text:_ADCINT8_ISR)
                  003f7029    00000005                   : f2802xx_defaultisr.obj (.text:_ADCINT9_ISR)
                  003f702e    00000005                   : f2802xx_defaultisr.obj (.text:_DATALOG_ISR)
                  003f7033    00000005                   : f2802xx_defaultisr.obj (.text:_ECAP1_INT_ISR)
                  003f7038    00000005                   : f2802xx_defaultisr.obj (.text:_EMPTY_ISR)
                  003f703d    00000005                   : f2802xx_defaultisr.obj (.text:_EMUINT_ISR)
                  003f7042    00000005                   : f2802xx_defaultisr.obj (.text:_EPWM1_INT_ISR)
                  003f7047    00000005                   : f2802xx_defaultisr.obj (.text:_EPWM1_TZINT_ISR)
                  003f704c    00000005                   : f2802xx_defaultisr.obj (.text:_EPWM2_INT_ISR)
                  003f7051    00000005                   : f2802xx_defaultisr.obj (.text:_EPWM2_TZINT_ISR)
                  003f7056    00000005                   : f2802xx_defaultisr.obj (.text:_EPWM3_INT_ISR)
                  003f705b    00000005                   : f2802xx_defaultisr.obj (.text:_EPWM3_TZINT_ISR)
                  003f7060    00000005                   : f2802xx_defaultisr.obj (.text:_EPWM4_INT_ISR)
                  003f7065    00000005                   : f2802xx_defaultisr.obj (.text:_EPWM4_TZINT_ISR)
                  003f706a    00000005                   : f2802xx_defaultisr.obj (.text:_I2CINT1A_ISR)
                  003f706f    00000005                   : f2802xx_defaultisr.obj (.text:_I2CINT2A_ISR)
                  003f7074    00000005                   : f2802xx_defaultisr.obj (.text:_ILLEGAL_ISR)
                  003f7079    00000005                   : f2802xx_defaultisr.obj (.text:_INT13_ISR)
                  003f707e    00000005                   : f2802xx_defaultisr.obj (.text:_INT14_ISR)
                  003f7083    00000005                   : f2802xx_defaultisr.obj (.text:_NMI_ISR)
                  003f7088    00000005                   : f2802xx_defaultisr.obj (.text:_PIE_RESERVED)
                  003f708d    00000005                   : pie.obj (.text:_PIE_illegalIsr)
                  003f7092    00000005                   : f2802xx_defaultisr.obj (.text:_RTOSINT_ISR)
                  003f7097    00000005                   : f2802xx_defaultisr.obj (.text:_SCIRXINTA_ISR)
                  003f709c    00000005                   : f2802xx_defaultisr.obj (.text:_SCITXINTA_ISR)
                  003f70a1    00000005                   : f2802xx_defaultisr.obj (.text:_SPIRXINTA_ISR)
                  003f70a6    00000005                   : f2802xx_defaultisr.obj (.text:_SPITXINTA_ISR)
                  003f70ab    00000005                   : f2802xx_defaultisr.obj (.text:_TINT0_ISR)
                  003f70b0    00000005                   : f2802xx_defaultisr.obj (.text:_USER10_ISR)
                  003f70b5    00000005                   : f2802xx_defaultisr.obj (.text:_USER11_ISR)
                  003f70ba    00000005                   : f2802xx_defaultisr.obj (.text:_USER12_ISR)
                  003f70bf    00000005                   : f2802xx_defaultisr.obj (.text:_USER1_ISR)
                  003f70c4    00000005                   : f2802xx_defaultisr.obj (.text:_USER2_ISR)
                  003f70c9    00000005                   : f2802xx_defaultisr.obj (.text:_USER3_ISR)
                  003f70ce    00000005                   : f2802xx_defaultisr.obj (.text:_USER4_ISR)
                  003f70d3    00000005                   : f2802xx_defaultisr.obj (.text:_USER5_ISR)
                  003f70d8    00000005                   : f2802xx_defaultisr.obj (.text:_USER6_ISR)
                  003f70dd    00000005                   : f2802xx_defaultisr.obj (.text:_USER7_ISR)
                  003f70e2    00000005                   : f2802xx_defaultisr.obj (.text:_USER8_ISR)
                  003f70e7    00000005                   : f2802xx_defaultisr.obj (.text:_USER9_ISR)
                  003f70ec    00000005                   : f2802xx_defaultisr.obj (.text:_WAKEINT_ISR)
                  003f70f1    00000005                   : f2802xx_defaultisr.obj (.text:_XINT1_ISR)
                  003f70f6    00000005                   : f2802xx_defaultisr.obj (.text:_XINT2_ISR)
                  003f70fb    00000005                   : f2802xx_defaultisr.obj (.text:_XINT3_ISR)
                  003f7100    00000005                   : f2802xx_defaultisr.obj (.text:_rsvd_ISR)
                  003f7105    00000005     rts2800_ml.lib : fs_neg28.asm.obj (.text)
                  003f710a    00000004     driverlib.lib : cpu.obj (.text:_CPU_init)
                  003f710e    00000003                   : cpu.obj (.text:_CPU_clearIntFlags)
                  003f7111    00000003                   : cpu.obj (.text:_CPU_disableGlobalInts)
                  003f7114    00000003                   : pie.obj (.text:_PIE_disable)
                  003f7117    00000003                   : pll.obj (.text:_PLL_getClkStatus)
                  003f711a    00000003                   : pll.obj (.text:_PLL_getLockStatus)
                  003f711d    00000002     rts2800_ml.lib : pre_init.c.obj (.text)
                  003f711f    00000001                    : startup.c.obj (.text)

MODULE SUMMARY

       Module                           code   initialized data   uninitialized data
       ------                           ----   ----------------   ------------------
    .\
       F28027_I2C_LCD.obj               673    20                 8                 
       ELEX7890_main.obj                242    31                 14                
       NAU7802_ADC.obj                  203    8                  6                 
    +--+--------------------------------+------+------------------+--------------------+
       Total:                           1118   59                 28                
                                                                                    
    ../driverlib.lib
       F2802xX_GlobalVariableDefs.obj   0      0                  1022              
       f2802xx_defaultisr.obj           255    0                  0                 
       gpio.obj                         218    0                  0                 
       pll.obj                          48     0                  0                 
       clk.obj                          36     0                  0                 
       pie.obj                          35     0                  0                 
       f2802xx_asmfuncs.obj             18     0                  0                 
       wdog.obj                         16     0                  0                 
       cpu.obj                          10     0                  1                 
       flash.obj                        8      0                  0                 
    +--+--------------------------------+------+------------------+--------------------+
       Total:                           644    0                  1023              
                                                                                    
    C:\ti\ccsv8\tools\compiler\ti-cgt-c2000_18.1.4.LTS\lib\rts2800_ml.lib
       e_powf.c.obj                     1054   62                 0                 
       fd_add28.asm.obj                 156    0                  0                 
       fd_div28.asm.obj                 139    0                  0                 
       fd_mpy28.asm.obj                 131    0                  0                 
       fs_div28.asm.obj                 131    0                  0                 
       e_sqrtf.c.obj                    117    4                  0                 
       fs_add28.asm.obj                 120    0                  0                 
       s_scalbnf.c.obj                  93     6                  0                 
       fs_mpy28.asm.obj                 90     0                  0                 
       boot28.asm.obj                   84     0                  0                 
       exit.c.obj                       41     14                 6                 
       fs_toi28.asm.obj                 37     0                  0                 
       cpy_tbl.c.obj                    36     0                  0                 
       i_div28.asm.obj                  34     0                  0                 
       memcpy.c.obj                     29     0                  0                 
       fd_toul28.asm.obj                27     0                  0                 
       i_tofs28.asm.obj                 26     0                  0                 
       l_tofs28.asm.obj                 26     0                  0                 
       args_main.c.obj                  25     0                  0                 
       _lock.c.obj                      9      10                 4                 
       fs_cmp28.asm.obj                 23     0                  0                 
       u_tofd28.asm.obj                 23     0                  0                 
       ul_tofs28.asm.obj                19     0                  0                 
       fd_sub28.asm.obj                 14     0                  0                 
       s_copysignf.c.obj                10     0                  0                 
       errno.c.obj                      0      4                  1                 
       fs_neg28.asm.obj                 5      0                  0                 
       pre_init.c.obj                   2      0                  0                 
       startup.c.obj                    1      0                  0                 
    +--+--------------------------------+------+------------------+--------------------+
       Total:                           2502   100                11                
                                                                                    
       Stack:                           0      0                  768               
    +--+--------------------------------+------+------------------+--------------------+
       Grand Total:                     4264   159                1830              


GLOBAL DATA SYMBOLS: SORTED BY DATA PAGE

address     data page           name
--------    ----------------    ----
00000050       1 (00000040)     __stack

00000880      22 (00000880)     _DevEmuRegs

00000985      26 (00000980)     _SysPwrCtrlRegs

00000a80      2a (00000a80)     _FlashRegs

00000ae0      2b (00000ac0)     _CsmRegs

00000b00      2c (00000b00)     _AdcResult

00000c00      30 (00000c00)     _CpuTimer0Regs
00000c08      30 (00000c00)     _CpuTimer1Regs
00000c10      30 (00000c00)     _CpuTimer2Regs

00000ce0      33 (00000cc0)     _PieCtrlRegs

00000d00      34 (00000d00)     _EmuKey
00000d00      34 (00000d00)     _PieVectTable
00000d01      34 (00000d00)     _EmuBMode
00000d02      34 (00000d00)     _Flash_CallbackPtr
00000d04      34 (00000d00)     _Flash_CPUScaleFactor

00006400     190 (00006400)     _Comp1Regs
00006420     190 (00006400)     _Comp2Regs

00006800     1a0 (00006800)     _EPwm1Regs

00006840     1a1 (00006840)     _EPwm2Regs

00006880     1a2 (00006880)     _EPwm3Regs

000068c0     1a3 (000068c0)     _EPwm4Regs

00006a00     1a8 (00006a00)     _ECap1Regs

00006f80     1be (00006f80)     _GpioCtrlRegs

00006fc0     1bf (00006fc0)     _GpioDataRegs
00006fe0     1bf (00006fc0)     _GpioIntRegs

00007010     1c0 (00007000)     _SysCtrlRegs

00007040     1c1 (00007040)     _SpiaRegs
00007050     1c1 (00007040)     _SciaRegs
00007060     1c1 (00007040)     _NmiIntruptRegs
00007070     1c1 (00007040)     _XIntruptRegs

00007100     1c4 (00007100)     _AdcRegs

00007900     1e4 (00007900)     _I2caRegs

00008800     220 (00008800)     _myCpu
00008802     220 (00008800)     _myPll
00008804     220 (00008800)     _myPie
00008806     220 (00008800)     _myFlash
00008808     220 (00008800)     _myGpio
0000880a     220 (00008800)     _myClk
0000880c     220 (00008800)     _myWDog
0000880e     220 (00008800)     __rows
0000880f     220 (00008800)     __backlightval
00008810     220 (00008800)     __cols
00008811     220 (00008800)     __Addr
00008812     220 (00008800)     __displayfunction
00008813     220 (00008800)     __displaymode
00008814     220 (00008800)     __displaycontrol
00008815     220 (00008800)     __numlines
00008816     220 (00008800)     _adcStAnaPower
00008817     220 (00008800)     _adcStDigPower
00008818     220 (00008800)     _bytesSent
00008819     220 (00008800)     _adcStCycleReady
0000881a     220 (00008800)     _adcStPwrUpReady
0000881b     220 (00008800)     _bytesReceived
0000881c     220 (00008800)     ___TI_enable_exit_profile_output
0000881e     220 (00008800)     ___TI_cleanup_ptr
00008820     220 (00008800)     ___TI_dtors_ptr
00008822     220 (00008800)     __lock
00008824     220 (00008800)     __unlock
00008826     220 (00008800)     _cpu
00008827     220 (00008800)     _errno

003d7fff    f5ff (003d7fc0)     _PartIdRegs

003f7ff8    fdff (003f7fc0)     _CsmPwl


GLOBAL SYMBOLS: SORTED ALPHABETICALLY BY Name 

page  address   name                            
----  -------   ----                            
abs   ffffffff  .text                           
0     003f6dbb  C$$EXIT                         
0     003f68fc  FD$$ADD                         
0     003f6998  FD$$DIV                         
0     003f6a23  FD$$MPY                         
0     003f6f73  FD$$SUB                         
0     003f6e93  FD$$TOUL                        
0     003f6b2e  FS$$ADD                         
0     003f6efb  FS$$CMP                         
0     003f6aa6  FS$$DIV                         
0     003f6c73  FS$$MPY                         
0     003f7105  FS$$NEG                         
0     003f6b29  FS$$SUB                         
0     003f6e0b  FS$$TOI                         
0     003f6e54  I$$DIV                          
0     003f6e65  I$$MOD                          
0     003f6eae  I$$TOFS                         
0     003f6ec8  L$$TOFS                         
0     003f6f12  U$$TOFD                         
0     003f6f3e  UL$$TOFS                        
0     003f7001  _ADCINT1_ISR                    
0     003f7006  _ADCINT2_ISR                    
0     003f700b  _ADCINT3_ISR                    
0     003f7010  _ADCINT4_ISR                    
0     003f7015  _ADCINT5_ISR                    
0     003f701a  _ADCINT6_ISR                    
0     003f701f  _ADCINT7_ISR                    
0     003f7024  _ADCINT8_ISR                    
0     003f7029  _ADCINT9_ISR                    
0     003f684c  _AdcGetStatus                   
0     003f6869  _AdcInitConversion              
0     003f6831  _AdcPowerOnSequence             
0     003f68c5  _AdcRead                        
1     00007100  _AdcRegs                        
1     00000b00  _AdcResult                      
0     003f68a3  _AdcWrite                       
0     003f6fd8  _CLK_disableAdcClock            
0     003f6fdf  _CLK_enableAdcClock             
0     003f6fe6  _CLK_enableI2cClock             
0     003f6fa8  _CLK_init                       
0     003f6fed  _CLK_setOscSrc                  
0     003f710e  _CPU_clearIntFlags              
0     003f7111  _CPU_disableGlobalInts          
0     003f710a  _CPU_init                       
1     00006400  _Comp1Regs                      
1     00006420  _Comp2Regs                      
0     003f68e7  _ConfigI2C                      
0     003f68ef  _ConfigI2cClock                 
1     00000c00  _CpuTimer0Regs                  
1     00000c08  _CpuTimer1Regs                  
1     00000c10  _CpuTimer2Regs                  
1     003f7ff8  _CsmPwl                         
1     00000ae0  _CsmRegs                        
0     003f702e  _DATALOG_ISR                    
0     003f649e  _DELAY_MS                       
0     003f6f8e  _DSP28x_DisableInt              
0     003f6f92  _DSP28x_RestoreInt              
0     00008000  _DSP28x_usDelay                 
1     00000880  _DevEmuRegs                     
0     003f7033  _ECAP1_INT_ISR                  
1     00006a00  _ECap1Regs                      
0     003f7038  _EMPTY_ISR                      
0     003f703d  _EMUINT_ISR                     
0     003f7042  _EPWM1_INT_ISR                  
0     003f7047  _EPWM1_TZINT_ISR                
0     003f704c  _EPWM2_INT_ISR                  
0     003f7051  _EPWM2_TZINT_ISR                
0     003f7056  _EPWM3_INT_ISR                  
0     003f705b  _EPWM3_TZINT_ISR                
0     003f7060  _EPWM4_INT_ISR                  
0     003f7065  _EPWM4_TZINT_ISR                
1     00006800  _EPwm1Regs                      
1     00006840  _EPwm2Regs                      
1     00006880  _EPwm3Regs                      
1     000068c0  _EPwm4Regs                      
1     00000d01  _EmuBMode                       
1     00000d00  _EmuKey                         
0     003f6fb0  _FLASH_init                     
1     00000a80  _FlashRegs                      
1     00000d04  _Flash_CPUScaleFactor           
1     00000d02  _Flash_CallbackPtr              
0     003f6f51  _GPIO_getData                   
0     003f6fb8  _GPIO_init                      
0     003f6d69  _GPIO_setDirection              
0     003f6d21  _GPIO_setMode                   
0     003f6d92  _GPIO_setPullUp                 
0     003f6de4  _GPIO_setQualification          
1     00006f80  _GpioCtrlRegs                   
1     00006fc0  _GpioDataRegs                   
1     00006fe0  _GpioIntRegs                    
0     003f706a  _I2CINT1A_ISR                   
0     003f706f  _I2CINT2A_ISR                   
1     00007900  _I2caRegs                       
0     003f7074  _ILLEGAL_ISR                    
0     003f7079  _INT13_ISR                      
0     003f707e  _INT14_ISR                      
0     003f67f2  _Init_system                    
0     003f7083  _NMI_ISR                        
1     00007060  _NmiIntruptRegs                 
0     003f7088  _PIE_RESERVED                   
0     003f7114  _PIE_disable                    
0     003f6f62  _PIE_disableAllInts             
0     003f708d  _PIE_illegalIsr                 
0     003f6f81  _PIE_init                       
0     003f7117  _PLL_getClkStatus               
0     003f711a  _PLL_getLockStatus              
0     003f6fc0  _PLL_init                       
0     003f6ff4  _PLL_setDivider                 
0     003f6ffb  _PLL_setMultiplier              
0     003f6f29  _PLL_setup                      
1     003d7fff  _PartIdRegs                     
1     00000ce0  _PieCtrlRegs                    
1     00000d00  _PieVectTable                   
0     003f7092  _RTOSINT_ISR                    
abs   00000004  _RamfuncsLoadSize               
0     003f607c  _RamfuncsLoadStart              
0     00008000  _RamfuncsRunStart               
0     003f7097  _SCIRXINTA_ISR                  
0     003f709c  _SCITXINTA_ISR                  
0     003f70a1  _SPIRXINTA_ISR                  
0     003f70a6  _SPITXINTA_ISR                  
1     00007050  _SciaRegs                       
0     003f67b8  _Setup_handles                  
1     00007040  _SpiaRegs                       
1     00007010  _SysCtrlRegs                    
1     00000985  _SysPwrCtrlRegs                 
0     003f70ab  _TINT0_ISR                      
0     003f70b0  _USER10_ISR                     
0     003f70b5  _USER11_ISR                     
0     003f70ba  _USER12_ISR                     
0     003f70bf  _USER1_ISR                      
0     003f70c4  _USER2_ISR                      
0     003f70c9  _USER3_ISR                      
0     003f70ce  _USER4_ISR                      
0     003f70d3  _USER5_ISR                      
0     003f70d8  _USER6_ISR                      
0     003f70dd  _USER7_ISR                      
0     003f70e2  _USER8_ISR                      
0     003f70e7  _USER9_ISR                      
0     003f70ec  _WAKEINT_ISR                    
0     003f6fc8  _WDOG_disable                   
0     003f6fd0  _WDOG_init                      
0     003f70f1  _XINT1_ISR                      
0     003f70f6  _XINT2_ISR                      
0     003f70fb  _XINT3_ISR                      
1     00007070  _XIntruptRegs                   
1     00008811  __Addr                          
1     00000350  __STACK_END                     
abs   00000300  __STACK_SIZE                    
1     0000881e  ___TI_cleanup_ptr               
1     00008820  ___TI_dtors_ptr                 
1     0000881c  ___TI_enable_exit_profile_output
abs   ffffffff  ___TI_pprof_out_hndl            
abs   ffffffff  ___TI_prof_data_size            
abs   ffffffff  ___TI_prof_data_start           
abs   ffffffff  ___binit__                      
abs   ffffffff  ___c_args__                     
0     003f7120  ___cinit__                      
abs   ffffffff  ___etext__                      
abs   ffffffff  ___pinit__                      
abs   ffffffff  ___text__                       
0     003f6ee2  __args_main                     
1     0000880f  __backlightval                  
1     00008810  __cols                          
1     00008814  __displaycontrol                
1     00008812  __displayfunction               
1     00008813  __displaymode                   
1     00008822  __lock                          
0     003f6fa7  __nop                           
1     00008815  __numlines                      
0     003f6fa3  __register_lock                 
0     003f6f9f  __register_unlock               
1     0000880e  __rows                          
1     00000050  __stack                         
0     003f711f  __system_post_cinit             
0     003f711d  __system_pre_init               
1     00008824  __unlock                        
0     003f6dbb  _abort                          
1     00008816  _adcStAnaPower                  
1     00008819  _adcStCycleReady                
1     00008817  _adcStDigPower                  
1     0000881a  _adcStPwrUpReady                
0     003f6711  _autoscroll                     
0     003f6709  _backlight                      
0     003f6543  _begin                          
0     003f66cd  _blink                          
1     0000881b  _bytesReceived                  
1     00008818  _bytesSent                      
0     003f6ccd  _c_int00                        
0     003f66a0  _clear                          
0     003f6599  _command                        
0     003f6e30  _copy_in                        
0     003f6f95  _copysign                       
0     003f6f95  _copysignf                      
1     00008826  _cpu                            
0     003f66df  _cursor                         
0     003f66bb  _display                        
1     00008827  _errno                          
0     003f6dbd  _exit                           
0     003f6671  _expanderWrite                  
0     003f65ca  _ftoa                           
0     003f66a9  _home                           
0     003f64da  _init_I2C                       
0     003f64e8  _init_LCD                       
0     003f6602  _intToStr                       
0     003f6c16  _ldexp                          
0     003f6c16  _ldexpf                         
0     003f66f0  _leftToRight                    
0     003f673f  _main                           
0     003f6e76  _memcpy                         
1     0000880a  _myClk                          
1     00008800  _myCpu                          
1     00008806  _myFlash                        
1     00008808  _myGpio                         
1     00008804  _myPie                          
1     00008802  _myPll                          
1     0000880c  _myWDog                         
0     003f671a  _noAutoscroll                   
0     003f6702  _noBacklight                    
0     003f66c4  _noBlink                        
0     003f66d6  _noCursor                       
0     003f66b2  _noDisplay                      
0     003f6080  _pow                            
0     003f6080  _powf                           
0     003f668d  _pulseEnable                    
0     003f6637  _reverse                        
0     003f66f9  _rightToLeft                    
0     003f7100  _rsvd_ISR                       
0     003f6c16  _scalbn                         
0     003f6c16  _scalbnf                        
0     003f66e8  _scrollDisplayLeft              
0     003f66ec  _scrollDisplayRight             
0     003f65a0  _send                           
0     003f6723  _setCursor                      
0     003f6f8b  _setDBGIER                      
0     003f6ba1  _sqrt                           
0     003f6ba1  _sqrtf                          
0     003f65b3  _write                          
0     003f6668  _write4bits                     
0     003f65ba  _writeNum                       
0     003f6659  _writeStr                       
abs   ffffffff  binit                           
0     003f7120  cinit                           
abs   ffffffff  etext                           
abs   ffffffff  pinit                           


GLOBAL SYMBOLS: SORTED BY Symbol Address 

page  address   name                            
----  -------   ----                            
0     00008000  _DSP28x_usDelay                 
0     00008000  _RamfuncsRunStart               
0     003f607c  _RamfuncsLoadStart              
0     003f6080  _pow                            
0     003f6080  _powf                           
0     003f649e  _DELAY_MS                       
0     003f64da  _init_I2C                       
0     003f64e8  _init_LCD                       
0     003f6543  _begin                          
0     003f6599  _command                        
0     003f65a0  _send                           
0     003f65b3  _write                          
0     003f65ba  _writeNum                       
0     003f65ca  _ftoa                           
0     003f6602  _intToStr                       
0     003f6637  _reverse                        
0     003f6659  _writeStr                       
0     003f6668  _write4bits                     
0     003f6671  _expanderWrite                  
0     003f668d  _pulseEnable                    
0     003f66a0  _clear                          
0     003f66a9  _home                           
0     003f66b2  _noDisplay                      
0     003f66bb  _display                        
0     003f66c4  _noBlink                        
0     003f66cd  _blink                          
0     003f66d6  _noCursor                       
0     003f66df  _cursor                         
0     003f66e8  _scrollDisplayLeft              
0     003f66ec  _scrollDisplayRight             
0     003f66f0  _leftToRight                    
0     003f66f9  _rightToLeft                    
0     003f6702  _noBacklight                    
0     003f6709  _backlight                      
0     003f6711  _autoscroll                     
0     003f671a  _noAutoscroll                   
0     003f6723  _setCursor                      
0     003f673f  _main                           
0     003f67b8  _Setup_handles                  
0     003f67f2  _Init_system                    
0     003f6831  _AdcPowerOnSequence             
0     003f684c  _AdcGetStatus                   
0     003f6869  _AdcInitConversion              
0     003f68a3  _AdcWrite                       
0     003f68c5  _AdcRead                        
0     003f68e7  _ConfigI2C                      
0     003f68ef  _ConfigI2cClock                 
0     003f68fc  FD$$ADD                         
0     003f6998  FD$$DIV                         
0     003f6a23  FD$$MPY                         
0     003f6aa6  FS$$DIV                         
0     003f6b29  FS$$SUB                         
0     003f6b2e  FS$$ADD                         
0     003f6ba1  _sqrt                           
0     003f6ba1  _sqrtf                          
0     003f6c16  _ldexp                          
0     003f6c16  _ldexpf                         
0     003f6c16  _scalbn                         
0     003f6c16  _scalbnf                        
0     003f6c73  FS$$MPY                         
0     003f6ccd  _c_int00                        
0     003f6d21  _GPIO_setMode                   
0     003f6d69  _GPIO_setDirection              
0     003f6d92  _GPIO_setPullUp                 
0     003f6dbb  C$$EXIT                         
0     003f6dbb  _abort                          
0     003f6dbd  _exit                           
0     003f6de4  _GPIO_setQualification          
0     003f6e0b  FS$$TOI                         
0     003f6e30  _copy_in                        
0     003f6e54  I$$DIV                          
0     003f6e65  I$$MOD                          
0     003f6e76  _memcpy                         
0     003f6e93  FD$$TOUL                        
0     003f6eae  I$$TOFS                         
0     003f6ec8  L$$TOFS                         
0     003f6ee2  __args_main                     
0     003f6efb  FS$$CMP                         
0     003f6f12  U$$TOFD                         
0     003f6f29  _PLL_setup                      
0     003f6f3e  UL$$TOFS                        
0     003f6f51  _GPIO_getData                   
0     003f6f62  _PIE_disableAllInts             
0     003f6f73  FD$$SUB                         
0     003f6f81  _PIE_init                       
0     003f6f8b  _setDBGIER                      
0     003f6f8e  _DSP28x_DisableInt              
0     003f6f92  _DSP28x_RestoreInt              
0     003f6f95  _copysign                       
0     003f6f95  _copysignf                      
0     003f6f9f  __register_unlock               
0     003f6fa3  __register_lock                 
0     003f6fa7  __nop                           
0     003f6fa8  _CLK_init                       
0     003f6fb0  _FLASH_init                     
0     003f6fb8  _GPIO_init                      
0     003f6fc0  _PLL_init                       
0     003f6fc8  _WDOG_disable                   
0     003f6fd0  _WDOG_init                      
0     003f6fd8  _CLK_disableAdcClock            
0     003f6fdf  _CLK_enableAdcClock             
0     003f6fe6  _CLK_enableI2cClock             
0     003f6fed  _CLK_setOscSrc                  
0     003f6ff4  _PLL_setDivider                 
0     003f6ffb  _PLL_setMultiplier              
0     003f7001  _ADCINT1_ISR                    
0     003f7006  _ADCINT2_ISR                    
0     003f700b  _ADCINT3_ISR                    
0     003f7010  _ADCINT4_ISR                    
0     003f7015  _ADCINT5_ISR                    
0     003f701a  _ADCINT6_ISR                    
0     003f701f  _ADCINT7_ISR                    
0     003f7024  _ADCINT8_ISR                    
0     003f7029  _ADCINT9_ISR                    
0     003f702e  _DATALOG_ISR                    
0     003f7033  _ECAP1_INT_ISR                  
0     003f7038  _EMPTY_ISR                      
0     003f703d  _EMUINT_ISR                     
0     003f7042  _EPWM1_INT_ISR                  
0     003f7047  _EPWM1_TZINT_ISR                
0     003f704c  _EPWM2_INT_ISR                  
0     003f7051  _EPWM2_TZINT_ISR                
0     003f7056  _EPWM3_INT_ISR                  
0     003f705b  _EPWM3_TZINT_ISR                
0     003f7060  _EPWM4_INT_ISR                  
0     003f7065  _EPWM4_TZINT_ISR                
0     003f706a  _I2CINT1A_ISR                   
0     003f706f  _I2CINT2A_ISR                   
0     003f7074  _ILLEGAL_ISR                    
0     003f7079  _INT13_ISR                      
0     003f707e  _INT14_ISR                      
0     003f7083  _NMI_ISR                        
0     003f7088  _PIE_RESERVED                   
0     003f708d  _PIE_illegalIsr                 
0     003f7092  _RTOSINT_ISR                    
0     003f7097  _SCIRXINTA_ISR                  
0     003f709c  _SCITXINTA_ISR                  
0     003f70a1  _SPIRXINTA_ISR                  
0     003f70a6  _SPITXINTA_ISR                  
0     003f70ab  _TINT0_ISR                      
0     003f70b0  _USER10_ISR                     
0     003f70b5  _USER11_ISR                     
0     003f70ba  _USER12_ISR                     
0     003f70bf  _USER1_ISR                      
0     003f70c4  _USER2_ISR                      
0     003f70c9  _USER3_ISR                      
0     003f70ce  _USER4_ISR                      
0     003f70d3  _USER5_ISR                      
0     003f70d8  _USER6_ISR                      
0     003f70dd  _USER7_ISR                      
0     003f70e2  _USER8_ISR                      
0     003f70e7  _USER9_ISR                      
0     003f70ec  _WAKEINT_ISR                    
0     003f70f1  _XINT1_ISR                      
0     003f70f6  _XINT2_ISR                      
0     003f70fb  _XINT3_ISR                      
0     003f7100  _rsvd_ISR                       
0     003f7105  FS$$NEG                         
0     003f710a  _CPU_init                       
0     003f710e  _CPU_clearIntFlags              
0     003f7111  _CPU_disableGlobalInts          
0     003f7114  _PIE_disable                    
0     003f7117  _PLL_getClkStatus               
0     003f711a  _PLL_getLockStatus              
0     003f711d  __system_pre_init               
0     003f711f  __system_post_cinit             
0     003f7120  ___cinit__                      
0     003f7120  cinit                           
1     00000050  __stack                         
1     00000350  __STACK_END                     
1     00000880  _DevEmuRegs                     
1     00000985  _SysPwrCtrlRegs                 
1     00000a80  _FlashRegs                      
1     00000ae0  _CsmRegs                        
1     00000b00  _AdcResult                      
1     00000c00  _CpuTimer0Regs                  
1     00000c08  _CpuTimer1Regs                  
1     00000c10  _CpuTimer2Regs                  
1     00000ce0  _PieCtrlRegs                    
1     00000d00  _EmuKey                         
1     00000d00  _PieVectTable                   
1     00000d01  _EmuBMode                       
1     00000d02  _Flash_CallbackPtr              
1     00000d04  _Flash_CPUScaleFactor           
1     00006400  _Comp1Regs                      
1     00006420  _Comp2Regs                      
1     00006800  _EPwm1Regs                      
1     00006840  _EPwm2Regs                      
1     00006880  _EPwm3Regs                      
1     000068c0  _EPwm4Regs                      
1     00006a00  _ECap1Regs                      
1     00006f80  _GpioCtrlRegs                   
1     00006fc0  _GpioDataRegs                   
1     00006fe0  _GpioIntRegs                    
1     00007010  _SysCtrlRegs                    
1     00007040  _SpiaRegs                       
1     00007050  _SciaRegs                       
1     00007060  _NmiIntruptRegs                 
1     00007070  _XIntruptRegs                   
1     00007100  _AdcRegs                        
1     00007900  _I2caRegs                       
1     00008800  _myCpu                          
1     00008802  _myPll                          
1     00008804  _myPie                          
1     00008806  _myFlash                        
1     00008808  _myGpio                         
1     0000880a  _myClk                          
1     0000880c  _myWDog                         
1     0000880e  __rows                          
1     0000880f  __backlightval                  
1     00008810  __cols                          
1     00008811  __Addr                          
1     00008812  __displayfunction               
1     00008813  __displaymode                   
1     00008814  __displaycontrol                
1     00008815  __numlines                      
1     00008816  _adcStAnaPower                  
1     00008817  _adcStDigPower                  
1     00008818  _bytesSent                      
1     00008819  _adcStCycleReady                
1     0000881a  _adcStPwrUpReady                
1     0000881b  _bytesReceived                  
1     0000881c  ___TI_enable_exit_profile_output
1     0000881e  ___TI_cleanup_ptr               
1     00008820  ___TI_dtors_ptr                 
1     00008822  __lock                          
1     00008824  __unlock                        
1     00008826  _cpu                            
1     00008827  _errno                          
1     003d7fff  _PartIdRegs                     
1     003f7ff8  _CsmPwl                         
abs   00000004  _RamfuncsLoadSize               
abs   00000300  __STACK_SIZE                    
abs   ffffffff  .text                           
abs   ffffffff  ___TI_pprof_out_hndl            
abs   ffffffff  ___TI_prof_data_size            
abs   ffffffff  ___TI_prof_data_start           
abs   ffffffff  ___binit__                      
abs   ffffffff  ___c_args__                     
abs   ffffffff  ___etext__                      
abs   ffffffff  ___pinit__                      
abs   ffffffff  ___text__                       
abs   ffffffff  binit                           
abs   ffffffff  etext                           
abs   ffffffff  pinit                           

[245 symbols]
