******************************************************************************
             TMS320C2000 Linker PC v18.1.4                     
******************************************************************************
>> Linked Thu Mar 18 20:53:01 2021

OUTPUT FILE NAME:   <ELEX7890_CAPSTONE_NIBSMD.out>
ENTRY POINT SYMBOL: "_c_int00"  address: 003f6c74


MEMORY CONFIGURATION

         name            origin    length      used     unused   attr    fill
----------------------  --------  ---------  --------  --------  ----  --------
PAGE 0:
  PRAML0                00008000   00000800  00000004  000007fc  RWIX
  OTP                   003d7800   00000400  00000000  00000400  RWIX
  FLASHD                003f0000   00002000  00000000  00002000  RWIX
  FLASHC                003f2000   00002000  00000000  00002000  RWIX
  FLASHA                003f6000   00001f80  000010b3  00000ecd  RWIX
  CSM_RSVD              003f7f80   00000076  00000000  00000076  RWIX
  BEGIN                 003f7ff6   00000002  00000000  00000002  RWIX
  CSM_PWL_P0            003f7ff8   00000008  00000000  00000008  RWIX
  IQTABLES              003fe000   00000b50  00000000  00000b50  RWIX
  IQTABLES2             003feb50   0000008c  00000000  0000008c  RWIX
  IQTABLES3             003febdc   000000aa  00000000  000000aa  RWIX
  ROM                   003ff27c   00000d44  00000000  00000d44  RWIX
  RESET                 003fffc0   00000002  00000000  00000002  RWIX
  VECTORS               003fffc2   0000003e  00000000  0000003e  RWIX

PAGE 1:
  BOOT_RSVD             00000000   00000050  00000000  00000050  RWIX
  RAMM0                 00000050   000003b0  00000300  000000b0  RWIX
  RAMM1                 00000400   00000400  00000000  00000400  RWIX
  DEV_EMU               00000880   00000105  00000004  00000101  RWIX
  SYS_PWR_CTL           00000985   00000003  00000003  00000000  RWIX
  FLASH_REGS            00000a80   00000060  00000008  00000058  RWIX
  CSM                   00000ae0   00000010  00000010  00000000  RWIX
  ADC_RESULT            00000b00   00000020  00000020  00000000  RWIX
  CPU_TIMER0            00000c00   00000008  00000008  00000000  RWIX
  CPU_TIMER1            00000c08   00000008  00000008  00000000  RWIX
  CPU_TIMER2            00000c10   00000008  00000008  00000000  RWIX
  PIE_CTRL              00000ce0   00000020  0000001a  00000006  RWIX
  PIE_VECT              00000d00   00000100  00000100  00000000  RWIX
  COMP1                 00006400   00000020  00000011  0000000f  RWIX
  COMP2                 00006420   00000020  00000011  0000000f  RWIX
  EPWM1                 00006800   00000040  00000040  00000000  RWIX
  EPWM2                 00006840   00000040  00000040  00000000  RWIX
  EPWM3                 00006880   00000040  00000040  00000000  RWIX
  EPWM4                 000068c0   00000040  00000040  00000000  RWIX
  ECAP1                 00006a00   00000020  00000020  00000000  RWIX
  GPIOCTRL              00006f80   00000040  00000040  00000000  RWIX
  GPIODAT               00006fc0   00000020  00000020  00000000  RWIX
  GPIOINT               00006fe0   00000020  0000000a  00000016  RWIX
  SYSTEM                00007010   00000020  0000001f  00000001  RWIX
  SPIA                  00007040   00000010  00000010  00000000  RWIX
  SCIA                  00007050   00000010  00000010  00000000  RWIX
  NMIINTRUPT            00007060   00000010  00000010  00000000  RWIX
  XINTRUPT              00007070   00000010  00000010  00000000  RWIX
  ADC                   00007100   00000080  00000051  0000002f  RWIX
  I2CA                  00007900   00000040  00000022  0000001e  RWIX
  DRAML0                00008800   00000800  00000028  000007d8  RWIX
  PARTID                003d7fff   00000001  00000001  00000000  RWIX
  FLASHB                003f4000   00002000  00000000  00002000  RWIX
  CSM_PWL               003f7ff8   00000008  00000008  00000000  RWIX


SECTION ALLOCATION MAP

 output                                  attributes/
section   page    origin      length       input sections
--------  ----  ----------  ----------   ----------------
.cinit     0    003f708d    00000026     
                  003f708d    0000000e     rts2800_ml.lib : exit.c.obj (.cinit)
                  003f709b    00000008     NAU7802_ADC.obj (.cinit)
                  003f70a3    00000005     rts2800_ml.lib : _lock.c.obj (.cinit:__lock)
                  003f70a8    00000005                    : _lock.c.obj (.cinit:__unlock)
                  003f70ad    00000004                    : errno.c.obj (.cinit)
                  003f70b1    00000002     --HOLE-- [fill = 0]

.pinit     0    003f6000    00000000     UNINITIALIZED

ramfuncs   0    003f6074    00000004     RUN ADDR = 00008000
                  003f6074    00000004     driverlib.lib : f2802xx_asmfuncs.obj (ramfuncs)

.stack     1    00000050    00000300     UNINITIALIZED
                  00000050    00000300     --HOLE--

DevEmuRegsFile 
*          1    00000880    00000004     UNINITIALIZED
                  00000880    00000004     driverlib.lib : F2802xX_GlobalVariableDefs.obj (DevEmuRegsFile)

SysPwrCtrlRegsFile 
*          1    00000985    00000003     UNINITIALIZED
                  00000985    00000003     driverlib.lib : F2802xX_GlobalVariableDefs.obj (SysPwrCtrlRegsFile)

FlashRegsFile 
*          1    00000a80    00000008     UNINITIALIZED
                  00000a80    00000008     driverlib.lib : F2802xX_GlobalVariableDefs.obj (FlashRegsFile)

CsmRegsFile 
*          1    00000ae0    00000010     UNINITIALIZED
                  00000ae0    00000010     driverlib.lib : F2802xX_GlobalVariableDefs.obj (CsmRegsFile)

AdcResultFile 
*          1    00000b00    00000020     UNINITIALIZED
                  00000b00    00000020     driverlib.lib : F2802xX_GlobalVariableDefs.obj (AdcResultFile)

CpuTimer0RegsFile 
*          1    00000c00    00000008     UNINITIALIZED
                  00000c00    00000008     driverlib.lib : F2802xX_GlobalVariableDefs.obj (CpuTimer0RegsFile)

CpuTimer1RegsFile 
*          1    00000c08    00000008     UNINITIALIZED
                  00000c08    00000008     driverlib.lib : F2802xX_GlobalVariableDefs.obj (CpuTimer1RegsFile)

CpuTimer2RegsFile 
*          1    00000c10    00000008     UNINITIALIZED
                  00000c10    00000008     driverlib.lib : F2802xX_GlobalVariableDefs.obj (CpuTimer2RegsFile)

PieCtrlRegsFile 
*          1    00000ce0    0000001a     UNINITIALIZED
                  00000ce0    0000001a     driverlib.lib : F2802xX_GlobalVariableDefs.obj (PieCtrlRegsFile)

Comp1RegsFile 
*          1    00006400    00000011     UNINITIALIZED
                  00006400    00000011     driverlib.lib : F2802xX_GlobalVariableDefs.obj (Comp1RegsFile)

Comp2RegsFile 
*          1    00006420    00000011     UNINITIALIZED
                  00006420    00000011     driverlib.lib : F2802xX_GlobalVariableDefs.obj (Comp2RegsFile)

EPwm1RegsFile 
*          1    00006800    00000040     UNINITIALIZED
                  00006800    00000040     driverlib.lib : F2802xX_GlobalVariableDefs.obj (EPwm1RegsFile)

EPwm2RegsFile 
*          1    00006840    00000040     UNINITIALIZED
                  00006840    00000040     driverlib.lib : F2802xX_GlobalVariableDefs.obj (EPwm2RegsFile)

EPwm3RegsFile 
*          1    00006880    00000040     UNINITIALIZED
                  00006880    00000040     driverlib.lib : F2802xX_GlobalVariableDefs.obj (EPwm3RegsFile)

EPwm4RegsFile 
*          1    000068c0    00000040     UNINITIALIZED
                  000068c0    00000040     driverlib.lib : F2802xX_GlobalVariableDefs.obj (EPwm4RegsFile)

.ebss      1    00008800    00000028     UNINITIALIZED
                  00008800    0000000e     ELEX7890_main.obj (.ebss)
                  0000880e    00000008     F28027_I2C_LCD.obj (.ebss)
                  00008816    00000006     NAU7802_ADC.obj (.ebss)
                  0000881c    00000006     rts2800_ml.lib : exit.c.obj (.ebss)
                  00008822    00000002                    : _lock.c.obj (.ebss:__lock)
                  00008824    00000002                    : _lock.c.obj (.ebss:__unlock)
                  00008826    00000001     driverlib.lib : cpu.obj (.ebss)
                  00008827    00000001     rts2800_ml.lib : errno.c.obj (.ebss)

.econst    0    003f6000    00000074     
                  003f6000    00000032     rts2800_ml.lib : e_powf.c.obj (.econst)
                  003f6032    00000018     ELEX7890_main.obj (.econst:.string)
                  003f604a    00000010     F28027_I2C_LCD.obj (.econst)
                  003f605a    00000006     rts2800_ml.lib : s_scalbnf.c.obj (.econst)
                  003f6060    00000004     F28027_I2C_LCD.obj (.econst:_$P$T0$1)
                  003f6064    00000004     rts2800_ml.lib : e_powf.c.obj (.econst:_bp)
                  003f6068    00000004                    : e_powf.c.obj (.econst:_dp_h)
                  003f606c    00000004                    : e_powf.c.obj (.econst:_dp_l)
                  003f6070    00000004                    : e_sqrtf.c.obj (.econst)

.reset     0    003fffc0    00000002     DSECT
                  003fffc0    00000002     rts2800_ml.lib : boot28.asm.obj (.reset)

vectors    0    003fffc2    00000000     DSECT

PieVectTableFile 
*          1    00000d00    00000100     UNINITIALIZED
                  00000d00    00000100     driverlib.lib : F2802xX_GlobalVariableDefs.obj (PieVectTableFile)

EmuKeyVar 
*          1    00000d00    00000001     UNINITIALIZED
                  00000d00    00000001     driverlib.lib : F2802xX_GlobalVariableDefs.obj (EmuKeyVar)

EmuBModeVar 
*          1    00000d01    00000001     UNINITIALIZED
                  00000d01    00000001     driverlib.lib : F2802xX_GlobalVariableDefs.obj (EmuBModeVar)

FlashCallbackVar 
*          1    00000d02    00000002     UNINITIALIZED
                  00000d02    00000002     driverlib.lib : F2802xX_GlobalVariableDefs.obj (FlashCallbackVar)

FlashScalingVar 
*          1    00000d04    00000002     UNINITIALIZED
                  00000d04    00000002     driverlib.lib : F2802xX_GlobalVariableDefs.obj (FlashScalingVar)

ECap1RegsFile 
*          1    00006a00    00000020     UNINITIALIZED
                  00006a00    00000020     driverlib.lib : F2802xX_GlobalVariableDefs.obj (ECap1RegsFile)

GpioCtrlRegsFile 
*          1    00006f80    00000040     UNINITIALIZED
                  00006f80    00000040     driverlib.lib : F2802xX_GlobalVariableDefs.obj (GpioCtrlRegsFile)

GpioDataRegsFile 
*          1    00006fc0    00000020     UNINITIALIZED
                  00006fc0    00000020     driverlib.lib : F2802xX_GlobalVariableDefs.obj (GpioDataRegsFile)

GpioIntRegsFile 
*          1    00006fe0    0000000a     UNINITIALIZED
                  00006fe0    0000000a     driverlib.lib : F2802xX_GlobalVariableDefs.obj (GpioIntRegsFile)

SysCtrlRegsFile 
*          1    00007010    0000001f     UNINITIALIZED
                  00007010    0000001f     driverlib.lib : F2802xX_GlobalVariableDefs.obj (SysCtrlRegsFile)

SpiaRegsFile 
*          1    00007040    00000010     UNINITIALIZED
                  00007040    00000010     driverlib.lib : F2802xX_GlobalVariableDefs.obj (SpiaRegsFile)

SciaRegsFile 
*          1    00007050    00000010     UNINITIALIZED
                  00007050    00000010     driverlib.lib : F2802xX_GlobalVariableDefs.obj (SciaRegsFile)

NmiIntruptRegsFile 
*          1    00007060    00000010     UNINITIALIZED
                  00007060    00000010     driverlib.lib : F2802xX_GlobalVariableDefs.obj (NmiIntruptRegsFile)

XIntruptRegsFile 
*          1    00007070    00000010     UNINITIALIZED
                  00007070    00000010     driverlib.lib : F2802xX_GlobalVariableDefs.obj (XIntruptRegsFile)

AdcRegsFile 
*          1    00007100    00000051     UNINITIALIZED
                  00007100    00000051     driverlib.lib : F2802xX_GlobalVariableDefs.obj (AdcRegsFile)

I2caRegsFile 
*          1    00007900    00000022     UNINITIALIZED
                  00007900    00000022     driverlib.lib : F2802xX_GlobalVariableDefs.obj (I2caRegsFile)

PartIdRegsFile 
*          1    003d7fff    00000001     UNINITIALIZED
                  003d7fff    00000001     driverlib.lib : F2802xX_GlobalVariableDefs.obj (PartIdRegsFile)

CsmPwlFile 
*          1    003f7ff8    00000008     UNINITIALIZED
                  003f7ff8    00000008     driverlib.lib : F2802xX_GlobalVariableDefs.obj (CsmPwlFile)

.text      0    003f6078    00001015     
                  003f6078    0000041e     rts2800_ml.lib : e_powf.c.obj (.text)
                  003f6496    0000028c     F28027_I2C_LCD.obj (.text)
                  003f6722    000000d2     NAU7802_ADC.obj (.text)
                  003f67f4    000000af     ELEX7890_main.obj (.text)
                  003f68a3    0000009c     rts2800_ml.lib : fd_add28.asm.obj (.text)
                  003f693f    0000008b                    : fd_div28.asm.obj (.text)
                  003f69ca    00000083                    : fd_mpy28.asm.obj (.text)
                  003f6a4d    00000083                    : fs_div28.asm.obj (.text)
                  003f6ad0    00000078                    : fs_add28.asm.obj (.text)
                  003f6b48    00000075                    : e_sqrtf.c.obj (.text)
                  003f6bbd    0000005d                    : s_scalbnf.c.obj (.text)
                  003f6c1a    0000005a                    : fs_mpy28.asm.obj (.text)
                  003f6c74    00000054                    : boot28.asm.obj (.text)
                  003f6cc8    00000048     driverlib.lib : gpio.obj (.text:_GPIO_setMode)
                  003f6d10    00000029                   : gpio.obj (.text:_GPIO_setPullUp)
                  003f6d39    00000029     rts2800_ml.lib : exit.c.obj (.text)
                  003f6d62    00000027     driverlib.lib : gpio.obj (.text:_GPIO_setQualification)
                  003f6d89    00000025     rts2800_ml.lib : fs_toi28.asm.obj (.text)
                  003f6dae    00000024                    : cpy_tbl.c.obj (.text)
                  003f6dd2    00000022                    : i_div28.asm.obj (.text)
                  003f6df4    0000001d                    : memcpy.c.obj (.text)
                  003f6e11    0000001b                    : fd_toul28.asm.obj (.text)
                  003f6e2c    0000001a                    : i_tofs28.asm.obj (.text)
                  003f6e46    0000001a                    : l_tofs28.asm.obj (.text)
                  003f6e60    00000019                    : args_main.c.obj (.text)
                  003f6e79    00000017                    : fs_cmp28.asm.obj (.text)
                  003f6e90    00000017                    : u_tofd28.asm.obj (.text)
                  003f6ea7    00000015     driverlib.lib : pll.obj (.text:_PLL_setup)
                  003f6ebc    00000013     rts2800_ml.lib : ul_tofs28.asm.obj (.text)
                  003f6ecf    00000011     driverlib.lib : pie.obj (.text:_PIE_disableAllInts)
                  003f6ee0    0000000e     rts2800_ml.lib : fd_sub28.asm.obj (.text)
                  003f6eee    0000000a     driverlib.lib : pie.obj (.text:_PIE_init)
                  003f6ef8    0000000a                   : f2802xx_asmfuncs.obj (.text)
                  003f6f02    0000000a     rts2800_ml.lib : s_copysignf.c.obj (.text)
                  003f6f0c    00000009                    : _lock.c.obj (.text)
                  003f6f15    00000008     driverlib.lib : clk.obj (.text:_CLK_init)
                  003f6f1d    00000008                   : flash.obj (.text:_FLASH_init)
                  003f6f25    00000008                   : gpio.obj (.text:_GPIO_init)
                  003f6f2d    00000008                   : pll.obj (.text:_PLL_init)
                  003f6f35    00000008                   : wdog.obj (.text:_WDOG_disable)
                  003f6f3d    00000008                   : wdog.obj (.text:_WDOG_init)
                  003f6f45    00000007                   : clk.obj (.text:_CLK_disableAdcClock)
                  003f6f4c    00000007                   : clk.obj (.text:_CLK_enableAdcClock)
                  003f6f53    00000007                   : clk.obj (.text:_CLK_enableI2cClock)
                  003f6f5a    00000007                   : clk.obj (.text:_CLK_setOscSrc)
                  003f6f61    00000007                   : pll.obj (.text:_PLL_setDivider)
                  003f6f68    00000006                   : pll.obj (.text:_PLL_setMultiplier)
                  003f6f6e    00000005                   : f2802xx_defaultisr.obj (.text:_ADCINT1_ISR)
                  003f6f73    00000005                   : f2802xx_defaultisr.obj (.text:_ADCINT2_ISR)
                  003f6f78    00000005                   : f2802xx_defaultisr.obj (.text:_ADCINT3_ISR)
                  003f6f7d    00000005                   : f2802xx_defaultisr.obj (.text:_ADCINT4_ISR)
                  003f6f82    00000005                   : f2802xx_defaultisr.obj (.text:_ADCINT5_ISR)
                  003f6f87    00000005                   : f2802xx_defaultisr.obj (.text:_ADCINT6_ISR)
                  003f6f8c    00000005                   : f2802xx_defaultisr.obj (.text:_ADCINT7_ISR)
                  003f6f91    00000005                   : f2802xx_defaultisr.obj (.text:_ADCINT8_ISR)
                  003f6f96    00000005                   : f2802xx_defaultisr.obj (.text:_ADCINT9_ISR)
                  003f6f9b    00000005                   : f2802xx_defaultisr.obj (.text:_DATALOG_ISR)
                  003f6fa0    00000005                   : f2802xx_defaultisr.obj (.text:_ECAP1_INT_ISR)
                  003f6fa5    00000005                   : f2802xx_defaultisr.obj (.text:_EMPTY_ISR)
                  003f6faa    00000005                   : f2802xx_defaultisr.obj (.text:_EMUINT_ISR)
                  003f6faf    00000005                   : f2802xx_defaultisr.obj (.text:_EPWM1_INT_ISR)
                  003f6fb4    00000005                   : f2802xx_defaultisr.obj (.text:_EPWM1_TZINT_ISR)
                  003f6fb9    00000005                   : f2802xx_defaultisr.obj (.text:_EPWM2_INT_ISR)
                  003f6fbe    00000005                   : f2802xx_defaultisr.obj (.text:_EPWM2_TZINT_ISR)
                  003f6fc3    00000005                   : f2802xx_defaultisr.obj (.text:_EPWM3_INT_ISR)
                  003f6fc8    00000005                   : f2802xx_defaultisr.obj (.text:_EPWM3_TZINT_ISR)
                  003f6fcd    00000005                   : f2802xx_defaultisr.obj (.text:_EPWM4_INT_ISR)
                  003f6fd2    00000005                   : f2802xx_defaultisr.obj (.text:_EPWM4_TZINT_ISR)
                  003f6fd7    00000005                   : f2802xx_defaultisr.obj (.text:_I2CINT1A_ISR)
                  003f6fdc    00000005                   : f2802xx_defaultisr.obj (.text:_I2CINT2A_ISR)
                  003f6fe1    00000005                   : f2802xx_defaultisr.obj (.text:_ILLEGAL_ISR)
                  003f6fe6    00000005                   : f2802xx_defaultisr.obj (.text:_INT13_ISR)
                  003f6feb    00000005                   : f2802xx_defaultisr.obj (.text:_INT14_ISR)
                  003f6ff0    00000005                   : f2802xx_defaultisr.obj (.text:_NMI_ISR)
                  003f6ff5    00000005                   : f2802xx_defaultisr.obj (.text:_PIE_RESERVED)
                  003f6ffa    00000005                   : pie.obj (.text:_PIE_illegalIsr)
                  003f6fff    00000005                   : f2802xx_defaultisr.obj (.text:_RTOSINT_ISR)
                  003f7004    00000005                   : f2802xx_defaultisr.obj (.text:_SCIRXINTA_ISR)
                  003f7009    00000005                   : f2802xx_defaultisr.obj (.text:_SCITXINTA_ISR)
                  003f700e    00000005                   : f2802xx_defaultisr.obj (.text:_SPIRXINTA_ISR)
                  003f7013    00000005                   : f2802xx_defaultisr.obj (.text:_SPITXINTA_ISR)
                  003f7018    00000005                   : f2802xx_defaultisr.obj (.text:_TINT0_ISR)
                  003f701d    00000005                   : f2802xx_defaultisr.obj (.text:_USER10_ISR)
                  003f7022    00000005                   : f2802xx_defaultisr.obj (.text:_USER11_ISR)
                  003f7027    00000005                   : f2802xx_defaultisr.obj (.text:_USER12_ISR)
                  003f702c    00000005                   : f2802xx_defaultisr.obj (.text:_USER1_ISR)
                  003f7031    00000005                   : f2802xx_defaultisr.obj (.text:_USER2_ISR)
                  003f7036    00000005                   : f2802xx_defaultisr.obj (.text:_USER3_ISR)
                  003f703b    00000005                   : f2802xx_defaultisr.obj (.text:_USER4_ISR)
                  003f7040    00000005                   : f2802xx_defaultisr.obj (.text:_USER5_ISR)
                  003f7045    00000005                   : f2802xx_defaultisr.obj (.text:_USER6_ISR)
                  003f704a    00000005                   : f2802xx_defaultisr.obj (.text:_USER7_ISR)
                  003f704f    00000005                   : f2802xx_defaultisr.obj (.text:_USER8_ISR)
                  003f7054    00000005                   : f2802xx_defaultisr.obj (.text:_USER9_ISR)
                  003f7059    00000005                   : f2802xx_defaultisr.obj (.text:_WAKEINT_ISR)
                  003f705e    00000005                   : f2802xx_defaultisr.obj (.text:_XINT1_ISR)
                  003f7063    00000005                   : f2802xx_defaultisr.obj (.text:_XINT2_ISR)
                  003f7068    00000005                   : f2802xx_defaultisr.obj (.text:_XINT3_ISR)
                  003f706d    00000005                   : f2802xx_defaultisr.obj (.text:_rsvd_ISR)
                  003f7072    00000005     rts2800_ml.lib : fs_neg28.asm.obj (.text)
                  003f7077    00000004     driverlib.lib : cpu.obj (.text:_CPU_init)
                  003f707b    00000003                   : cpu.obj (.text:_CPU_clearIntFlags)
                  003f707e    00000003                   : cpu.obj (.text:_CPU_disableGlobalInts)
                  003f7081    00000003                   : pie.obj (.text:_PIE_disable)
                  003f7084    00000003                   : pll.obj (.text:_PLL_getClkStatus)
                  003f7087    00000003                   : pll.obj (.text:_PLL_getLockStatus)
                  003f708a    00000002     rts2800_ml.lib : pre_init.c.obj (.text)
                  003f708c    00000001                    : startup.c.obj (.text)

MODULE SUMMARY

       Module                           code   initialized data   uninitialized data
       ------                           ----   ----------------   ------------------
    .\
       F28027_I2C_LCD.obj               652    20                 8                 
       NAU7802_ADC.obj                  210    8                  6                 
       ELEX7890_main.obj                175    24                 14                
    +--+--------------------------------+------+------------------+--------------------+
       Total:                           1037   52                 28                
                                                                                    
    ../driverlib.lib
       F2802xX_GlobalVariableDefs.obj   0      0                  1022              
       f2802xx_defaultisr.obj           255    0                  0                 
       gpio.obj                         160    0                  0                 
       pll.obj                          48     0                  0                 
       clk.obj                          36     0                  0                 
       pie.obj                          35     0                  0                 
       f2802xx_asmfuncs.obj             18     0                  0                 
       wdog.obj                         16     0                  0                 
       cpu.obj                          10     0                  1                 
       flash.obj                        8      0                  0                 
    +--+--------------------------------+------+------------------+--------------------+
       Total:                           586    0                  1023              
                                                                                    
    C:\ti\ccsv8\tools\compiler\ti-cgt-c2000_18.1.4.LTS\lib\rts2800_ml.lib
       e_powf.c.obj                     1054   62                 0                 
       fd_add28.asm.obj                 156    0                  0                 
       fd_div28.asm.obj                 139    0                  0                 
       fd_mpy28.asm.obj                 131    0                  0                 
       fs_div28.asm.obj                 131    0                  0                 
       e_sqrtf.c.obj                    117    4                  0                 
       fs_add28.asm.obj                 120    0                  0                 
       s_scalbnf.c.obj                  93     6                  0                 
       fs_mpy28.asm.obj                 90     0                  0                 
       boot28.asm.obj                   84     0                  0                 
       exit.c.obj                       41     14                 6                 
       fs_toi28.asm.obj                 37     0                  0                 
       cpy_tbl.c.obj                    36     0                  0                 
       i_div28.asm.obj                  34     0                  0                 
       memcpy.c.obj                     29     0                  0                 
       fd_toul28.asm.obj                27     0                  0                 
       i_tofs28.asm.obj                 26     0                  0                 
       l_tofs28.asm.obj                 26     0                  0                 
       args_main.c.obj                  25     0                  0                 
       _lock.c.obj                      9      10                 4                 
       fs_cmp28.asm.obj                 23     0                  0                 
       u_tofd28.asm.obj                 23     0                  0                 
       ul_tofs28.asm.obj                19     0                  0                 
       fd_sub28.asm.obj                 14     0                  0                 
       s_copysignf.c.obj                10     0                  0                 
       errno.c.obj                      0      4                  1                 
       fs_neg28.asm.obj                 5      0                  0                 
       pre_init.c.obj                   2      0                  0                 
       startup.c.obj                    1      0                  0                 
    +--+--------------------------------+------+------------------+--------------------+
       Total:                           2502   100                11                
                                                                                    
       Stack:                           0      0                  768               
    +--+--------------------------------+------+------------------+--------------------+
       Grand Total:                     4125   152                1830              


GLOBAL DATA SYMBOLS: SORTED BY DATA PAGE

address     data page           name
--------    ----------------    ----
00000050       1 (00000040)     __stack

00000880      22 (00000880)     _DevEmuRegs

00000985      26 (00000980)     _SysPwrCtrlRegs

00000a80      2a (00000a80)     _FlashRegs

00000ae0      2b (00000ac0)     _CsmRegs

00000b00      2c (00000b00)     _AdcResult

00000c00      30 (00000c00)     _CpuTimer0Regs
00000c08      30 (00000c00)     _CpuTimer1Regs
00000c10      30 (00000c00)     _CpuTimer2Regs

00000ce0      33 (00000cc0)     _PieCtrlRegs

00000d00      34 (00000d00)     _EmuKey
00000d00      34 (00000d00)     _PieVectTable
00000d01      34 (00000d00)     _EmuBMode
00000d02      34 (00000d00)     _Flash_CallbackPtr
00000d04      34 (00000d00)     _Flash_CPUScaleFactor

00006400     190 (00006400)     _Comp1Regs
00006420     190 (00006400)     _Comp2Regs

00006800     1a0 (00006800)     _EPwm1Regs

00006840     1a1 (00006840)     _EPwm2Regs

00006880     1a2 (00006880)     _EPwm3Regs

000068c0     1a3 (000068c0)     _EPwm4Regs

00006a00     1a8 (00006a00)     _ECap1Regs

00006f80     1be (00006f80)     _GpioCtrlRegs

00006fc0     1bf (00006fc0)     _GpioDataRegs
00006fe0     1bf (00006fc0)     _GpioIntRegs

00007010     1c0 (00007000)     _SysCtrlRegs

00007040     1c1 (00007040)     _SpiaRegs
00007050     1c1 (00007040)     _SciaRegs
00007060     1c1 (00007040)     _NmiIntruptRegs
00007070     1c1 (00007040)     _XIntruptRegs

00007100     1c4 (00007100)     _AdcRegs

00007900     1e4 (00007900)     _I2caRegs

00008800     220 (00008800)     _myFlash
00008802     220 (00008800)     _myGpio
00008804     220 (00008800)     _myPie
00008806     220 (00008800)     _myPll
00008808     220 (00008800)     _myCpu
0000880a     220 (00008800)     _myClk
0000880c     220 (00008800)     _myWDog
0000880e     220 (00008800)     __cols
0000880f     220 (00008800)     __numlines
00008810     220 (00008800)     __backlightval
00008811     220 (00008800)     __Addr
00008812     220 (00008800)     __displayfunction
00008813     220 (00008800)     __displaymode
00008814     220 (00008800)     __displaycontrol
00008815     220 (00008800)     __rows
00008816     220 (00008800)     _adcStAnaPower
00008817     220 (00008800)     _adcStDigPower
00008818     220 (00008800)     _bytesSent
00008819     220 (00008800)     _adcStCycleReady
0000881a     220 (00008800)     _adcStPwrUpReady
0000881b     220 (00008800)     _bytesReceived
0000881c     220 (00008800)     ___TI_enable_exit_profile_output
0000881e     220 (00008800)     ___TI_cleanup_ptr
00008820     220 (00008800)     ___TI_dtors_ptr
00008822     220 (00008800)     __lock
00008824     220 (00008800)     __unlock
00008826     220 (00008800)     _cpu
00008827     220 (00008800)     _errno

003d7fff    f5ff (003d7fc0)     _PartIdRegs

003f7ff8    fdff (003f7fc0)     _CsmPwl


GLOBAL SYMBOLS: SORTED ALPHABETICALLY BY Name 

page  address   name                            
----  -------   ----                            
abs   ffffffff  .text                           
0     003f6d39  C$$EXIT                         
0     003f68a3  FD$$ADD                         
0     003f693f  FD$$DIV                         
0     003f69ca  FD$$MPY                         
0     003f6ee0  FD$$SUB                         
0     003f6e11  FD$$TOUL                        
0     003f6ad5  FS$$ADD                         
0     003f6e79  FS$$CMP                         
0     003f6a4d  FS$$DIV                         
0     003f6c1a  FS$$MPY                         
0     003f7072  FS$$NEG                         
0     003f6ad0  FS$$SUB                         
0     003f6d89  FS$$TOI                         
0     003f6dd2  I$$DIV                          
0     003f6de3  I$$MOD                          
0     003f6e2c  I$$TOFS                         
0     003f6e46  L$$TOFS                         
0     003f6e90  U$$TOFD                         
0     003f6ebc  UL$$TOFS                        
0     003f6f6e  _ADCINT1_ISR                    
0     003f6f73  _ADCINT2_ISR                    
0     003f6f78  _ADCINT3_ISR                    
0     003f6f7d  _ADCINT4_ISR                    
0     003f6f82  _ADCINT5_ISR                    
0     003f6f87  _ADCINT6_ISR                    
0     003f6f8c  _ADCINT7_ISR                    
0     003f6f91  _ADCINT8_ISR                    
0     003f6f96  _ADCINT9_ISR                    
0     003f673d  _AdcGetStatus                   
0     003f675a  _AdcInitConversion              
0     003f6722  _AdcPowerOnSequence             
0     003f67b6  _AdcRead                        
1     00007100  _AdcRegs                        
1     00000b00  _AdcResult                      
0     003f6794  _AdcWrite                       
0     003f6f45  _CLK_disableAdcClock            
0     003f6f4c  _CLK_enableAdcClock             
0     003f6f53  _CLK_enableI2cClock             
0     003f6f15  _CLK_init                       
0     003f6f5a  _CLK_setOscSrc                  
0     003f707b  _CPU_clearIntFlags              
0     003f707e  _CPU_disableGlobalInts          
0     003f7077  _CPU_init                       
1     00006400  _Comp1Regs                      
1     00006420  _Comp2Regs                      
0     003f67df  _ConfigI2C                      
0     003f67e7  _ConfigI2cClock                 
1     00000c00  _CpuTimer0Regs                  
1     00000c08  _CpuTimer1Regs                  
1     00000c10  _CpuTimer2Regs                  
1     003f7ff8  _CsmPwl                         
1     00000ae0  _CsmRegs                        
0     003f6f9b  _DATALOG_ISR                    
0     003f6496  _DELAY_MS                       
0     003f6efb  _DSP28x_DisableInt              
0     003f6eff  _DSP28x_RestoreInt              
0     00008000  _DSP28x_usDelay                 
1     00000880  _DevEmuRegs                     
0     003f6fa0  _ECAP1_INT_ISR                  
1     00006a00  _ECap1Regs                      
0     003f6fa5  _EMPTY_ISR                      
0     003f6faa  _EMUINT_ISR                     
0     003f6faf  _EPWM1_INT_ISR                  
0     003f6fb4  _EPWM1_TZINT_ISR                
0     003f6fb9  _EPWM2_INT_ISR                  
0     003f6fbe  _EPWM2_TZINT_ISR                
0     003f6fc3  _EPWM3_INT_ISR                  
0     003f6fc8  _EPWM3_TZINT_ISR                
0     003f6fcd  _EPWM4_INT_ISR                  
0     003f6fd2  _EPWM4_TZINT_ISR                
1     00006800  _EPwm1Regs                      
1     00006840  _EPwm2Regs                      
1     00006880  _EPwm3Regs                      
1     000068c0  _EPwm4Regs                      
1     00000d01  _EmuBMode                       
1     00000d00  _EmuKey                         
0     003f6f1d  _FLASH_init                     
1     00000a80  _FlashRegs                      
1     00000d04  _Flash_CPUScaleFactor           
1     00000d02  _Flash_CallbackPtr              
0     003f6f25  _GPIO_init                      
0     003f6cc8  _GPIO_setMode                   
0     003f6d10  _GPIO_setPullUp                 
0     003f6d62  _GPIO_setQualification          
1     00006f80  _GpioCtrlRegs                   
1     00006fc0  _GpioDataRegs                   
1     00006fe0  _GpioIntRegs                    
0     003f6fd7  _I2CINT1A_ISR                   
0     003f6fdc  _I2CINT2A_ISR                   
1     00007900  _I2caRegs                       
0     003f6fe1  _ILLEGAL_ISR                    
0     003f6fe6  _INT13_ISR                      
0     003f6feb  _INT14_ISR                      
0     003f6864  _Init_system                    
0     003f6ff0  _NMI_ISR                        
1     00007060  _NmiIntruptRegs                 
0     003f6ff5  _PIE_RESERVED                   
0     003f7081  _PIE_disable                    
0     003f6ecf  _PIE_disableAllInts             
0     003f6ffa  _PIE_illegalIsr                 
0     003f6eee  _PIE_init                       
0     003f7084  _PLL_getClkStatus               
0     003f7087  _PLL_getLockStatus              
0     003f6f2d  _PLL_init                       
0     003f6f61  _PLL_setDivider                 
0     003f6f68  _PLL_setMultiplier              
0     003f6ea7  _PLL_setup                      
1     003d7fff  _PartIdRegs                     
1     00000ce0  _PieCtrlRegs                    
1     00000d00  _PieVectTable                   
0     003f6fff  _RTOSINT_ISR                    
abs   00000004  _RamfuncsLoadSize               
0     003f6074  _RamfuncsLoadStart              
0     00008000  _RamfuncsRunStart               
0     003f7004  _SCIRXINTA_ISR                  
0     003f7009  _SCITXINTA_ISR                  
0     003f700e  _SPIRXINTA_ISR                  
0     003f7013  _SPITXINTA_ISR                  
1     00007050  _SciaRegs                       
0     003f682a  _Setup_handles                  
1     00007040  _SpiaRegs                       
1     00007010  _SysCtrlRegs                    
1     00000985  _SysPwrCtrlRegs                 
0     003f7018  _TINT0_ISR                      
0     003f701d  _USER10_ISR                     
0     003f7022  _USER11_ISR                     
0     003f7027  _USER12_ISR                     
0     003f702c  _USER1_ISR                      
0     003f7031  _USER2_ISR                      
0     003f7036  _USER3_ISR                      
0     003f703b  _USER4_ISR                      
0     003f7040  _USER5_ISR                      
0     003f7045  _USER6_ISR                      
0     003f704a  _USER7_ISR                      
0     003f704f  _USER8_ISR                      
0     003f7054  _USER9_ISR                      
0     003f7059  _WAKEINT_ISR                    
0     003f6f35  _WDOG_disable                   
0     003f6f3d  _WDOG_init                      
0     003f705e  _XINT1_ISR                      
0     003f7063  _XINT2_ISR                      
0     003f7068  _XINT3_ISR                      
1     00007070  _XIntruptRegs                   
1     00008811  __Addr                          
1     00000350  __STACK_END                     
abs   00000300  __STACK_SIZE                    
1     0000881e  ___TI_cleanup_ptr               
1     00008820  ___TI_dtors_ptr                 
1     0000881c  ___TI_enable_exit_profile_output
abs   ffffffff  ___TI_pprof_out_hndl            
abs   ffffffff  ___TI_prof_data_size            
abs   ffffffff  ___TI_prof_data_start           
abs   ffffffff  ___binit__                      
abs   ffffffff  ___c_args__                     
0     003f708d  ___cinit__                      
abs   ffffffff  ___etext__                      
abs   ffffffff  ___pinit__                      
abs   ffffffff  ___text__                       
0     003f6e60  __args_main                     
1     00008810  __backlightval                  
1     0000880e  __cols                          
1     00008814  __displaycontrol                
1     00008812  __displayfunction               
1     00008813  __displaymode                   
1     00008822  __lock                          
0     003f6f14  __nop                           
1     0000880f  __numlines                      
0     003f6f10  __register_lock                 
0     003f6f0c  __register_unlock               
1     00008815  __rows                          
1     00000050  __stack                         
0     003f708c  __system_post_cinit             
0     003f708a  __system_pre_init               
1     00008824  __unlock                        
0     003f6d39  _abort                          
1     00008816  _adcStAnaPower                  
1     00008819  _adcStCycleReady                
1     00008817  _adcStDigPower                  
1     0000881a  _adcStPwrUpReady                
0     003f66f4  _autoscroll                     
0     003f66ec  _backlight                      
0     003f6526  _begin                          
0     003f66b0  _blink                          
1     0000881b  _bytesReceived                  
1     00008818  _bytesSent                      
0     003f6c74  _c_int00                        
0     003f6683  _clear                          
0     003f657c  _command                        
0     003f6dae  _copy_in                        
0     003f6f02  _copysign                       
0     003f6f02  _copysignf                      
1     00008826  _cpu                            
0     003f66c2  _cursor                         
0     003f669e  _display                        
1     00008827  _errno                          
0     003f6d3b  _exit                           
0     003f6654  _expanderWrite                  
0     003f65ad  _ftoa                           
0     003f668c  _home                           
0     003f64d2  _init_I2C                       
0     003f64e0  _init_LCD                       
0     003f65e5  _intToStr                       
0     003f6bbd  _ldexp                          
0     003f6bbd  _ldexpf                         
0     003f66d3  _leftToRight                    
0     003f67f4  _main                           
0     003f6df4  _memcpy                         
1     0000880a  _myClk                          
1     00008808  _myCpu                          
1     00008800  _myFlash                        
1     00008802  _myGpio                         
1     00008804  _myPie                          
1     00008806  _myPll                          
1     0000880c  _myWDog                         
0     003f66fd  _noAutoscroll                   
0     003f66e5  _noBacklight                    
0     003f66a7  _noBlink                        
0     003f66b9  _noCursor                       
0     003f6695  _noDisplay                      
0     003f6078  _pow                            
0     003f6078  _powf                           
0     003f6670  _pulseEnable                    
0     003f661a  _reverse                        
0     003f66dc  _rightToLeft                    
0     003f706d  _rsvd_ISR                       
0     003f6bbd  _scalbn                         
0     003f6bbd  _scalbnf                        
0     003f66cb  _scrollDisplayLeft              
0     003f66cf  _scrollDisplayRight             
0     003f6583  _send                           
0     003f6706  _setCursor                      
0     003f6ef8  _setDBGIER                      
0     003f6b48  _sqrt                           
0     003f6b48  _sqrtf                          
0     003f6596  _write                          
0     003f664b  _write4bits                     
0     003f659d  _writeNum                       
0     003f663c  _writeStr                       
abs   ffffffff  binit                           
0     003f708d  cinit                           
abs   ffffffff  etext                           
abs   ffffffff  pinit                           


GLOBAL SYMBOLS: SORTED BY Symbol Address 

page  address   name                            
----  -------   ----                            
0     00008000  _DSP28x_usDelay                 
0     00008000  _RamfuncsRunStart               
0     003f6074  _RamfuncsLoadStart              
0     003f6078  _pow                            
0     003f6078  _powf                           
0     003f6496  _DELAY_MS                       
0     003f64d2  _init_I2C                       
0     003f64e0  _init_LCD                       
0     003f6526  _begin                          
0     003f657c  _command                        
0     003f6583  _send                           
0     003f6596  _write                          
0     003f659d  _writeNum                       
0     003f65ad  _ftoa                           
0     003f65e5  _intToStr                       
0     003f661a  _reverse                        
0     003f663c  _writeStr                       
0     003f664b  _write4bits                     
0     003f6654  _expanderWrite                  
0     003f6670  _pulseEnable                    
0     003f6683  _clear                          
0     003f668c  _home                           
0     003f6695  _noDisplay                      
0     003f669e  _display                        
0     003f66a7  _noBlink                        
0     003f66b0  _blink                          
0     003f66b9  _noCursor                       
0     003f66c2  _cursor                         
0     003f66cb  _scrollDisplayLeft              
0     003f66cf  _scrollDisplayRight             
0     003f66d3  _leftToRight                    
0     003f66dc  _rightToLeft                    
0     003f66e5  _noBacklight                    
0     003f66ec  _backlight                      
0     003f66f4  _autoscroll                     
0     003f66fd  _noAutoscroll                   
0     003f6706  _setCursor                      
0     003f6722  _AdcPowerOnSequence             
0     003f673d  _AdcGetStatus                   
0     003f675a  _AdcInitConversion              
0     003f6794  _AdcWrite                       
0     003f67b6  _AdcRead                        
0     003f67df  _ConfigI2C                      
0     003f67e7  _ConfigI2cClock                 
0     003f67f4  _main                           
0     003f682a  _Setup_handles                  
0     003f6864  _Init_system                    
0     003f68a3  FD$$ADD                         
0     003f693f  FD$$DIV                         
0     003f69ca  FD$$MPY                         
0     003f6a4d  FS$$DIV                         
0     003f6ad0  FS$$SUB                         
0     003f6ad5  FS$$ADD                         
0     003f6b48  _sqrt                           
0     003f6b48  _sqrtf                          
0     003f6bbd  _ldexp                          
0     003f6bbd  _ldexpf                         
0     003f6bbd  _scalbn                         
0     003f6bbd  _scalbnf                        
0     003f6c1a  FS$$MPY                         
0     003f6c74  _c_int00                        
0     003f6cc8  _GPIO_setMode                   
0     003f6d10  _GPIO_setPullUp                 
0     003f6d39  C$$EXIT                         
0     003f6d39  _abort                          
0     003f6d3b  _exit                           
0     003f6d62  _GPIO_setQualification          
0     003f6d89  FS$$TOI                         
0     003f6dae  _copy_in                        
0     003f6dd2  I$$DIV                          
0     003f6de3  I$$MOD                          
0     003f6df4  _memcpy                         
0     003f6e11  FD$$TOUL                        
0     003f6e2c  I$$TOFS                         
0     003f6e46  L$$TOFS                         
0     003f6e60  __args_main                     
0     003f6e79  FS$$CMP                         
0     003f6e90  U$$TOFD                         
0     003f6ea7  _PLL_setup                      
0     003f6ebc  UL$$TOFS                        
0     003f6ecf  _PIE_disableAllInts             
0     003f6ee0  FD$$SUB                         
0     003f6eee  _PIE_init                       
0     003f6ef8  _setDBGIER                      
0     003f6efb  _DSP28x_DisableInt              
0     003f6eff  _DSP28x_RestoreInt              
0     003f6f02  _copysign                       
0     003f6f02  _copysignf                      
0     003f6f0c  __register_unlock               
0     003f6f10  __register_lock                 
0     003f6f14  __nop                           
0     003f6f15  _CLK_init                       
0     003f6f1d  _FLASH_init                     
0     003f6f25  _GPIO_init                      
0     003f6f2d  _PLL_init                       
0     003f6f35  _WDOG_disable                   
0     003f6f3d  _WDOG_init                      
0     003f6f45  _CLK_disableAdcClock            
0     003f6f4c  _CLK_enableAdcClock             
0     003f6f53  _CLK_enableI2cClock             
0     003f6f5a  _CLK_setOscSrc                  
0     003f6f61  _PLL_setDivider                 
0     003f6f68  _PLL_setMultiplier              
0     003f6f6e  _ADCINT1_ISR                    
0     003f6f73  _ADCINT2_ISR                    
0     003f6f78  _ADCINT3_ISR                    
0     003f6f7d  _ADCINT4_ISR                    
0     003f6f82  _ADCINT5_ISR                    
0     003f6f87  _ADCINT6_ISR                    
0     003f6f8c  _ADCINT7_ISR                    
0     003f6f91  _ADCINT8_ISR                    
0     003f6f96  _ADCINT9_ISR                    
0     003f6f9b  _DATALOG_ISR                    
0     003f6fa0  _ECAP1_INT_ISR                  
0     003f6fa5  _EMPTY_ISR                      
0     003f6faa  _EMUINT_ISR                     
0     003f6faf  _EPWM1_INT_ISR                  
0     003f6fb4  _EPWM1_TZINT_ISR                
0     003f6fb9  _EPWM2_INT_ISR                  
0     003f6fbe  _EPWM2_TZINT_ISR                
0     003f6fc3  _EPWM3_INT_ISR                  
0     003f6fc8  _EPWM3_TZINT_ISR                
0     003f6fcd  _EPWM4_INT_ISR                  
0     003f6fd2  _EPWM4_TZINT_ISR                
0     003f6fd7  _I2CINT1A_ISR                   
0     003f6fdc  _I2CINT2A_ISR                   
0     003f6fe1  _ILLEGAL_ISR                    
0     003f6fe6  _INT13_ISR                      
0     003f6feb  _INT14_ISR                      
0     003f6ff0  _NMI_ISR                        
0     003f6ff5  _PIE_RESERVED                   
0     003f6ffa  _PIE_illegalIsr                 
0     003f6fff  _RTOSINT_ISR                    
0     003f7004  _SCIRXINTA_ISR                  
0     003f7009  _SCITXINTA_ISR                  
0     003f700e  _SPIRXINTA_ISR                  
0     003f7013  _SPITXINTA_ISR                  
0     003f7018  _TINT0_ISR                      
0     003f701d  _USER10_ISR                     
0     003f7022  _USER11_ISR                     
0     003f7027  _USER12_ISR                     
0     003f702c  _USER1_ISR                      
0     003f7031  _USER2_ISR                      
0     003f7036  _USER3_ISR                      
0     003f703b  _USER4_ISR                      
0     003f7040  _USER5_ISR                      
0     003f7045  _USER6_ISR                      
0     003f704a  _USER7_ISR                      
0     003f704f  _USER8_ISR                      
0     003f7054  _USER9_ISR                      
0     003f7059  _WAKEINT_ISR                    
0     003f705e  _XINT1_ISR                      
0     003f7063  _XINT2_ISR                      
0     003f7068  _XINT3_ISR                      
0     003f706d  _rsvd_ISR                       
0     003f7072  FS$$NEG                         
0     003f7077  _CPU_init                       
0     003f707b  _CPU_clearIntFlags              
0     003f707e  _CPU_disableGlobalInts          
0     003f7081  _PIE_disable                    
0     003f7084  _PLL_getClkStatus               
0     003f7087  _PLL_getLockStatus              
0     003f708a  __system_pre_init               
0     003f708c  __system_post_cinit             
0     003f708d  ___cinit__                      
0     003f708d  cinit                           
1     00000050  __stack                         
1     00000350  __STACK_END                     
1     00000880  _DevEmuRegs                     
1     00000985  _SysPwrCtrlRegs                 
1     00000a80  _FlashRegs                      
1     00000ae0  _CsmRegs                        
1     00000b00  _AdcResult                      
1     00000c00  _CpuTimer0Regs                  
1     00000c08  _CpuTimer1Regs                  
1     00000c10  _CpuTimer2Regs                  
1     00000ce0  _PieCtrlRegs                    
1     00000d00  _EmuKey                         
1     00000d00  _PieVectTable                   
1     00000d01  _EmuBMode                       
1     00000d02  _Flash_CallbackPtr              
1     00000d04  _Flash_CPUScaleFactor           
1     00006400  _Comp1Regs                      
1     00006420  _Comp2Regs                      
1     00006800  _EPwm1Regs                      
1     00006840  _EPwm2Regs                      
1     00006880  _EPwm3Regs                      
1     000068c0  _EPwm4Regs                      
1     00006a00  _ECap1Regs                      
1     00006f80  _GpioCtrlRegs                   
1     00006fc0  _GpioDataRegs                   
1     00006fe0  _GpioIntRegs                    
1     00007010  _SysCtrlRegs                    
1     00007040  _SpiaRegs                       
1     00007050  _SciaRegs                       
1     00007060  _NmiIntruptRegs                 
1     00007070  _XIntruptRegs                   
1     00007100  _AdcRegs                        
1     00007900  _I2caRegs                       
1     00008800  _myFlash                        
1     00008802  _myGpio                         
1     00008804  _myPie                          
1     00008806  _myPll                          
1     00008808  _myCpu                          
1     0000880a  _myClk                          
1     0000880c  _myWDog                         
1     0000880e  __cols                          
1     0000880f  __numlines                      
1     00008810  __backlightval                  
1     00008811  __Addr                          
1     00008812  __displayfunction               
1     00008813  __displaymode                   
1     00008814  __displaycontrol                
1     00008815  __rows                          
1     00008816  _adcStAnaPower                  
1     00008817  _adcStDigPower                  
1     00008818  _bytesSent                      
1     00008819  _adcStCycleReady                
1     0000881a  _adcStPwrUpReady                
1     0000881b  _bytesReceived                  
1     0000881c  ___TI_enable_exit_profile_output
1     0000881e  ___TI_cleanup_ptr               
1     00008820  ___TI_dtors_ptr                 
1     00008822  __lock                          
1     00008824  __unlock                        
1     00008826  _cpu                            
1     00008827  _errno                          
1     003d7fff  _PartIdRegs                     
1     003f7ff8  _CsmPwl                         
abs   00000004  _RamfuncsLoadSize               
abs   00000300  __STACK_SIZE                    
abs   ffffffff  .text                           
abs   ffffffff  ___TI_pprof_out_hndl            
abs   ffffffff  ___TI_prof_data_size            
abs   ffffffff  ___TI_prof_data_start           
abs   ffffffff  ___binit__                      
abs   ffffffff  ___c_args__                     
abs   ffffffff  ___etext__                      
abs   ffffffff  ___pinit__                      
abs   ffffffff  ___text__                       
abs   ffffffff  binit                           
abs   ffffffff  etext                           
abs   ffffffff  pinit                           

[243 symbols]
