******************************************************************************
             TMS320C2000 Linker PC v18.1.4                     
******************************************************************************
>> Linked Wed Mar 17 21:00:12 2021

OUTPUT FILE NAME:   <ELEX7890_CAPSTONE_NIBSMD.out>
ENTRY POINT SYMBOL: "_c_int00"  address: 003f662f


MEMORY CONFIGURATION

         name            origin    length      used     unused   attr    fill
----------------------  --------  ---------  --------  --------  ----  --------
PAGE 0:
  PRAML0                00008000   00000800  00000004  000007fc  RWIX
  OTP                   003d7800   00000400  00000000  00000400  RWIX
  FLASHD                003f0000   00002000  00000000  00002000  RWIX
  FLASHC                003f2000   00002000  00000000  00002000  RWIX
  FLASHA                003f6000   00001f80  000009e6  0000159a  RWIX
  CSM_RSVD              003f7f80   00000076  00000000  00000076  RWIX
  BEGIN                 003f7ff6   00000002  00000000  00000002  RWIX
  CSM_PWL_P0            003f7ff8   00000008  00000000  00000008  RWIX
  IQTABLES              003fe000   00000b50  00000000  00000b50  RWIX
  IQTABLES2             003feb50   0000008c  00000000  0000008c  RWIX
  IQTABLES3             003febdc   000000aa  00000000  000000aa  RWIX
  ROM                   003ff27c   00000d44  00000000  00000d44  RWIX
  RESET                 003fffc0   00000002  00000000  00000002  RWIX
  VECTORS               003fffc2   0000003e  00000000  0000003e  RWIX

PAGE 1:
  BOOT_RSVD             00000000   00000050  00000000  00000050  RWIX
  RAMM0                 00000050   000003b0  00000300  000000b0  RWIX
  RAMM1                 00000400   00000400  00000000  00000400  RWIX
  DEV_EMU               00000880   00000105  00000004  00000101  RWIX
  SYS_PWR_CTL           00000985   00000003  00000003  00000000  RWIX
  FLASH_REGS            00000a80   00000060  00000008  00000058  RWIX
  CSM                   00000ae0   00000010  00000010  00000000  RWIX
  ADC_RESULT            00000b00   00000020  00000020  00000000  RWIX
  CPU_TIMER0            00000c00   00000008  00000008  00000000  RWIX
  CPU_TIMER1            00000c08   00000008  00000008  00000000  RWIX
  CPU_TIMER2            00000c10   00000008  00000008  00000000  RWIX
  PIE_CTRL              00000ce0   00000020  0000001a  00000006  RWIX
  PIE_VECT              00000d00   00000100  00000100  00000000  RWIX
  COMP1                 00006400   00000020  00000011  0000000f  RWIX
  COMP2                 00006420   00000020  00000011  0000000f  RWIX
  EPWM1                 00006800   00000040  00000040  00000000  RWIX
  EPWM2                 00006840   00000040  00000040  00000000  RWIX
  EPWM3                 00006880   00000040  00000040  00000000  RWIX
  EPWM4                 000068c0   00000040  00000040  00000000  RWIX
  ECAP1                 00006a00   00000020  00000020  00000000  RWIX
  GPIOCTRL              00006f80   00000040  00000040  00000000  RWIX
  GPIODAT               00006fc0   00000020  00000020  00000000  RWIX
  GPIOINT               00006fe0   00000020  0000000a  00000016  RWIX
  SYSTEM                00007010   00000020  0000001f  00000001  RWIX
  SPIA                  00007040   00000010  00000010  00000000  RWIX
  SCIA                  00007050   00000010  00000010  00000000  RWIX
  NMIINTRUPT            00007060   00000010  00000010  00000000  RWIX
  XINTRUPT              00007070   00000010  00000010  00000000  RWIX
  ADC                   00007100   00000080  00000051  0000002f  RWIX
  I2CA                  00007900   00000040  00000022  0000001e  RWIX
  DRAML0                00008800   00000800  00000027  000007d9  RWIX
  PARTID                003d7fff   00000001  00000001  00000000  RWIX
  FLASHB                003f4000   00002000  00000000  00002000  RWIX
  CSM_PWL               003f7ff8   00000008  00000008  00000000  RWIX


SECTION ALLOCATION MAP

 output                                  attributes/
section   page    origin      length       input sections
--------  ----  ----------  ----------   ----------------
.cinit     0    003f69c4    00000022     
                  003f69c4    0000000e     rts2800_ml.lib : exit.c.obj (.cinit)
                  003f69d2    00000008     NAU7802_ADC.obj (.cinit)
                  003f69da    00000005     rts2800_ml.lib : _lock.c.obj (.cinit:__lock)
                  003f69df    00000005                    : _lock.c.obj (.cinit:__unlock)
                  003f69e4    00000002     --HOLE-- [fill = 0]

.pinit     0    003f6000    00000000     UNINITIALIZED

ramfuncs   0    003f602c    00000004     RUN ADDR = 00008000
                  003f602c    00000004     driverlib.lib : f2802xx_asmfuncs.obj (ramfuncs)

.stack     1    00000050    00000300     UNINITIALIZED
                  00000050    00000300     --HOLE--

DevEmuRegsFile 
*          1    00000880    00000004     UNINITIALIZED
                  00000880    00000004     driverlib.lib : F2802xX_GlobalVariableDefs.obj (DevEmuRegsFile)

SysPwrCtrlRegsFile 
*          1    00000985    00000003     UNINITIALIZED
                  00000985    00000003     driverlib.lib : F2802xX_GlobalVariableDefs.obj (SysPwrCtrlRegsFile)

FlashRegsFile 
*          1    00000a80    00000008     UNINITIALIZED
                  00000a80    00000008     driverlib.lib : F2802xX_GlobalVariableDefs.obj (FlashRegsFile)

CsmRegsFile 
*          1    00000ae0    00000010     UNINITIALIZED
                  00000ae0    00000010     driverlib.lib : F2802xX_GlobalVariableDefs.obj (CsmRegsFile)

AdcResultFile 
*          1    00000b00    00000020     UNINITIALIZED
                  00000b00    00000020     driverlib.lib : F2802xX_GlobalVariableDefs.obj (AdcResultFile)

CpuTimer0RegsFile 
*          1    00000c00    00000008     UNINITIALIZED
                  00000c00    00000008     driverlib.lib : F2802xX_GlobalVariableDefs.obj (CpuTimer0RegsFile)

CpuTimer1RegsFile 
*          1    00000c08    00000008     UNINITIALIZED
                  00000c08    00000008     driverlib.lib : F2802xX_GlobalVariableDefs.obj (CpuTimer1RegsFile)

CpuTimer2RegsFile 
*          1    00000c10    00000008     UNINITIALIZED
                  00000c10    00000008     driverlib.lib : F2802xX_GlobalVariableDefs.obj (CpuTimer2RegsFile)

PieCtrlRegsFile 
*          1    00000ce0    0000001a     UNINITIALIZED
                  00000ce0    0000001a     driverlib.lib : F2802xX_GlobalVariableDefs.obj (PieCtrlRegsFile)

Comp1RegsFile 
*          1    00006400    00000011     UNINITIALIZED
                  00006400    00000011     driverlib.lib : F2802xX_GlobalVariableDefs.obj (Comp1RegsFile)

Comp2RegsFile 
*          1    00006420    00000011     UNINITIALIZED
                  00006420    00000011     driverlib.lib : F2802xX_GlobalVariableDefs.obj (Comp2RegsFile)

EPwm1RegsFile 
*          1    00006800    00000040     UNINITIALIZED
                  00006800    00000040     driverlib.lib : F2802xX_GlobalVariableDefs.obj (EPwm1RegsFile)

EPwm2RegsFile 
*          1    00006840    00000040     UNINITIALIZED
                  00006840    00000040     driverlib.lib : F2802xX_GlobalVariableDefs.obj (EPwm2RegsFile)

EPwm3RegsFile 
*          1    00006880    00000040     UNINITIALIZED
                  00006880    00000040     driverlib.lib : F2802xX_GlobalVariableDefs.obj (EPwm3RegsFile)

EPwm4RegsFile 
*          1    000068c0    00000040     UNINITIALIZED
                  000068c0    00000040     driverlib.lib : F2802xX_GlobalVariableDefs.obj (EPwm4RegsFile)

.ebss      1    00008800    00000027     UNINITIALIZED
                  00008800    0000000e     ELEX7890_main.obj (.ebss)
                  0000880e    00000008     F28027_I2C_LCD.obj (.ebss)
                  00008816    00000006     NAU7802_ADC.obj (.ebss)
                  0000881c    00000006     rts2800_ml.lib : exit.c.obj (.ebss)
                  00008822    00000002                    : _lock.c.obj (.ebss:__lock)
                  00008824    00000002                    : _lock.c.obj (.ebss:__unlock)
                  00008826    00000001     driverlib.lib : cpu.obj (.ebss)

.econst    0    003f6000    0000002c     
                  003f6000    00000018     ELEX7890_main.obj (.econst:.string)
                  003f6018    00000010     F28027_I2C_LCD.obj (.econst)
                  003f6028    00000004     F28027_I2C_LCD.obj (.econst:_$P$T0$1)

.reset     0    003fffc0    00000002     DSECT
                  003fffc0    00000002     rts2800_ml.lib : boot28.asm.obj (.reset)

vectors    0    003fffc2    00000000     DSECT

PieVectTableFile 
*          1    00000d00    00000100     UNINITIALIZED
                  00000d00    00000100     driverlib.lib : F2802xX_GlobalVariableDefs.obj (PieVectTableFile)

EmuKeyVar 
*          1    00000d00    00000001     UNINITIALIZED
                  00000d00    00000001     driverlib.lib : F2802xX_GlobalVariableDefs.obj (EmuKeyVar)

EmuBModeVar 
*          1    00000d01    00000001     UNINITIALIZED
                  00000d01    00000001     driverlib.lib : F2802xX_GlobalVariableDefs.obj (EmuBModeVar)

FlashCallbackVar 
*          1    00000d02    00000002     UNINITIALIZED
                  00000d02    00000002     driverlib.lib : F2802xX_GlobalVariableDefs.obj (FlashCallbackVar)

FlashScalingVar 
*          1    00000d04    00000002     UNINITIALIZED
                  00000d04    00000002     driverlib.lib : F2802xX_GlobalVariableDefs.obj (FlashScalingVar)

ECap1RegsFile 
*          1    00006a00    00000020     UNINITIALIZED
                  00006a00    00000020     driverlib.lib : F2802xX_GlobalVariableDefs.obj (ECap1RegsFile)

GpioCtrlRegsFile 
*          1    00006f80    00000040     UNINITIALIZED
                  00006f80    00000040     driverlib.lib : F2802xX_GlobalVariableDefs.obj (GpioCtrlRegsFile)

GpioDataRegsFile 
*          1    00006fc0    00000020     UNINITIALIZED
                  00006fc0    00000020     driverlib.lib : F2802xX_GlobalVariableDefs.obj (GpioDataRegsFile)

GpioIntRegsFile 
*          1    00006fe0    0000000a     UNINITIALIZED
                  00006fe0    0000000a     driverlib.lib : F2802xX_GlobalVariableDefs.obj (GpioIntRegsFile)

SysCtrlRegsFile 
*          1    00007010    0000001f     UNINITIALIZED
                  00007010    0000001f     driverlib.lib : F2802xX_GlobalVariableDefs.obj (SysCtrlRegsFile)

SpiaRegsFile 
*          1    00007040    00000010     UNINITIALIZED
                  00007040    00000010     driverlib.lib : F2802xX_GlobalVariableDefs.obj (SpiaRegsFile)

SciaRegsFile 
*          1    00007050    00000010     UNINITIALIZED
                  00007050    00000010     driverlib.lib : F2802xX_GlobalVariableDefs.obj (SciaRegsFile)

NmiIntruptRegsFile 
*          1    00007060    00000010     UNINITIALIZED
                  00007060    00000010     driverlib.lib : F2802xX_GlobalVariableDefs.obj (NmiIntruptRegsFile)

XIntruptRegsFile 
*          1    00007070    00000010     UNINITIALIZED
                  00007070    00000010     driverlib.lib : F2802xX_GlobalVariableDefs.obj (XIntruptRegsFile)

AdcRegsFile 
*          1    00007100    00000051     UNINITIALIZED
                  00007100    00000051     driverlib.lib : F2802xX_GlobalVariableDefs.obj (AdcRegsFile)

I2caRegsFile 
*          1    00007900    00000022     UNINITIALIZED
                  00007900    00000022     driverlib.lib : F2802xX_GlobalVariableDefs.obj (I2caRegsFile)

PartIdRegsFile 
*          1    003d7fff    00000001     UNINITIALIZED
                  003d7fff    00000001     driverlib.lib : F2802xX_GlobalVariableDefs.obj (PartIdRegsFile)

CsmPwlFile 
*          1    003f7ff8    00000008     UNINITIALIZED
                  003f7ff8    00000008     driverlib.lib : F2802xX_GlobalVariableDefs.obj (CsmPwlFile)

.text      0    003f6030    00000994     
                  003f6030    000001fc     F28027_I2C_LCD.obj (.text)
                  003f622c    000000d2     NAU7802_ADC.obj (.text)
                  003f62fe    000000aa     ELEX7890_main.obj (.text)
                  003f63a8    0000009c     rts2800_ml.lib : fd_add28.asm.obj (.text)
                  003f6444    0000008b                    : fd_div28.asm.obj (.text)
                  003f64cf    00000083                    : fd_mpy28.asm.obj (.text)
                  003f6552    00000083                    : fs_div28.asm.obj (.text)
                  003f65d5    0000005a                    : fs_mpy28.asm.obj (.text)
                  003f662f    00000054                    : boot28.asm.obj (.text)
                  003f6683    00000048     driverlib.lib : gpio.obj (.text:_GPIO_setMode)
                  003f66cb    00000029                   : gpio.obj (.text:_GPIO_setPullUp)
                  003f66f4    00000029     rts2800_ml.lib : exit.c.obj (.text)
                  003f671d    00000027     driverlib.lib : gpio.obj (.text:_GPIO_setQualification)
                  003f6744    00000024     rts2800_ml.lib : cpy_tbl.c.obj (.text)
                  003f6768    0000001d                    : fs_tou28.asm.obj (.text)
                  003f6785    0000001d                    : memcpy.c.obj (.text)
                  003f67a2    0000001b                    : fd_toul28.asm.obj (.text)
                  003f67bd    00000019                    : args_main.c.obj (.text)
                  003f67d6    00000017                    : u_tofd28.asm.obj (.text)
                  003f67ed    00000015     driverlib.lib : pll.obj (.text:_PLL_setup)
                  003f6802    00000013     rts2800_ml.lib : ul_tofs28.asm.obj (.text)
                  003f6815    00000011     driverlib.lib : pie.obj (.text:_PIE_disableAllInts)
                  003f6826    0000000e     rts2800_ml.lib : fd_sub28.asm.obj (.text)
                  003f6834    0000000a     driverlib.lib : pie.obj (.text:_PIE_init)
                  003f683e    0000000a                   : f2802xx_asmfuncs.obj (.text)
                  003f6848    00000009     rts2800_ml.lib : _lock.c.obj (.text)
                  003f6851    00000008     driverlib.lib : clk.obj (.text:_CLK_init)
                  003f6859    00000008                   : flash.obj (.text:_FLASH_init)
                  003f6861    00000008                   : gpio.obj (.text:_GPIO_init)
                  003f6869    00000008                   : pll.obj (.text:_PLL_init)
                  003f6871    00000008                   : wdog.obj (.text:_WDOG_disable)
                  003f6879    00000008                   : wdog.obj (.text:_WDOG_init)
                  003f6881    00000007                   : clk.obj (.text:_CLK_disableAdcClock)
                  003f6888    00000007                   : clk.obj (.text:_CLK_enableAdcClock)
                  003f688f    00000007                   : clk.obj (.text:_CLK_enableI2cClock)
                  003f6896    00000007                   : clk.obj (.text:_CLK_setOscSrc)
                  003f689d    00000007                   : pll.obj (.text:_PLL_setDivider)
                  003f68a4    00000006                   : pll.obj (.text:_PLL_setMultiplier)
                  003f68aa    00000005                   : f2802xx_defaultisr.obj (.text:_ADCINT1_ISR)
                  003f68af    00000005                   : f2802xx_defaultisr.obj (.text:_ADCINT2_ISR)
                  003f68b4    00000005                   : f2802xx_defaultisr.obj (.text:_ADCINT3_ISR)
                  003f68b9    00000005                   : f2802xx_defaultisr.obj (.text:_ADCINT4_ISR)
                  003f68be    00000005                   : f2802xx_defaultisr.obj (.text:_ADCINT5_ISR)
                  003f68c3    00000005                   : f2802xx_defaultisr.obj (.text:_ADCINT6_ISR)
                  003f68c8    00000005                   : f2802xx_defaultisr.obj (.text:_ADCINT7_ISR)
                  003f68cd    00000005                   : f2802xx_defaultisr.obj (.text:_ADCINT8_ISR)
                  003f68d2    00000005                   : f2802xx_defaultisr.obj (.text:_ADCINT9_ISR)
                  003f68d7    00000005                   : f2802xx_defaultisr.obj (.text:_DATALOG_ISR)
                  003f68dc    00000005                   : f2802xx_defaultisr.obj (.text:_ECAP1_INT_ISR)
                  003f68e1    00000005                   : f2802xx_defaultisr.obj (.text:_EMPTY_ISR)
                  003f68e6    00000005                   : f2802xx_defaultisr.obj (.text:_EMUINT_ISR)
                  003f68eb    00000005                   : f2802xx_defaultisr.obj (.text:_EPWM1_INT_ISR)
                  003f68f0    00000005                   : f2802xx_defaultisr.obj (.text:_EPWM1_TZINT_ISR)
                  003f68f5    00000005                   : f2802xx_defaultisr.obj (.text:_EPWM2_INT_ISR)
                  003f68fa    00000005                   : f2802xx_defaultisr.obj (.text:_EPWM2_TZINT_ISR)
                  003f68ff    00000005                   : f2802xx_defaultisr.obj (.text:_EPWM3_INT_ISR)
                  003f6904    00000005                   : f2802xx_defaultisr.obj (.text:_EPWM3_TZINT_ISR)
                  003f6909    00000005                   : f2802xx_defaultisr.obj (.text:_EPWM4_INT_ISR)
                  003f690e    00000005                   : f2802xx_defaultisr.obj (.text:_EPWM4_TZINT_ISR)
                  003f6913    00000005                   : f2802xx_defaultisr.obj (.text:_I2CINT1A_ISR)
                  003f6918    00000005                   : f2802xx_defaultisr.obj (.text:_I2CINT2A_ISR)
                  003f691d    00000005                   : f2802xx_defaultisr.obj (.text:_ILLEGAL_ISR)
                  003f6922    00000005                   : f2802xx_defaultisr.obj (.text:_INT13_ISR)
                  003f6927    00000005                   : f2802xx_defaultisr.obj (.text:_INT14_ISR)
                  003f692c    00000005                   : f2802xx_defaultisr.obj (.text:_NMI_ISR)
                  003f6931    00000005                   : f2802xx_defaultisr.obj (.text:_PIE_RESERVED)
                  003f6936    00000005                   : pie.obj (.text:_PIE_illegalIsr)
                  003f693b    00000005                   : f2802xx_defaultisr.obj (.text:_RTOSINT_ISR)
                  003f6940    00000005                   : f2802xx_defaultisr.obj (.text:_SCIRXINTA_ISR)
                  003f6945    00000005                   : f2802xx_defaultisr.obj (.text:_SCITXINTA_ISR)
                  003f694a    00000005                   : f2802xx_defaultisr.obj (.text:_SPIRXINTA_ISR)
                  003f694f    00000005                   : f2802xx_defaultisr.obj (.text:_SPITXINTA_ISR)
                  003f6954    00000005                   : f2802xx_defaultisr.obj (.text:_TINT0_ISR)
                  003f6959    00000005                   : f2802xx_defaultisr.obj (.text:_USER10_ISR)
                  003f695e    00000005                   : f2802xx_defaultisr.obj (.text:_USER11_ISR)
                  003f6963    00000005                   : f2802xx_defaultisr.obj (.text:_USER12_ISR)
                  003f6968    00000005                   : f2802xx_defaultisr.obj (.text:_USER1_ISR)
                  003f696d    00000005                   : f2802xx_defaultisr.obj (.text:_USER2_ISR)
                  003f6972    00000005                   : f2802xx_defaultisr.obj (.text:_USER3_ISR)
                  003f6977    00000005                   : f2802xx_defaultisr.obj (.text:_USER4_ISR)
                  003f697c    00000005                   : f2802xx_defaultisr.obj (.text:_USER5_ISR)
                  003f6981    00000005                   : f2802xx_defaultisr.obj (.text:_USER6_ISR)
                  003f6986    00000005                   : f2802xx_defaultisr.obj (.text:_USER7_ISR)
                  003f698b    00000005                   : f2802xx_defaultisr.obj (.text:_USER8_ISR)
                  003f6990    00000005                   : f2802xx_defaultisr.obj (.text:_USER9_ISR)
                  003f6995    00000005                   : f2802xx_defaultisr.obj (.text:_WAKEINT_ISR)
                  003f699a    00000005                   : f2802xx_defaultisr.obj (.text:_XINT1_ISR)
                  003f699f    00000005                   : f2802xx_defaultisr.obj (.text:_XINT2_ISR)
                  003f69a4    00000005                   : f2802xx_defaultisr.obj (.text:_XINT3_ISR)
                  003f69a9    00000005                   : f2802xx_defaultisr.obj (.text:_rsvd_ISR)
                  003f69ae    00000004                   : cpu.obj (.text:_CPU_init)
                  003f69b2    00000003                   : cpu.obj (.text:_CPU_clearIntFlags)
                  003f69b5    00000003                   : cpu.obj (.text:_CPU_disableGlobalInts)
                  003f69b8    00000003                   : pie.obj (.text:_PIE_disable)
                  003f69bb    00000003                   : pll.obj (.text:_PLL_getClkStatus)
                  003f69be    00000003                   : pll.obj (.text:_PLL_getLockStatus)
                  003f69c1    00000002     rts2800_ml.lib : pre_init.c.obj (.text)
                  003f69c3    00000001                    : startup.c.obj (.text)

MODULE SUMMARY

       Module                           code   initialized data   uninitialized data
       ------                           ----   ----------------   ------------------
    .\
       F28027_I2C_LCD.obj               508    20                 8                 
       NAU7802_ADC.obj                  210    8                  6                 
       ELEX7890_main.obj                170    24                 14                
    +--+--------------------------------+------+------------------+--------------------+
       Total:                           888    52                 28                
                                                                                    
    ../driverlib.lib
       F2802xX_GlobalVariableDefs.obj   0      0                  1022              
       f2802xx_defaultisr.obj           255    0                  0                 
       gpio.obj                         160    0                  0                 
       pll.obj                          48     0                  0                 
       clk.obj                          36     0                  0                 
       pie.obj                          35     0                  0                 
       f2802xx_asmfuncs.obj             18     0                  0                 
       wdog.obj                         16     0                  0                 
       cpu.obj                          10     0                  1                 
       flash.obj                        8      0                  0                 
    +--+--------------------------------+------+------------------+--------------------+
       Total:                           586    0                  1023              
                                                                                    
    C:\ti\ccsv8\tools\compiler\ti-cgt-c2000_18.1.4.LTS\lib\rts2800_ml.lib
       fd_add28.asm.obj                 156    0                  0                 
       fd_div28.asm.obj                 139    0                  0                 
       fd_mpy28.asm.obj                 131    0                  0                 
       fs_div28.asm.obj                 131    0                  0                 
       fs_mpy28.asm.obj                 90     0                  0                 
       boot28.asm.obj                   84     0                  0                 
       exit.c.obj                       41     14                 6                 
       cpy_tbl.c.obj                    36     0                  0                 
       fs_tou28.asm.obj                 29     0                  0                 
       memcpy.c.obj                     29     0                  0                 
       fd_toul28.asm.obj                27     0                  0                 
       args_main.c.obj                  25     0                  0                 
       _lock.c.obj                      9      10                 4                 
       u_tofd28.asm.obj                 23     0                  0                 
       ul_tofs28.asm.obj                19     0                  0                 
       fd_sub28.asm.obj                 14     0                  0                 
       pre_init.c.obj                   2      0                  0                 
       startup.c.obj                    1      0                  0                 
    +--+--------------------------------+------+------------------+--------------------+
       Total:                           986    24                 10                
                                                                                    
       Stack:                           0      0                  768               
    +--+--------------------------------+------+------------------+--------------------+
       Grand Total:                     2460   76                 1829              


GLOBAL DATA SYMBOLS: SORTED BY DATA PAGE

address     data page           name
--------    ----------------    ----
00000050       1 (00000040)     __stack

00000880      22 (00000880)     _DevEmuRegs

00000985      26 (00000980)     _SysPwrCtrlRegs

00000a80      2a (00000a80)     _FlashRegs

00000ae0      2b (00000ac0)     _CsmRegs

00000b00      2c (00000b00)     _AdcResult

00000c00      30 (00000c00)     _CpuTimer0Regs
00000c08      30 (00000c00)     _CpuTimer1Regs
00000c10      30 (00000c00)     _CpuTimer2Regs

00000ce0      33 (00000cc0)     _PieCtrlRegs

00000d00      34 (00000d00)     _EmuKey
00000d00      34 (00000d00)     _PieVectTable
00000d01      34 (00000d00)     _EmuBMode
00000d02      34 (00000d00)     _Flash_CallbackPtr
00000d04      34 (00000d00)     _Flash_CPUScaleFactor

00006400     190 (00006400)     _Comp1Regs
00006420     190 (00006400)     _Comp2Regs

00006800     1a0 (00006800)     _EPwm1Regs

00006840     1a1 (00006840)     _EPwm2Regs

00006880     1a2 (00006880)     _EPwm3Regs

000068c0     1a3 (000068c0)     _EPwm4Regs

00006a00     1a8 (00006a00)     _ECap1Regs

00006f80     1be (00006f80)     _GpioCtrlRegs

00006fc0     1bf (00006fc0)     _GpioDataRegs
00006fe0     1bf (00006fc0)     _GpioIntRegs

00007010     1c0 (00007000)     _SysCtrlRegs

00007040     1c1 (00007040)     _SpiaRegs
00007050     1c1 (00007040)     _SciaRegs
00007060     1c1 (00007040)     _NmiIntruptRegs
00007070     1c1 (00007040)     _XIntruptRegs

00007100     1c4 (00007100)     _AdcRegs

00007900     1e4 (00007900)     _I2caRegs

00008800     220 (00008800)     _myFlash
00008802     220 (00008800)     _myGpio
00008804     220 (00008800)     _myPie
00008806     220 (00008800)     _myPll
00008808     220 (00008800)     _myCpu
0000880a     220 (00008800)     _myClk
0000880c     220 (00008800)     _myWDog
0000880e     220 (00008800)     __rows
0000880f     220 (00008800)     __backlightval
00008810     220 (00008800)     __cols
00008811     220 (00008800)     __displayfunction
00008812     220 (00008800)     __Addr
00008813     220 (00008800)     __displaymode
00008814     220 (00008800)     __displaycontrol
00008815     220 (00008800)     __numlines
00008816     220 (00008800)     _adcStAnaPower
00008817     220 (00008800)     _adcStDigPower
00008818     220 (00008800)     _bytesSent
00008819     220 (00008800)     _adcStCycleReady
0000881a     220 (00008800)     _adcStPwrUpReady
0000881b     220 (00008800)     _bytesReceived
0000881c     220 (00008800)     ___TI_enable_exit_profile_output
0000881e     220 (00008800)     ___TI_cleanup_ptr
00008820     220 (00008800)     ___TI_dtors_ptr
00008822     220 (00008800)     __lock
00008824     220 (00008800)     __unlock
00008826     220 (00008800)     _cpu

003d7fff    f5ff (003d7fc0)     _PartIdRegs

003f7ff8    fdff (003f7fc0)     _CsmPwl


GLOBAL SYMBOLS: SORTED ALPHABETICALLY BY Name 

page  address   name                            
----  -------   ----                            
abs   ffffffff  .text                           
0     003f66f4  C$$EXIT                         
0     003f63a8  FD$$ADD                         
0     003f6444  FD$$DIV                         
0     003f64cf  FD$$MPY                         
0     003f6826  FD$$SUB                         
0     003f67a2  FD$$TOUL                        
0     003f6552  FS$$DIV                         
0     003f65d5  FS$$MPY                         
0     003f6768  FS$$TOU                         
0     003f67d6  U$$TOFD                         
0     003f6802  UL$$TOFS                        
0     003f68aa  _ADCINT1_ISR                    
0     003f68af  _ADCINT2_ISR                    
0     003f68b4  _ADCINT3_ISR                    
0     003f68b9  _ADCINT4_ISR                    
0     003f68be  _ADCINT5_ISR                    
0     003f68c3  _ADCINT6_ISR                    
0     003f68c8  _ADCINT7_ISR                    
0     003f68cd  _ADCINT8_ISR                    
0     003f68d2  _ADCINT9_ISR                    
0     003f6247  _AdcGetStatus                   
0     003f6264  _AdcInitConversion              
0     003f622c  _AdcPowerOnSequence             
0     003f62c0  _AdcRead                        
1     00007100  _AdcRegs                        
1     00000b00  _AdcResult                      
0     003f629e  _AdcWrite                       
0     003f6881  _CLK_disableAdcClock            
0     003f6888  _CLK_enableAdcClock             
0     003f688f  _CLK_enableI2cClock             
0     003f6851  _CLK_init                       
0     003f6896  _CLK_setOscSrc                  
0     003f69b2  _CPU_clearIntFlags              
0     003f69b5  _CPU_disableGlobalInts          
0     003f69ae  _CPU_init                       
1     00006400  _Comp1Regs                      
1     00006420  _Comp2Regs                      
0     003f62e9  _ConfigI2C                      
0     003f62f1  _ConfigI2cClock                 
1     00000c00  _CpuTimer0Regs                  
1     00000c08  _CpuTimer1Regs                  
1     00000c10  _CpuTimer2Regs                  
1     003f7ff8  _CsmPwl                         
1     00000ae0  _CsmRegs                        
0     003f68d7  _DATALOG_ISR                    
0     003f6030  _DELAY_MS                       
0     003f6841  _DSP28x_DisableInt              
0     003f6845  _DSP28x_RestoreInt              
0     00008000  _DSP28x_usDelay                 
1     00000880  _DevEmuRegs                     
0     003f68dc  _ECAP1_INT_ISR                  
1     00006a00  _ECap1Regs                      
0     003f68e1  _EMPTY_ISR                      
0     003f68e6  _EMUINT_ISR                     
0     003f68eb  _EPWM1_INT_ISR                  
0     003f68f0  _EPWM1_TZINT_ISR                
0     003f68f5  _EPWM2_INT_ISR                  
0     003f68fa  _EPWM2_TZINT_ISR                
0     003f68ff  _EPWM3_INT_ISR                  
0     003f6904  _EPWM3_TZINT_ISR                
0     003f6909  _EPWM4_INT_ISR                  
0     003f690e  _EPWM4_TZINT_ISR                
1     00006800  _EPwm1Regs                      
1     00006840  _EPwm2Regs                      
1     00006880  _EPwm3Regs                      
1     000068c0  _EPwm4Regs                      
1     00000d01  _EmuBMode                       
1     00000d00  _EmuKey                         
0     003f6859  _FLASH_init                     
1     00000a80  _FlashRegs                      
1     00000d04  _Flash_CPUScaleFactor           
1     00000d02  _Flash_CallbackPtr              
0     003f6861  _GPIO_init                      
0     003f6683  _GPIO_setMode                   
0     003f66cb  _GPIO_setPullUp                 
0     003f671d  _GPIO_setQualification          
1     00006f80  _GpioCtrlRegs                   
1     00006fc0  _GpioDataRegs                   
1     00006fe0  _GpioIntRegs                    
0     003f6913  _I2CINT1A_ISR                   
0     003f6918  _I2CINT2A_ISR                   
1     00007900  _I2caRegs                       
0     003f691d  _ILLEGAL_ISR                    
0     003f6922  _INT13_ISR                      
0     003f6927  _INT14_ISR                      
0     003f6369  _Init_system                    
0     003f692c  _NMI_ISR                        
1     00007060  _NmiIntruptRegs                 
0     003f6931  _PIE_RESERVED                   
0     003f69b8  _PIE_disable                    
0     003f6815  _PIE_disableAllInts             
0     003f6936  _PIE_illegalIsr                 
0     003f6834  _PIE_init                       
0     003f69bb  _PLL_getClkStatus               
0     003f69be  _PLL_getLockStatus              
0     003f6869  _PLL_init                       
0     003f689d  _PLL_setDivider                 
0     003f68a4  _PLL_setMultiplier              
0     003f67ed  _PLL_setup                      
1     003d7fff  _PartIdRegs                     
1     00000ce0  _PieCtrlRegs                    
1     00000d00  _PieVectTable                   
0     003f693b  _RTOSINT_ISR                    
abs   00000004  _RamfuncsLoadSize               
0     003f602c  _RamfuncsLoadStart              
0     00008000  _RamfuncsRunStart               
0     003f6940  _SCIRXINTA_ISR                  
0     003f6945  _SCITXINTA_ISR                  
0     003f694a  _SPIRXINTA_ISR                  
0     003f694f  _SPITXINTA_ISR                  
1     00007050  _SciaRegs                       
0     003f632f  _Setup_handles                  
1     00007040  _SpiaRegs                       
1     00007010  _SysCtrlRegs                    
1     00000985  _SysPwrCtrlRegs                 
0     003f6954  _TINT0_ISR                      
0     003f6959  _USER10_ISR                     
0     003f695e  _USER11_ISR                     
0     003f6963  _USER12_ISR                     
0     003f6968  _USER1_ISR                      
0     003f696d  _USER2_ISR                      
0     003f6972  _USER3_ISR                      
0     003f6977  _USER4_ISR                      
0     003f697c  _USER5_ISR                      
0     003f6981  _USER6_ISR                      
0     003f6986  _USER7_ISR                      
0     003f698b  _USER8_ISR                      
0     003f6990  _USER9_ISR                      
0     003f6995  _WAKEINT_ISR                    
0     003f6871  _WDOG_disable                   
0     003f6879  _WDOG_init                      
0     003f699a  _XINT1_ISR                      
0     003f699f  _XINT2_ISR                      
0     003f69a4  _XINT3_ISR                      
1     00007070  _XIntruptRegs                   
1     00008812  __Addr                          
1     00000350  __STACK_END                     
abs   00000300  __STACK_SIZE                    
1     0000881e  ___TI_cleanup_ptr               
1     00008820  ___TI_dtors_ptr                 
1     0000881c  ___TI_enable_exit_profile_output
abs   ffffffff  ___TI_pprof_out_hndl            
abs   ffffffff  ___TI_prof_data_size            
abs   ffffffff  ___TI_prof_data_start           
abs   ffffffff  ___binit__                      
abs   ffffffff  ___c_args__                     
0     003f69c4  ___cinit__                      
abs   ffffffff  ___etext__                      
abs   ffffffff  ___pinit__                      
abs   ffffffff  ___text__                       
0     003f67bd  __args_main                     
1     0000880f  __backlightval                  
1     00008810  __cols                          
1     00008814  __displaycontrol                
1     00008811  __displayfunction               
1     00008813  __displaymode                   
1     00008822  __lock                          
0     003f6850  __nop                           
1     00008815  __numlines                      
0     003f684c  __register_lock                 
0     003f6848  __register_unlock               
1     0000880e  __rows                          
1     00000050  __stack                         
0     003f69c3  __system_post_cinit             
0     003f69c1  __system_pre_init               
1     00008824  __unlock                        
0     003f66f4  _abort                          
1     00008816  _adcStAnaPower                  
1     00008819  _adcStCycleReady                
1     00008817  _adcStDigPower                  
1     0000881a  _adcStPwrUpReady                
0     003f61fe  _autoscroll                     
0     003f61f6  _backlight                      
0     003f60c0  _begin                          
0     003f61ba  _blink                          
1     0000881b  _bytesReceived                  
1     00008818  _bytesSent                      
0     003f662f  _c_int00                        
0     003f618d  _clear                          
0     003f6116  _command                        
0     003f6744  _copy_in                        
1     00008826  _cpu                            
0     003f61cc  _cursor                         
0     003f61a8  _display                        
0     003f66f6  _exit                           
0     003f6159  _expanderWrite                  
0     003f6196  _home                           
0     003f606c  _init_I2C                       
0     003f607a  _init_LCD                       
0     003f61dd  _leftToRight                    
0     003f62fe  _main                           
0     003f6785  _memcpy                         
1     0000880a  _myClk                          
1     00008808  _myCpu                          
1     00008800  _myFlash                        
1     00008802  _myGpio                         
1     00008804  _myPie                          
1     00008806  _myPll                          
1     0000880c  _myWDog                         
0     003f6207  _noAutoscroll                   
0     003f61ef  _noBacklight                    
0     003f61b1  _noBlink                        
0     003f61c3  _noCursor                       
0     003f619f  _noDisplay                      
0     003f617a  _pulseEnable                    
0     003f61e6  _rightToLeft                    
0     003f69a9  _rsvd_ISR                       
0     003f61d5  _scrollDisplayLeft              
0     003f61d9  _scrollDisplayRight             
0     003f611d  _send                           
0     003f6210  _setCursor                      
0     003f683e  _setDBGIER                      
0     003f6130  _write                          
0     003f6150  _write4bits                     
0     003f6137  _writeNum                       
0     003f6141  _writeStr                       
abs   ffffffff  binit                           
0     003f69c4  cinit                           
abs   ffffffff  etext                           
abs   ffffffff  pinit                           


GLOBAL SYMBOLS: SORTED BY Symbol Address 

page  address   name                            
----  -------   ----                            
0     00008000  _DSP28x_usDelay                 
0     00008000  _RamfuncsRunStart               
0     003f602c  _RamfuncsLoadStart              
0     003f6030  _DELAY_MS                       
0     003f606c  _init_I2C                       
0     003f607a  _init_LCD                       
0     003f60c0  _begin                          
0     003f6116  _command                        
0     003f611d  _send                           
0     003f6130  _write                          
0     003f6137  _writeNum                       
0     003f6141  _writeStr                       
0     003f6150  _write4bits                     
0     003f6159  _expanderWrite                  
0     003f617a  _pulseEnable                    
0     003f618d  _clear                          
0     003f6196  _home                           
0     003f619f  _noDisplay                      
0     003f61a8  _display                        
0     003f61b1  _noBlink                        
0     003f61ba  _blink                          
0     003f61c3  _noCursor                       
0     003f61cc  _cursor                         
0     003f61d5  _scrollDisplayLeft              
0     003f61d9  _scrollDisplayRight             
0     003f61dd  _leftToRight                    
0     003f61e6  _rightToLeft                    
0     003f61ef  _noBacklight                    
0     003f61f6  _backlight                      
0     003f61fe  _autoscroll                     
0     003f6207  _noAutoscroll                   
0     003f6210  _setCursor                      
0     003f622c  _AdcPowerOnSequence             
0     003f6247  _AdcGetStatus                   
0     003f6264  _AdcInitConversion              
0     003f629e  _AdcWrite                       
0     003f62c0  _AdcRead                        
0     003f62e9  _ConfigI2C                      
0     003f62f1  _ConfigI2cClock                 
0     003f62fe  _main                           
0     003f632f  _Setup_handles                  
0     003f6369  _Init_system                    
0     003f63a8  FD$$ADD                         
0     003f6444  FD$$DIV                         
0     003f64cf  FD$$MPY                         
0     003f6552  FS$$DIV                         
0     003f65d5  FS$$MPY                         
0     003f662f  _c_int00                        
0     003f6683  _GPIO_setMode                   
0     003f66cb  _GPIO_setPullUp                 
0     003f66f4  C$$EXIT                         
0     003f66f4  _abort                          
0     003f66f6  _exit                           
0     003f671d  _GPIO_setQualification          
0     003f6744  _copy_in                        
0     003f6768  FS$$TOU                         
0     003f6785  _memcpy                         
0     003f67a2  FD$$TOUL                        
0     003f67bd  __args_main                     
0     003f67d6  U$$TOFD                         
0     003f67ed  _PLL_setup                      
0     003f6802  UL$$TOFS                        
0     003f6815  _PIE_disableAllInts             
0     003f6826  FD$$SUB                         
0     003f6834  _PIE_init                       
0     003f683e  _setDBGIER                      
0     003f6841  _DSP28x_DisableInt              
0     003f6845  _DSP28x_RestoreInt              
0     003f6848  __register_unlock               
0     003f684c  __register_lock                 
0     003f6850  __nop                           
0     003f6851  _CLK_init                       
0     003f6859  _FLASH_init                     
0     003f6861  _GPIO_init                      
0     003f6869  _PLL_init                       
0     003f6871  _WDOG_disable                   
0     003f6879  _WDOG_init                      
0     003f6881  _CLK_disableAdcClock            
0     003f6888  _CLK_enableAdcClock             
0     003f688f  _CLK_enableI2cClock             
0     003f6896  _CLK_setOscSrc                  
0     003f689d  _PLL_setDivider                 
0     003f68a4  _PLL_setMultiplier              
0     003f68aa  _ADCINT1_ISR                    
0     003f68af  _ADCINT2_ISR                    
0     003f68b4  _ADCINT3_ISR                    
0     003f68b9  _ADCINT4_ISR                    
0     003f68be  _ADCINT5_ISR                    
0     003f68c3  _ADCINT6_ISR                    
0     003f68c8  _ADCINT7_ISR                    
0     003f68cd  _ADCINT8_ISR                    
0     003f68d2  _ADCINT9_ISR                    
0     003f68d7  _DATALOG_ISR                    
0     003f68dc  _ECAP1_INT_ISR                  
0     003f68e1  _EMPTY_ISR                      
0     003f68e6  _EMUINT_ISR                     
0     003f68eb  _EPWM1_INT_ISR                  
0     003f68f0  _EPWM1_TZINT_ISR                
0     003f68f5  _EPWM2_INT_ISR                  
0     003f68fa  _EPWM2_TZINT_ISR                
0     003f68ff  _EPWM3_INT_ISR                  
0     003f6904  _EPWM3_TZINT_ISR                
0     003f6909  _EPWM4_INT_ISR                  
0     003f690e  _EPWM4_TZINT_ISR                
0     003f6913  _I2CINT1A_ISR                   
0     003f6918  _I2CINT2A_ISR                   
0     003f691d  _ILLEGAL_ISR                    
0     003f6922  _INT13_ISR                      
0     003f6927  _INT14_ISR                      
0     003f692c  _NMI_ISR                        
0     003f6931  _PIE_RESERVED                   
0     003f6936  _PIE_illegalIsr                 
0     003f693b  _RTOSINT_ISR                    
0     003f6940  _SCIRXINTA_ISR                  
0     003f6945  _SCITXINTA_ISR                  
0     003f694a  _SPIRXINTA_ISR                  
0     003f694f  _SPITXINTA_ISR                  
0     003f6954  _TINT0_ISR                      
0     003f6959  _USER10_ISR                     
0     003f695e  _USER11_ISR                     
0     003f6963  _USER12_ISR                     
0     003f6968  _USER1_ISR                      
0     003f696d  _USER2_ISR                      
0     003f6972  _USER3_ISR                      
0     003f6977  _USER4_ISR                      
0     003f697c  _USER5_ISR                      
0     003f6981  _USER6_ISR                      
0     003f6986  _USER7_ISR                      
0     003f698b  _USER8_ISR                      
0     003f6990  _USER9_ISR                      
0     003f6995  _WAKEINT_ISR                    
0     003f699a  _XINT1_ISR                      
0     003f699f  _XINT2_ISR                      
0     003f69a4  _XINT3_ISR                      
0     003f69a9  _rsvd_ISR                       
0     003f69ae  _CPU_init                       
0     003f69b2  _CPU_clearIntFlags              
0     003f69b5  _CPU_disableGlobalInts          
0     003f69b8  _PIE_disable                    
0     003f69bb  _PLL_getClkStatus               
0     003f69be  _PLL_getLockStatus              
0     003f69c1  __system_pre_init               
0     003f69c3  __system_post_cinit             
0     003f69c4  ___cinit__                      
0     003f69c4  cinit                           
1     00000050  __stack                         
1     00000350  __STACK_END                     
1     00000880  _DevEmuRegs                     
1     00000985  _SysPwrCtrlRegs                 
1     00000a80  _FlashRegs                      
1     00000ae0  _CsmRegs                        
1     00000b00  _AdcResult                      
1     00000c00  _CpuTimer0Regs                  
1     00000c08  _CpuTimer1Regs                  
1     00000c10  _CpuTimer2Regs                  
1     00000ce0  _PieCtrlRegs                    
1     00000d00  _EmuKey                         
1     00000d00  _PieVectTable                   
1     00000d01  _EmuBMode                       
1     00000d02  _Flash_CallbackPtr              
1     00000d04  _Flash_CPUScaleFactor           
1     00006400  _Comp1Regs                      
1     00006420  _Comp2Regs                      
1     00006800  _EPwm1Regs                      
1     00006840  _EPwm2Regs                      
1     00006880  _EPwm3Regs                      
1     000068c0  _EPwm4Regs                      
1     00006a00  _ECap1Regs                      
1     00006f80  _GpioCtrlRegs                   
1     00006fc0  _GpioDataRegs                   
1     00006fe0  _GpioIntRegs                    
1     00007010  _SysCtrlRegs                    
1     00007040  _SpiaRegs                       
1     00007050  _SciaRegs                       
1     00007060  _NmiIntruptRegs                 
1     00007070  _XIntruptRegs                   
1     00007100  _AdcRegs                        
1     00007900  _I2caRegs                       
1     00008800  _myFlash                        
1     00008802  _myGpio                         
1     00008804  _myPie                          
1     00008806  _myPll                          
1     00008808  _myCpu                          
1     0000880a  _myClk                          
1     0000880c  _myWDog                         
1     0000880e  __rows                          
1     0000880f  __backlightval                  
1     00008810  __cols                          
1     00008811  __displayfunction               
1     00008812  __Addr                          
1     00008813  __displaymode                   
1     00008814  __displaycontrol                
1     00008815  __numlines                      
1     00008816  _adcStAnaPower                  
1     00008817  _adcStDigPower                  
1     00008818  _bytesSent                      
1     00008819  _adcStCycleReady                
1     0000881a  _adcStPwrUpReady                
1     0000881b  _bytesReceived                  
1     0000881c  ___TI_enable_exit_profile_output
1     0000881e  ___TI_cleanup_ptr               
1     00008820  ___TI_dtors_ptr                 
1     00008822  __lock                          
1     00008824  __unlock                        
1     00008826  _cpu                            
1     003d7fff  _PartIdRegs                     
1     003f7ff8  _CsmPwl                         
abs   00000004  _RamfuncsLoadSize               
abs   00000300  __STACK_SIZE                    
abs   ffffffff  .text                           
abs   ffffffff  ___TI_pprof_out_hndl            
abs   ffffffff  ___TI_prof_data_size            
abs   ffffffff  ___TI_prof_data_start           
abs   ffffffff  ___binit__                      
abs   ffffffff  ___c_args__                     
abs   ffffffff  ___etext__                      
abs   ffffffff  ___pinit__                      
abs   ffffffff  ___text__                       
abs   ffffffff  binit                           
abs   ffffffff  etext                           
abs   ffffffff  pinit                           

[221 symbols]
